Archive member included because of file (symbol)

C:\Users\techn\AppData\Local\arduino\cores\d619366060da8adf808eb65ec74be382\core.a(HardwareSerial.cpp.o)
                              C:\Users\techn\AppData\Local\arduino\sketches\CB9497E223C50ACF5AFA552E9B071602\sketch\SerialArduino.cpp.o (HardwareSerial::read())
C:\Users\techn\AppData\Local\arduino\cores\d619366060da8adf808eb65ec74be382\core.a(Print.cpp.o)
                              C:\Users\techn\AppData\Local\arduino\cores\d619366060da8adf808eb65ec74be382\core.a(HardwareSerial.cpp.o) (Print::write(void const*, unsigned long))
C:\Users\techn\AppData\Local\arduino\cores\d619366060da8adf808eb65ec74be382\core.a(cxxabi-compat.cpp.o)
                              C:\Users\techn\AppData\Local\arduino\cores\d619366060da8adf808eb65ec74be382\core.a(HardwareSerial.cpp.o) (__cxa_pure_virtual)
C:\Users\techn\AppData\Local\arduino\cores\d619366060da8adf808eb65ec74be382\core.a(ext_interrupts.cpp.o)
                              C:\Users\techn\AppData\Local\arduino\sketches\CB9497E223C50ACF5AFA552E9B071602\sketch\IOArduino.cpp.o (attachInterrupt(unsigned char, void (*)(), ExtIntTriggerMode))
C:\Users\techn\AppData\Local\arduino\cores\d619366060da8adf808eb65ec74be382\core.a(adc.c.o)
                              C:\Users\techn\AppData\Local\arduino\sketches\CB9497E223C50ACF5AFA552E9B071602\core\wirish\boards.cpp.o (adc_set_sample_rate)
C:\Users\techn\AppData\Local\arduino\cores\d619366060da8adf808eb65ec74be382\core.a(adc_f1.c.o)
                              (__irq_adc)
C:\Users\techn\AppData\Local\arduino\cores\d619366060da8adf808eb65ec74be382\core.a(dma_f1.c.o)
                              (__irq_dma1_channel1)
C:\Users\techn\AppData\Local\arduino\cores\d619366060da8adf808eb65ec74be382\core.a(exc.S.o)
                              (__exc_nmi)
C:\Users\techn\AppData\Local\arduino\cores\d619366060da8adf808eb65ec74be382\core.a(exti.c.o)
                              C:\Users\techn\AppData\Local\arduino\cores\d619366060da8adf808eb65ec74be382\core.a(ext_interrupts.cpp.o) (exti_attach_callback)
C:\Users\techn\AppData\Local\arduino\cores\d619366060da8adf808eb65ec74be382\core.a(exti_f1.c.o)
                              C:\Users\techn\AppData\Local\arduino\cores\d619366060da8adf808eb65ec74be382\core.a(exti.c.o) (exti_select)
C:\Users\techn\AppData\Local\arduino\cores\d619366060da8adf808eb65ec74be382\core.a(flash.c.o)
                              C:\Users\techn\AppData\Local\arduino\sketches\CB9497E223C50ACF5AFA552E9B071602\core\wirish\boards.cpp.o (flash_set_latency)
C:\Users\techn\AppData\Local\arduino\cores\d619366060da8adf808eb65ec74be382\core.a(gpio_f1.c.o)
                              C:\Users\techn\AppData\Local\arduino\sketches\CB9497E223C50ACF5AFA552E9B071602\core\wirish\boards_setup.cpp.o (gpio_init_all)
C:\Users\techn\AppData\Local\arduino\cores\d619366060da8adf808eb65ec74be382\core.a(i2c_f1.c.o)
                              (__irq_i2c1_ev)
C:\Users\techn\AppData\Local\arduino\cores\d619366060da8adf808eb65ec74be382\core.a(nvic.c.o)
                              C:\Users\techn\AppData\Local\arduino\cores\d619366060da8adf808eb65ec74be382\core.a(i2c_f1.c.o) (nvic_irq_set_priority)
C:\Users\techn\AppData\Local\arduino\cores\d619366060da8adf808eb65ec74be382\core.a(rcc.c.o)
                              C:\Users\techn\AppData\Local\arduino\sketches\CB9497E223C50ACF5AFA552E9B071602\core\wirish\boards.cpp.o (rcc_switch_sysclk)
C:\Users\techn\AppData\Local\arduino\cores\d619366060da8adf808eb65ec74be382\core.a(rcc_f1.c.o)
                              C:\Users\techn\AppData\Local\arduino\sketches\CB9497E223C50ACF5AFA552E9B071602\core\wirish\boards.cpp.o (rcc_configure_pll)
C:\Users\techn\AppData\Local\arduino\cores\d619366060da8adf808eb65ec74be382\core.a(isrs.S.o)
                              (__stm32reservedexception7)
C:\Users\techn\AppData\Local\arduino\cores\d619366060da8adf808eb65ec74be382\core.a(vector_table.S.o)
                              (__stm32_vector_table)
C:\Users\techn\AppData\Local\arduino\cores\d619366060da8adf808eb65ec74be382\core.a(systick.c.o)
                              C:\Users\techn\AppData\Local\arduino\sketches\CB9497E223C50ACF5AFA552E9B071602\core\wirish\boards.cpp.o (systick_init)
C:\Users\techn\AppData\Local\arduino\cores\d619366060da8adf808eb65ec74be382\core.a(timer.c.o)
                              C:\Users\techn\AppData\Local\arduino\sketches\CB9497E223C50ACF5AFA552E9B071602\core\wirish\boards.cpp.o (timer_foreach)
C:\Users\techn\AppData\Local\arduino\cores\d619366060da8adf808eb65ec74be382\core.a(usart.c.o)
                              C:\Users\techn\AppData\Local\arduino\cores\d619366060da8adf808eb65ec74be382\core.a(HardwareSerial.cpp.o) (usart_init)
C:\Users\techn\AppData\Local\arduino\cores\d619366060da8adf808eb65ec74be382\core.a(usart_f1.c.o)
                              C:\Users\techn\AppData\Local\arduino\cores\d619366060da8adf808eb65ec74be382\core.a(HardwareSerial.cpp.o) (usart_config_gpios_async)
[...]
Memory Configuration

Name             Origin             Length             Attributes
ram              0x20000000         0x00005000         xrw
rom              0x08000000         0x00010000         xr
*default*        0x00000000         0xffffffff

Linker script and memory map

LOAD c:/users/techn/appdata/local/arduino15/packages/arduino/tools/arm-none-eabi-gcc/4.8.3-2014q1/bin/../lib/gcc/arm-none-eabi/4.8.3/armv7-m/crti.o
LOAD c:/users/techn/appdata/local/arduino15/packages/arduino/tools/arm-none-eabi-gcc/4.8.3-2014q1/bin/../lib/gcc/arm-none-eabi/4.8.3/armv7-m/crtbegin.o
LOAD c:/users/techn/appdata/local/arduino15/packages/arduino/tools/arm-none-eabi-gcc/4.8.3-2014q1/bin/../lib/gcc/arm-none-eabi/4.8.3/../../../../arm-none-eabi/lib/armv7-m/crt0.o
LOAD c:/users/techn/appdata/local/arduino15/packages/arduino/tools/arm-none-eabi-gcc/4.8.3-2014q1/bin/../lib/gcc/arm-none-eabi/4.8.3/armv7-m\libgcc.a
START GROUP
LOAD C:\Users\techn\AppData\Local\arduino\sketches\CB9497E223C50ACF5AFA552E9B071602\sketch\ADF7021.cpp.o
LOAD C:\Users\techn\AppData\Local\arduino\sketches\CB9497E223C50ACF5AFA552E9B071602\sketch\BPTC19696.cpp.o
LOAD C:\Users\techn\AppData\Local\arduino\sketches\CB9497E223C50ACF5AFA552E9B071602\sketch\BitRB.cpp.o
LOAD C:\Users\techn\AppData\Local\arduino\sketches\CB9497E223C50ACF5AFA552E9B071602\sketch\CWIdTX.cpp.o
LOAD C:\Users\techn\AppData\Local\arduino\sketches\CB9497E223C50ACF5AFA552E9B071602\sketch\CalDMR.cpp.o
LOAD C:\Users\techn\AppData\Local\arduino\sketches\CB9497E223C50ACF5AFA552E9B071602\sketch\CalRSSI.cpp.o
LOAD C:\Users\techn\AppData\Local\arduino\sketches\CB9497E223C50ACF5AFA552E9B071602\sketch\DMRDMORX.cpp.o
LOAD C:\Users\techn\AppData\Local\arduino\sketches\CB9497E223C50ACF5AFA552E9B071602\sketch\DMRDMOTX.cpp.o
LOAD C:\Users\techn\AppData\Local\arduino\sketches\CB9497E223C50ACF5AFA552E9B071602\sketch\DMRIdleRX.cpp.o
LOAD C:\Users\techn\AppData\Local\arduino\sketches\CB9497E223C50ACF5AFA552E9B071602\sketch\DMRLC.cpp.o
LOAD C:\Users\techn\AppData\Local\arduino\sketches\CB9497E223C50ACF5AFA552E9B071602\sketch\DMRRX.cpp.o
LOAD C:\Users\techn\AppData\Local\arduino\sketches\CB9497E223C50ACF5AFA552E9B071602\sketch\DMRSlotRX.cpp.o
LOAD C:\Users\techn\AppData\Local\arduino\sketches\CB9497E223C50ACF5AFA552E9B071602\sketch\DMRSlotType.cpp.o
LOAD C:\Users\techn\AppData\Local\arduino\sketches\CB9497E223C50ACF5AFA552E9B071602\sketch\DMRTX.cpp.o
LOAD C:\Users\techn\AppData\Local\arduino\sketches\CB9497E223C50ACF5AFA552E9B071602\sketch\I2CHost.cpp.o
LOAD C:\Users\techn\AppData\Local\arduino\sketches\CB9497E223C50ACF5AFA552E9B071602\sketch\IO.cpp.o
LOAD C:\Users\techn\AppData\Local\arduino\sketches\CB9497E223C50ACF5AFA552E9B071602\sketch\IOArduino.cpp.o
LOAD C:\Users\techn\AppData\Local\arduino\sketches\CB9497E223C50ACF5AFA552E9B071602\sketch\M17RX.cpp.o
LOAD C:\Users\techn\AppData\Local\arduino\sketches\CB9497E223C50ACF5AFA552E9B071602\sketch\M17TX.cpp.o
LOAD C:\Users\techn\AppData\Local\arduino\sketches\CB9497E223C50ACF5AFA552E9B071602\sketch\MMDVM_DUAL_HT_MOD.ino.cpp.o
LOAD C:\Users\techn\AppData\Local\arduino\sketches\CB9497E223C50ACF5AFA552E9B071602\sketch\MMDVM_HS.cpp.o
LOAD C:\Users\techn\AppData\Local\arduino\sketches\CB9497E223C50ACF5AFA552E9B071602\sketch\RS129.cpp.o
LOAD C:\Users\techn\AppData\Local\arduino\sketches\CB9497E223C50ACF5AFA552E9B071602\sketch\SerialArduino.cpp.o
LOAD C:\Users\techn\AppData\Local\arduino\sketches\CB9497E223C50ACF5AFA552E9B071602\sketch\SerialPort.cpp.o
LOAD C:\Users\techn\AppData\Local\arduino\sketches\CB9497E223C50ACF5AFA552E9B071602\sketch\SerialRB.cpp.o
LOAD C:\Users\techn\AppData\Local\arduino\sketches\CB9497E223C50ACF5AFA552E9B071602\sketch\Utils.cpp.o
LOAD C:\Users\techn\AppData\Local\arduino\sketches\CB9497E223C50ACF5AFA552E9B071602\core\board.cpp.o
LOAD C:\Users\techn\AppData\Local\arduino\sketches\CB9497E223C50ACF5AFA552E9B071602\core\wirish\boards.cpp.o
LOAD C:\Users\techn\AppData\Local\arduino\sketches\CB9497E223C50ACF5AFA552E9B071602\core\wirish\boards_setup.cpp.o
LOAD C:\Users\techn\AppData\Local\arduino\sketches\CB9497E223C50ACF5AFA552E9B071602\core\wirish\start.S.o
LOAD C:\Users\techn\AppData\Local\arduino\sketches\CB9497E223C50ACF5AFA552E9B071602\core\wirish\start_c.c.o
LOAD C:\Users\techn\AppData\Local\arduino\sketches\CB9497E223C50ACF5AFA552E9B071602\core\wirish\syscalls.c.o
LOAD C:\Users\techn\AppData\Local\arduino\cores\d619366060da8adf808eb65ec74be382\core.a
END GROUP
LOAD c:/users/techn/appdata/local/arduino15/packages/arduino/tools/arm-none-eabi-gcc/4.8.3-2014q1/bin/../lib/gcc/arm-none-eabi/4.8.3/../../../../arm-none-eabi/lib/armv7-m\libstdc++_s.a
LOAD c:/users/techn/appdata/local/arduino15/packages/arduino/tools/arm-none-eabi-gcc/4.8.3-2014q1/bin/../lib/gcc/arm-none-eabi/4.8.3/../../../../arm-none-eabi/lib/armv7-m\libm.a
START GROUP
LOAD c:/users/techn/appdata/local/arduino15/packages/arduino/tools/arm-none-eabi-gcc/4.8.3-2014q1/bin/../lib/gcc/arm-none-eabi/4.8.3/armv7-m\libgcc.a
LOAD c:/users/techn/appdata/local/arduino15/packages/arduino/tools/arm-none-eabi-gcc/4.8.3-2014q1/bin/../lib/gcc/arm-none-eabi/4.8.3/../../../../arm-none-eabi/lib/armv7-m\libc_s.a
END GROUP
START GROUP
LOAD c:/users/techn/appdata/local/arduino15/packages/arduino/tools/arm-none-eabi-gcc/4.8.3-2014q1/bin/../lib/gcc/arm-none-eabi/4.8.3/armv7-m\libgcc.a
LOAD c:/users/techn/appdata/local/arduino15/packages/arduino/tools/arm-none-eabi-gcc/4.8.3-2014q1/bin/../lib/gcc/arm-none-eabi/4.8.3/../../../../arm-none-eabi/lib/armv7-m\libc_s.a
END GROUP
LOAD c:/users/techn/appdata/local/arduino15/packages/arduino/tools/arm-none-eabi-gcc/4.8.3-2014q1/bin/../lib/gcc/arm-none-eabi/4.8.3/armv7-m/crtend.o
LOAD c:/users/techn/appdata/local/arduino15/packages/arduino/tools/arm-none-eabi-gcc/4.8.3-2014q1/bin/../lib/gcc/arm-none-eabi/4.8.3/armv7-m/crtn.o
START GROUP
LOAD c:/users/techn/appdata/local/arduino15/packages/arduino/tools/arm-none-eabi-gcc/4.8.3-2014q1/bin/../lib/gcc/arm-none-eabi/4.8.3/armv7-m\libgcc.a
LOAD c:/users/techn/appdata/local/arduino15/packages/arduino/tools/arm-none-eabi-gcc/4.8.3-2014q1/bin/../lib/gcc/arm-none-eabi/4.8.3/../../../../arm-none-eabi/lib/armv7-m\libc.a
LOAD c:/users/techn/appdata/local/arduino15/packages/arduino/tools/arm-none-eabi-gcc/4.8.3-2014q1/bin/../lib/gcc/arm-none-eabi/4.8.3/../../../../arm-none-eabi/lib/armv7-m\libm.a
END GROUP
START GROUP
LOAD c:/users/techn/appdata/local/arduino15/packages/arduino/tools/arm-none-eabi-gcc/4.8.3-2014q1/bin/../lib/gcc/arm-none-eabi/4.8.3/../../../../arm-none-eabi/lib/armv7-m\libnosys.a
END GROUP
                0x20005000                PROVIDE (__msp_init, (ORIGIN (ram) + 0x5000))
                0x080051fc                PROVIDE (__exc_reset, __start__)

.text           0x08000000     0x86b8
                0x08000000                __text_start__ = .
 *(.stm32.interrupt_vector)
 .stm32.interrupt_vector
                0x08000000       0xec C:\Users\techn\AppData\Local\arduino\cores\d619366060da8adf808eb65ec74be382\core.a(vector_table.S.o)
                0x08000000                __stm32_vector_table
 *(.text .text.* .gnu.linkonce.t.*)
 .text          0x080000ec       0x54 c:/users/techn/appdata/local/arduino15/packages/arduino/tools/arm-none-eabi-gcc/4.8.3-2014q1/bin/../lib/gcc/arm-none-eabi/4.8.3/armv7-m/crtbegin.o
 .text._ZL25Send_AD7021_control_shiftv
                0x08000140       0x50 C:\Users\techn\AppData\Local\arduino\sketches\CB9497E223C50ACF5AFA552E9B071602\sketch\ADF7021.cpp.o
 .text._ZL28Send_AD7021_control_slePulsev
                0x08000190       0x24 C:\Users\techn\AppData\Local\arduino\sketches\CB9497E223C50ACF5AFA552E9B071602\sketch\ADF7021.cpp.o
 .text._ZL29Send_AD7021_control_sle2Pulsev
                0x080001b4       0x24 C:\Users\techn\AppData\Local\arduino\sketches\CB9497E223C50ACF5AFA552E9B071602\sketch\ADF7021.cpp.o
 .text._Z19Send_AD7021_controlb
                0x080001d8       0x14 C:\Users\techn\AppData\Local\arduino\sketches\CB9497E223C50ACF5AFA552E9B071602\sketch\ADF7021.cpp.o
                0x080001d8                Send_AD7021_control(bool)
 .text._ZN3CIO7ifConf2E11MMDVM_STATE
                0x080001ec      0x254 C:\Users\techn\AppData\Local\arduino\sketches\CB9497E223C50ACF5AFA552E9B071602\sketch\ADF7021.cpp.o
                0x080001ec                CIO::ifConf2(MMDVM_STATE)
 .text._ZN3CIO9interruptEv
                0x08000440      0x160 C:\Users\techn\AppData\Local\arduino\sketches\CB9497E223C50ACF5AFA552E9B071602\sketch\ADF7021.cpp.o
                0x08000440                CIO::interrupt()
 .text._ZN3CIO10interrupt2Ev
                0x080005a0       0x48 C:\Users\techn\AppData\Local\arduino\sketches\CB9497E223C50ACF5AFA552E9B071602\sketch\ADF7021.cpp.o
                0x080005a0                CIO::interrupt2()
 .text._ZN3CIO5setTXEv
                0x080005e8       0x3c C:\Users\techn\AppData\Local\arduino\sketches\CB9497E223C50ACF5AFA552E9B071602\sketch\ADF7021.cpp.o
                0x080005e8                CIO::setTX()
 .text._ZN3CIO5setRXEb
                0x08000624       0x40 C:\Users\techn\AppData\Local\arduino\sketches\CB9497E223C50ACF5AFA552E9B071602\sketch\ADF7021.cpp.o
                0x08000624                CIO::setRX(bool)
 *fill*         0x08000664        0x4 
 .text._ZN3CIO6ifConfE11MMDVM_STATEb
                0x08000668      0x4a0 C:\Users\techn\AppData\Local\arduino\sketches\CB9497E223C50ACF5AFA552E9B071602\sketch\ADF7021.cpp.o
                0x08000668                CIO::ifConf(MMDVM_STATE, bool)
 .text._ZN3CIO8setPowerEh
                0x08000b08        0xc C:\Users\techn\AppData\Local\arduino\sketches\CB9497E223C50ACF5AFA552E9B071602\sketch\ADF7021.cpp.o
                0x08000b08                CIO::setPower(unsigned char)
 .text._ZN3CIO13setDeviationsEhhhhhhhb
                0x08000b14       0x7c C:\Users\techn\AppData\Local\arduino\sketches\CB9497E223C50ACF5AFA552E9B071602\sketch\ADF7021.cpp.o
                0x08000b14                CIO::setDeviations(unsigned char, unsigned char, unsigned char, unsigned char, unsigned char, unsigned char, unsigned char, bool)
 .text._ZN3CIO9updateCalEv
                0x08000b90      0x1a8 C:\Users\techn\AppData\Local\arduino\sketches\CB9497E223C50ACF5AFA552E9B071602\sketch\ADF7021.cpp.o
                0x08000b90                CIO::updateCal()
 .text._ZN3CIO6RXfreqEv
                0x08000d38       0x68 C:\Users\techn\AppData\Local\arduino\sketches\CB9497E223C50ACF5AFA552E9B071602\sketch\ADF7021.cpp.o
                0x08000d38                CIO::RXfreq()
 .text._ZN3CIO6TXfreqEv
                0x08000da0       0x68 C:\Users\techn\AppData\Local\arduino\sketches\CB9497E223C50ACF5AFA552E9B071602\sketch\ADF7021.cpp.o
                0x08000da0                CIO::TXfreq()
 .text._ZN3CIO8devDSTAREv
                0x08000e08       0x48 C:\Users\techn\AppData\Local\arduino\sketches\CB9497E223C50ACF5AFA552E9B071602\sketch\ADF7021.cpp.o
                0x08000e08                CIO::devDSTAR()
 .text._ZN3CIO6devDMREv
                0x08000e50       0x48 C:\Users\techn\AppData\Local\arduino\sketches\CB9497E223C50ACF5AFA552E9B071602\sketch\ADF7021.cpp.o
                0x08000e50                CIO::devDMR()
 .text._ZN3CIO6devYSFEv
                0x08000e98       0x48 C:\Users\techn\AppData\Local\arduino\sketches\CB9497E223C50ACF5AFA552E9B071602\sketch\ADF7021.cpp.o
                0x08000e98                CIO::devYSF()
 .text._ZN3CIO6devP25Ev
                0x08000ee0       0x48 C:\Users\techn\AppData\Local\arduino\sketches\CB9497E223C50ACF5AFA552E9B071602\sketch\ADF7021.cpp.o
                0x08000ee0                CIO::devP25()
 .text._ZN3CIO7devNXDNEv
                0x08000f28       0x48 C:\Users\techn\AppData\Local\arduino\sketches\CB9497E223C50ACF5AFA552E9B071602\sketch\ADF7021.cpp.o
                0x08000f28                CIO::devNXDN()
 .text._ZN3CIO6devM17Ev
                0x08000f70       0x48 C:\Users\techn\AppData\Local\arduino\sketches\CB9497E223C50ACF5AFA552E9B071602\sketch\ADF7021.cpp.o
                0x08000f70                CIO::devM17()
 .text._ZN3CIO9devPOCSAGEv
                0x08000fb8       0x48 C:\Users\techn\AppData\Local\arduino\sketches\CB9497E223C50ACF5AFA552E9B071602\sketch\ADF7021.cpp.o
                0x08000fb8                CIO::devPOCSAG()
 .text._ZN3CIO9printConfEv
                0x08001000       0xe4 C:\Users\techn\AppData\Local\arduino\sketches\CB9497E223C50ACF5AFA552E9B071602\sketch\ADF7021.cpp.o
                0x08001000                CIO::printConf()
 .text._ZN10CBPTC19696C2Ev
                0x080010e4        0x2 C:\Users\techn\AppData\Local\arduino\sketches\CB9497E223C50ACF5AFA552E9B071602\sketch\BPTC19696.cpp.o
                0x080010e4                CBPTC19696::CBPTC19696()
                0x080010e4                CBPTC19696::CBPTC19696()
 *fill*         0x080010e6        0x2 
 .text._ZN10CBPTC1969612deInterleaveEv
                0x080010e8       0x1c C:\Users\techn\AppData\Local\arduino\sketches\CB9497E223C50ACF5AFA552E9B071602\sketch\BPTC19696.cpp.o
                0x080010e8                CBPTC19696::deInterleave()
 .text._ZNK10CBPTC1969611hamming1511EPb
                0x08001104       0x78 C:\Users\techn\AppData\Local\arduino\sketches\CB9497E223C50ACF5AFA552E9B071602\sketch\BPTC19696.cpp.o
                0x08001104                CBPTC19696::hamming1511(bool*) const
 .text._ZNK10CBPTC1969611hamming1503EPb
                0x0800117c      0x142 C:\Users\techn\AppData\Local\arduino\sketches\CB9497E223C50ACF5AFA552E9B071602\sketch\BPTC19696.cpp.o
                0x0800117c                CBPTC19696::hamming1503(bool*) const
 .text._ZN10CBPTC1969610errorCheckEv
                0x080012be       0x78 C:\Users\techn\AppData\Local\arduino\sketches\CB9497E223C50ACF5AFA552E9B071602\sketch\BPTC19696.cpp.o
                0x080012be                CBPTC19696::errorCheck()
 .text._ZNK10CBPTC1969611extractDataEPh
                0x08001336       0x5c C:\Users\techn\AppData\Local\arduino\sketches\CB9497E223C50ACF5AFA552E9B071602\sketch\BPTC19696.cpp.o
                0x08001336                CBPTC19696::extractData(unsigned char*) const
 .text._ZN10CBPTC196966decodeEPKhPh
                0x08001392       0x3a C:\Users\techn\AppData\Local\arduino\sketches\CB9497E223C50ACF5AFA552E9B071602\sketch\BPTC19696.cpp.o
                0x08001392                CBPTC19696::decode(unsigned char const*, unsigned char*)
 .text._ZN6CBitRBC2Et
                0x080013cc       0x2a C:\Users\techn\AppData\Local\arduino\sketches\CB9497E223C50ACF5AFA552E9B071602\sketch\BitRB.cpp.o
                0x080013cc                CBitRB::CBitRB(unsigned short)
                0x080013cc                CBitRB::CBitRB(unsigned short)
 .text._ZNK6CBitRB8getSpaceEv
                0x080013f6       0x44 C:\Users\techn\AppData\Local\arduino\sketches\CB9497E223C50ACF5AFA552E9B071602\sketch\BitRB.cpp.o
                0x080013f6                CBitRB::getSpace() const
 .text._ZNK6CBitRB7getDataEv
                0x0800143a       0x40 C:\Users\techn\AppData\Local\arduino\sketches\CB9497E223C50ACF5AFA552E9B071602\sketch\BitRB.cpp.o
                0x0800143a                CBitRB::getData() const
 *fill*         0x0800147a        0x2 
 .text._ZN6CBitRB3putEhh
                0x0800147c       0xa8 C:\Users\techn\AppData\Local\arduino\sketches\CB9497E223C50ACF5AFA552E9B071602\sketch\BitRB.cpp.o
                0x0800147c                CBitRB::put(unsigned char, unsigned char)
 .text._ZN6CBitRB3getERhS0_
                0x08001524       0x7c C:\Users\techn\AppData\Local\arduino\sketches\CB9497E223C50ACF5AFA552E9B071602\sketch\BitRB.cpp.o
                0x08001524                CBitRB::get(unsigned char&, unsigned char&)
 .text._ZN6CBitRB13hasOverflowedEv
                0x080015a0        0xa C:\Users\techn\AppData\Local\arduino\sketches\CB9497E223C50ACF5AFA552E9B071602\sketch\BitRB.cpp.o
                0x080015a0                CBitRB::hasOverflowed()
 .text._ZN7CCWIdTXC2Ev
                0x080015aa       0x1c C:\Users\techn\AppData\Local\arduino\sketches\CB9497E223C50ACF5AFA552E9B071602\sketch\CWIdTX.cpp.o
                0x080015aa                CCWIdTX::CCWIdTX()
                0x080015aa                CCWIdTX::CCWIdTX()
 *fill*         0x080015c6        0x2 
 .text._ZN7CCWIdTX7processEv
                0x080015c8       0x8c C:\Users\techn\AppData\Local\arduino\sketches\CB9497E223C50ACF5AFA552E9B071602\sketch\CWIdTX.cpp.o
                0x080015c8                CCWIdTX::process()
 .text._ZN7CCWIdTX5writeEPKhh
                0x08001654       0xe4 C:\Users\techn\AppData\Local\arduino\sketches\CB9497E223C50ACF5AFA552E9B071602\sketch\CWIdTX.cpp.o
                0x08001654                CCWIdTX::write(unsigned char const*, unsigned char)
 .text._ZN7CCWIdTX5resetEv
                0x08001738       0x10 C:\Users\techn\AppData\Local\arduino\sketches\CB9497E223C50ACF5AFA552E9B071602\sketch\CWIdTX.cpp.o
                0x08001738                CCWIdTX::reset()
 .text._ZN7CCalDMRC2Ev
                0x08001748       0x38 C:\Users\techn\AppData\Local\arduino\sketches\CB9497E223C50ACF5AFA552E9B071602\sketch\CalDMR.cpp.o
                0x08001748                CCalDMR::CCalDMR()
                0x08001748                CCalDMR::CCalDMR()
 .text._ZN7CCalDMR15createDataDMO1kEh
                0x08001780       0x44 C:\Users\techn\AppData\Local\arduino\sketches\CB9497E223C50ACF5AFA552E9B071602\sketch\CalDMR.cpp.o
                0x08001780                CCalDMR::createDataDMO1k(unsigned char)
 .text._ZN7CCalDMR8dmrdmo1kEv
                0x080017c4       0x84 C:\Users\techn\AppData\Local\arduino\sketches\CB9497E223C50ACF5AFA552E9B071602\sketch\CalDMR.cpp.o
                0x080017c4                CCalDMR::dmrdmo1k()
 .text._ZN7CCalDMR7processEv
                0x08001848       0x80 C:\Users\techn\AppData\Local\arduino\sketches\CB9497E223C50ACF5AFA552E9B071602\sketch\CalDMR.cpp.o
                0x08001848                CCalDMR::process()
 .text._ZN7CCalDMR5writeEPKhh
                0x080018c8       0x3c C:\Users\techn\AppData\Local\arduino\sketches\CB9497E223C50ACF5AFA552E9B071602\sketch\CalDMR.cpp.o
                0x080018c8                CCalDMR::write(unsigned char const*, unsigned char)
 .text._ZN9CDMRDMORXC2Ev
                0x08001904       0x44 C:\Users\techn\AppData\Local\arduino\sketches\CB9497E223C50ACF5AFA552E9B071602\sketch\DMRDMORX.cpp.o
                0x08001904                CDMRDMORX::CDMRDMORX()
                0x08001904                CDMRDMORX::CDMRDMORX()
 .text._ZN9CDMRDMORX5resetEv
                0x08001948       0x20 C:\Users\techn\AppData\Local\arduino\sketches\CB9497E223C50ACF5AFA552E9B071602\sketch\DMRDMORX.cpp.o
                0x08001948                CDMRDMORX::reset()
 .text._ZN9CDMRDMORX13correlateSyncEv
                0x08001968      0x110 C:\Users\techn\AppData\Local\arduino\sketches\CB9497E223C50ACF5AFA552E9B071602\sketch\DMRDMORX.cpp.o
                0x08001968                CDMRDMORX::correlateSync()
 .text._ZN9CDMRDMORX11bitsToBytesEthPh
                0x08001a78      0x1d8 C:\Users\techn\AppData\Local\arduino\sketches\CB9497E223C50ACF5AFA552E9B071602\sketch\DMRDMORX.cpp.o
                0x08001a78                CDMRDMORX::bitsToBytes(unsigned short, unsigned char, unsigned char*)
 .text._ZN9CDMRDMORX12setColorCodeEh
                0x08001c50        0x6 C:\Users\techn\AppData\Local\arduino\sketches\CB9497E223C50ACF5AFA552E9B071602\sketch\DMRDMORX.cpp.o
                0x08001c50                CDMRDMORX::setColorCode(unsigned char)
 *fill*         0x08001c56        0x2 
 .text._ZN9CDMRDMORX13writeRSSIDataEPh
                0x08001c58       0x10 C:\Users\techn\AppData\Local\arduino\sketches\CB9497E223C50ACF5AFA552E9B071602\sketch\DMRDMORX.cpp.o
                0x08001c58                CDMRDMORX::writeRSSIData(unsigned char*)
 .text._ZN9CDMRDMORX7databitEb
                0x08001c68      0x2a4 C:\Users\techn\AppData\Local\arduino\sketches\CB9497E223C50ACF5AFA552E9B071602\sketch\DMRDMORX.cpp.o
                0x08001c68                CDMRDMORX::databit(bool)
 .text._ZN9CDMRDMOTXC2Ev
                0x08001f0c       0x36 C:\Users\techn\AppData\Local\arduino\sketches\CB9497E223C50ACF5AFA552E9B071602\sketch\DMRDMOTX.cpp.o
                0x08001f0c                CDMRDMOTX::CDMRDMOTX()
                0x08001f0c                CDMRDMOTX::CDMRDMOTX()
 .text._ZN9CDMRDMOTX9writeDataEPKhh
                0x08001f42       0x32 C:\Users\techn\AppData\Local\arduino\sketches\CB9497E223C50ACF5AFA552E9B071602\sketch\DMRDMOTX.cpp.o
                0x08001f42                CDMRDMOTX::writeData(unsigned char const*, unsigned char)
 .text._ZN9CDMRDMOTX9writeByteEh
                0x08001f74       0x34 C:\Users\techn\AppData\Local\arduino\sketches\CB9497E223C50ACF5AFA552E9B071602\sketch\DMRDMOTX.cpp.o
                0x08001f74                CDMRDMOTX::writeByte(unsigned char)
 .text._ZN9CDMRDMOTX6setCalEb
                0x08001fa8        0x6 C:\Users\techn\AppData\Local\arduino\sketches\CB9497E223C50ACF5AFA552E9B071602\sketch\DMRDMOTX.cpp.o
                0x08001fa8                CDMRDMOTX::setCal(bool)
 *fill*         0x08001fae        0x2 
 .text._ZN9CDMRDMOTX9createCalEv
                0x08001fb0       0x28 C:\Users\techn\AppData\Local\arduino\sketches\CB9497E223C50ACF5AFA552E9B071602\sketch\DMRDMOTX.cpp.o
                0x08001fb0                CDMRDMOTX::createCal()
 .text._ZN9CDMRDMOTX7processEv
                0x08001fd8       0xf8 C:\Users\techn\AppData\Local\arduino\sketches\CB9497E223C50ACF5AFA552E9B071602\sketch\DMRDMOTX.cpp.o
                0x08001fd8                CDMRDMOTX::process()
 .text._ZNK9CDMRDMOTX8getSpaceEv
                0x080020d0       0x10 C:\Users\techn\AppData\Local\arduino\sketches\CB9497E223C50ACF5AFA552E9B071602\sketch\DMRDMOTX.cpp.o
                0x080020d0                CDMRDMOTX::getSpace() const
 .text._ZN9CDMRDMOTX10setTXDelayEh
                0x080020e0       0x10 C:\Users\techn\AppData\Local\arduino\sketches\CB9497E223C50ACF5AFA552E9B071602\sketch\DMRDMOTX.cpp.o
                0x080020e0                CDMRDMOTX::setTXDelay(unsigned char)
 .text._ZN10CDMRIdleRXC2Ev
                0x080020f0       0x24 C:\Users\techn\AppData\Local\arduino\sketches\CB9497E223C50ACF5AFA552E9B071602\sketch\DMRIdleRX.cpp.o
                0x080020f0                CDMRIdleRX::CDMRIdleRX()
                0x080020f0                CDMRIdleRX::CDMRIdleRX()
 .text._ZN10CDMRIdleRX5resetEv
                0x08002114        0xc C:\Users\techn\AppData\Local\arduino\sketches\CB9497E223C50ACF5AFA552E9B071602\sketch\DMRIdleRX.cpp.o
                0x08002114                CDMRIdleRX::reset()
 .text._ZN10CDMRIdleRX12setColorCodeEh
                0x08002120       0x18 C:\Users\techn\AppData\Local\arduino\sketches\CB9497E223C50ACF5AFA552E9B071602\sketch\DMRIdleRX.cpp.o
                0x08002120                CDMRIdleRX::setColorCode(unsigned char)
 .text._ZN6CDMRLC11extractDataEPKhPh
                0x08002138       0x78 C:\Users\techn\AppData\Local\arduino\sketches\CB9497E223C50ACF5AFA552E9B071602\sketch\DMRLC.cpp.o
                0x08002138                CDMRLC::extractData(unsigned char const*, unsigned char*)
 .text._ZN6CDMRLC9applyMaskEPhh
                0x080021b0       0x3c C:\Users\techn\AppData\Local\arduino\sketches\CB9497E223C50ACF5AFA552E9B071602\sketch\DMRLC.cpp.o
                0x080021b0                CDMRLC::applyMask(unsigned char*, unsigned char)
 .text._ZN6CDMRLC6decodeEPKhhP7DMRLC_T
                0x080021ec       0x70 C:\Users\techn\AppData\Local\arduino\sketches\CB9497E223C50ACF5AFA552E9B071602\sketch\DMRLC.cpp.o
                0x080021ec                CDMRLC::decode(unsigned char const*, unsigned char, DMRLC_T*)
 .text._ZN6CDMRRXC2Ev
                0x0800225c       0x12 C:\Users\techn\AppData\Local\arduino\sketches\CB9497E223C50ACF5AFA552E9B071602\sketch\DMRRX.cpp.o
                0x0800225c                CDMRRX::CDMRRX()
                0x0800225c                CDMRRX::CDMRRX()
 *fill*         0x0800226e        0x2 
 .text._ZN6CDMRRX7databitEbh
                0x08002270       0x64 C:\Users\techn\AppData\Local\arduino\sketches\CB9497E223C50ACF5AFA552E9B071602\sketch\DMRRX.cpp.o
                0x08002270                CDMRRX::databit(bool, unsigned char)
 .text._ZN6CDMRRX12setColorCodeEh
                0x080022d4       0x20 C:\Users\techn\AppData\Local\arduino\sketches\CB9497E223C50ACF5AFA552E9B071602\sketch\DMRRX.cpp.o
                0x080022d4                CDMRRX::setColorCode(unsigned char)
 .text._ZN6CDMRRX8setDelayEh
                0x080022f4       0x20 C:\Users\techn\AppData\Local\arduino\sketches\CB9497E223C50ACF5AFA552E9B071602\sketch\DMRRX.cpp.o
                0x080022f4                CDMRRX::setDelay(unsigned char)
 .text._ZN6CDMRRX5resetEv
                0x08002314       0x1c C:\Users\techn\AppData\Local\arduino\sketches\CB9497E223C50ACF5AFA552E9B071602\sketch\DMRRX.cpp.o
                0x08002314                CDMRRX::reset()
 .text._ZN10CDMRSlotRXC2Ev
                0x08002330       0x6a C:\Users\techn\AppData\Local\arduino\sketches\CB9497E223C50ACF5AFA552E9B071602\sketch\DMRSlotRX.cpp.o
                0x08002330                CDMRSlotRX::CDMRSlotRX()
                0x08002330                CDMRSlotRX::CDMRSlotRX()
 .text._ZN10CDMRSlotRX5resetEv
                0x0800239a       0x54 C:\Users\techn\AppData\Local\arduino\sketches\CB9497E223C50ACF5AFA552E9B071602\sketch\DMRSlotRX.cpp.o
                0x0800239a                CDMRSlotRX::reset()
 *fill*         0x080023ee        0x2 
 .text._ZN10CDMRSlotRX13correlateSyncEv
                0x080023f0      0x258 C:\Users\techn\AppData\Local\arduino\sketches\CB9497E223C50ACF5AFA552E9B071602\sketch\DMRSlotRX.cpp.o
                0x080023f0                CDMRSlotRX::correlateSync()
 .text._ZN10CDMRSlotRX11bitsToBytesEthPh
                0x08002648      0x1d4 C:\Users\techn\AppData\Local\arduino\sketches\CB9497E223C50ACF5AFA552E9B071602\sketch\DMRSlotRX.cpp.o
                0x08002648                CDMRSlotRX::bitsToBytes(unsigned short, unsigned char, unsigned char*)
 .text._ZN10CDMRSlotRX12setColorCodeEh
                0x0800281c        0x6 C:\Users\techn\AppData\Local\arduino\sketches\CB9497E223C50ACF5AFA552E9B071602\sketch\DMRSlotRX.cpp.o
                0x0800281c                CDMRSlotRX::setColorCode(unsigned char)
 .text._ZN10CDMRSlotRX8setDelayEh
                0x08002822        0xc C:\Users\techn\AppData\Local\arduino\sketches\CB9497E223C50ACF5AFA552E9B071602\sketch\DMRSlotRX.cpp.o
                0x08002822                CDMRSlotRX::setDelay(unsigned char)
 *fill*         0x0800282e        0x2 
 .text._ZN10CDMRSlotRX13writeRSSIDataEv
                0x08002830       0x5c C:\Users\techn\AppData\Local\arduino\sketches\CB9497E223C50ACF5AFA552E9B071602\sketch\DMRSlotRX.cpp.o
                0x08002830                CDMRSlotRX::writeRSSIData()
 .text._ZN10CDMRSlotRX9procSlot2Ev
                0x0800288c      0x268 C:\Users\techn\AppData\Local\arduino\sketches\CB9497E223C50ACF5AFA552E9B071602\sketch\DMRSlotRX.cpp.o
                0x0800288c                CDMRSlotRX::procSlot2()
 .text._ZN10CDMRSlotRX7databitEb
                0x08002af4       0xf8 C:\Users\techn\AppData\Local\arduino\sketches\CB9497E223C50ACF5AFA552E9B071602\sketch\DMRSlotRX.cpp.o
                0x08002af4                CDMRSlotRX::databit(bool)
 .text._ZN12CDMRSlotTypeC2Ev
                0x08002bec        0x2 C:\Users\techn\AppData\Local\arduino\sketches\CB9497E223C50ACF5AFA552E9B071602\sketch\DMRSlotType.cpp.o
                0x08002bec                CDMRSlotType::CDMRSlotType()
                0x08002bec                CDMRSlotType::CDMRSlotType()
 .text._ZNK12CDMRSlotType10decode2087EPKh
                0x08002bee        0x4 C:\Users\techn\AppData\Local\arduino\sketches\CB9497E223C50ACF5AFA552E9B071602\sketch\DMRSlotType.cpp.o
                0x08002bee                CDMRSlotType::decode2087(unsigned char const*) const
 *fill*         0x08002bf2        0x2 
 .text._ZNK12CDMRSlotType6decodeEPKhRhS2_
                0x08002bf4       0x60 C:\Users\techn\AppData\Local\arduino\sketches\CB9497E223C50ACF5AFA552E9B071602\sketch\DMRSlotType.cpp.o
                0x08002bf4                CDMRSlotType::decode(unsigned char const*, unsigned char&, unsigned char&) const
 .text._ZN6CDMRTXC2Ev
                0x08002c54       0x6e C:\Users\techn\AppData\Local\arduino\sketches\CB9497E223C50ACF5AFA552E9B071602\sketch\DMRTX.cpp.o
                0x08002c54                CDMRTX::CDMRTX()
                0x08002c54                CDMRTX::CDMRTX()
 *fill*         0x08002cc2        0x2 
 .text._ZN6CDMRTX10writeData1EPKhh
                0x08002cc4       0x18 C:\Users\techn\AppData\Local\arduino\sketches\CB9497E223C50ACF5AFA552E9B071602\sketch\DMRTX.cpp.o
                0x08002cc4                CDMRTX::writeData1(unsigned char const*, unsigned char)
 .text._ZN6CDMRTX10writeData2EPKhh
                0x08002cdc       0x50 C:\Users\techn\AppData\Local\arduino\sketches\CB9497E223C50ACF5AFA552E9B071602\sketch\DMRTX.cpp.o
                0x08002cdc                CDMRTX::writeData2(unsigned char const*, unsigned char)
 .text._ZN6CDMRTX12writeShortLCEPKhh
                0x08002d2c       0x18 C:\Users\techn\AppData\Local\arduino\sketches\CB9497E223C50ACF5AFA552E9B071602\sketch\DMRTX.cpp.o
                0x08002d2c                CDMRTX::writeShortLC(unsigned char const*, unsigned char)
 .text._ZN6CDMRTX10writeAbortEPKhh
                0x08002d44       0x34 C:\Users\techn\AppData\Local\arduino\sketches\CB9497E223C50ACF5AFA552E9B071602\sketch\DMRTX.cpp.o
                0x08002d44                CDMRTX::writeAbort(unsigned char const*, unsigned char)
 .text._ZN6CDMRTX5resetEv
                0x08002d78       0x2c C:\Users\techn\AppData\Local\arduino\sketches\CB9497E223C50ACF5AFA552E9B071602\sketch\DMRTX.cpp.o
                0x08002d78                CDMRTX::reset()
 .text._ZNK6CDMRTX9getSpace1Ev
                0x08002da4        0x4 C:\Users\techn\AppData\Local\arduino\sketches\CB9497E223C50ACF5AFA552E9B071602\sketch\DMRTX.cpp.o
                0x08002da4                CDMRTX::getSpace1() const
 .text._ZNK6CDMRTX9getSpace2Ev
                0x08002da8       0x12 C:\Users\techn\AppData\Local\arduino\sketches\CB9497E223C50ACF5AFA552E9B071602\sketch\DMRTX.cpp.o
                0x08002da8                CDMRTX::getSpace2() const
 .text._ZN6CDMRTX12setColorCodeEh
                0x08002dba        0x2 C:\Users\techn\AppData\Local\arduino\sketches\CB9497E223C50ACF5AFA552E9B071602\sketch\DMRTX.cpp.o
                0x08002dba                CDMRTX::setColorCode(unsigned char)
 .text._ZN6CDMRTX13confirmBSSyncEv
                0x08002dbc        0x8 C:\Users\techn\AppData\Local\arduino\sketches\CB9497E223C50ACF5AFA552E9B071602\sketch\DMRTX.cpp.o
                0x08002dbc                CDMRTX::confirmBSSync()
 .text._ZNK6CDMRTX18isWaitingForBSSyncEv
                0x08002dc4        0xc C:\Users\techn\AppData\Local\arduino\sketches\CB9497E223C50ACF5AFA552E9B071602\sketch\DMRTX.cpp.o
                0x08002dc4                CDMRTX::isWaitingForBSSync() const
 .text._ZN6CDMRTX10createDataEhb
                0x08002dd0       0xdc C:\Users\techn\AppData\Local\arduino\sketches\CB9497E223C50ACF5AFA552E9B071602\sketch\DMRTX.cpp.o
                0x08002dd0                CDMRTX::createData(unsigned char, bool)
 .text._ZN6CDMRTX10createCACHEhh
                0x08002eac       0x1a C:\Users\techn\AppData\Local\arduino\sketches\CB9497E223C50ACF5AFA552E9B071602\sketch\DMRTX.cpp.o
                0x08002eac                CDMRTX::createCACH(unsigned char, unsigned char)
 *fill*         0x08002ec6        0x2 
 .text._ZN6CDMRTX9writeByteEhh
                0x08002ec8       0x2c C:\Users\techn\AppData\Local\arduino\sketches\CB9497E223C50ACF5AFA552E9B071602\sketch\DMRTX.cpp.o
                0x08002ec8                CDMRTX::writeByte(unsigned char, unsigned char)
 .text._ZN6CDMRTX7processEv
                0x08002ef4      0x1bc C:\Users\techn\AppData\Local\arduino\sketches\CB9497E223C50ACF5AFA552E9B071602\sketch\DMRTX.cpp.o
                0x08002ef4                CDMRTX::process()
 .text._ZN3CIO8selfTestEv
                0x080030b0       0x6e C:\Users\techn\AppData\Local\arduino\sketches\CB9497E223C50ACF5AFA552E9B071602\sketch\IO.cpp.o
                0x080030b0                CIO::selfTest()
 *fill*         0x0800311e        0x2 
 .text._ZN3CIOC2Ev
                0x08003120       0xcc C:\Users\techn\AppData\Local\arduino\sketches\CB9497E223C50ACF5AFA552E9B071602\sketch\IO.cpp.o
                0x08003120                CIO::CIO()
                0x08003120                CIO::CIO()
 .text._ZN3CIO5writeEPhtPKh
                0x080031ec       0x48 C:\Users\techn\AppData\Local\arduino\sketches\CB9497E223C50ACF5AFA552E9B071602\sketch\IO.cpp.o
                0x080031ec                CIO::write(unsigned char*, unsigned short, unsigned char const*)
 .text._ZNK3CIO8getSpaceEv
                0x08003234        0x6 C:\Users\techn\AppData\Local\arduino\sketches\CB9497E223C50ACF5AFA552E9B071602\sketch\IO.cpp.o
                0x08003234                CIO::getSpace() const
 .text._ZN3CIO13hasTXOverflowEv
                0x0800323a        0x6 C:\Users\techn\AppData\Local\arduino\sketches\CB9497E223C50ACF5AFA552E9B071602\sketch\IO.cpp.o
                0x0800323a                CIO::hasTXOverflow()
 .text._ZN3CIO13hasRXOverflowEv
                0x08003240        0x6 C:\Users\techn\AppData\Local\arduino\sketches\CB9497E223C50ACF5AFA552E9B071602\sketch\IO.cpp.o
                0x08003240                CIO::hasRXOverflow()
 *fill*         0x08003246        0x2 
 .text._ZN3CIO7setFreqEmmhm
                0x08003248       0x80 C:\Users\techn\AppData\Local\arduino\sketches\CB9497E223C50ACF5AFA552E9B071602\sketch\IO.cpp.o
                0x08003248                CIO::setFreq(unsigned long, unsigned long, unsigned char, unsigned long)
 .text._ZN3CIO7setModeE11MMDVM_STATE
                0x080032c8       0x6a C:\Users\techn\AppData\Local\arduino\sketches\CB9497E223C50ACF5AFA552E9B071602\sketch\IO.cpp.o
                0x080032c8                CIO::setMode(MMDVM_STATE)
 *fill*         0x08003332        0x2 
 .text._ZN3CIO7processEv
                0x08003334      0x198 C:\Users\techn\AppData\Local\arduino\sketches\CB9497E223C50ACF5AFA552E9B071602\sketch\IO.cpp.o
                0x08003334                CIO::process()
 .text._ZN3CIO5startEv
                0x080034cc       0xd0 C:\Users\techn\AppData\Local\arduino\sketches\CB9497E223C50ACF5AFA552E9B071602\sketch\IO.cpp.o
                0x080034cc                CIO::start()
 .text._ZN3CIO9setDecodeEb
                0x0800359c       0x20 C:\Users\techn\AppData\Local\arduino\sketches\CB9497E223C50ACF5AFA552E9B071602\sketch\IO.cpp.o
                0x0800359c                CIO::setDecode(bool)
 .text._ZN3CIO11setLoDevYSFEb
                0x080035bc        0x6 C:\Users\techn\AppData\Local\arduino\sketches\CB9497E223C50ACF5AFA552E9B071602\sketch\IO.cpp.o
                0x080035bc                CIO::setLoDevYSF(bool)
 .text._ZN3CIO13resetWatchdogEv
                0x080035c2        0x6 C:\Users\techn\AppData\Local\arduino\sketches\CB9497E223C50ACF5AFA552E9B071602\sketch\IO.cpp.o
                0x080035c2                CIO::resetWatchdog()
 .text._ZN3CIO11getWatchdogEv
                0x080035c8        0x4 C:\Users\techn\AppData\Local\arduino\sketches\CB9497E223C50ACF5AFA552E9B071602\sketch\IO.cpp.o
                0x080035c8                CIO::getWatchdog()
 .text._ZN3CIO13getIntCounterERtS0_
                0x080035cc       0x18 C:\Users\techn\AppData\Local\arduino\sketches\CB9497E223C50ACF5AFA552E9B071602\sketch\IO.cpp.o
                0x080035cc                CIO::getIntCounter(unsigned short&, unsigned short&)
 .text.EXT_IRQHandler
                0x080035e4        0xc C:\Users\techn\AppData\Local\arduino\sketches\CB9497E223C50ACF5AFA552E9B071602\sketch\IOArduino.cpp.o
                0x080035e4                EXT_IRQHandler
 .text.EXT_IRQHandler2
                0x080035f0        0xc C:\Users\techn\AppData\Local\arduino\sketches\CB9497E223C50ACF5AFA552E9B071602\sketch\IOArduino.cpp.o
                0x080035f0                EXT_IRQHandler2
 .text._ZN3CIO11delay_IFcalEv
                0x080035fc        0x8 C:\Users\techn\AppData\Local\arduino\sketches\CB9497E223C50ACF5AFA552E9B071602\sketch\IOArduino.cpp.o
                0x080035fc                CIO::delay_IFcal()
 .text._ZN3CIO11delay_resetEv
                0x08003604        0x8 C:\Users\techn\AppData\Local\arduino\sketches\CB9497E223C50ACF5AFA552E9B071602\sketch\IOArduino.cpp.o
                0x08003604                CIO::delay_reset()
 .text._ZN3CIO4InitEv
                0x0800360c       0xc0 C:\Users\techn\AppData\Local\arduino\sketches\CB9497E223C50ACF5AFA552E9B071602\sketch\IOArduino.cpp.o
                0x0800360c                CIO::Init()
 .text._ZN3CIO8startIntEv
                0x080036cc       0x24 C:\Users\techn\AppData\Local\arduino\sketches\CB9497E223C50ACF5AFA552E9B071602\sketch\IOArduino.cpp.o
                0x080036cc                CIO::startInt()
 .text._ZN3CIO12Data_dir_outEb
                0x080036f0        0xe C:\Users\techn\AppData\Local\arduino\sketches\CB9497E223C50ACF5AFA552E9B071602\sketch\IOArduino.cpp.o
                0x080036f0                CIO::Data_dir_out(bool)
 .text._ZN3CIO8SCLK_pinEb
                0x080036fe        0x6 C:\Users\techn\AppData\Local\arduino\sketches\CB9497E223C50ACF5AFA552E9B071602\sketch\IOArduino.cpp.o
                0x080036fe                CIO::SCLK_pin(bool)
 .text._ZN3CIO9SDATA_pinEb
                0x08003704        0x6 C:\Users\techn\AppData\Local\arduino\sketches\CB9497E223C50ACF5AFA552E9B071602\sketch\IOArduino.cpp.o
                0x08003704                CIO::SDATA_pin(bool)
 .text._ZN3CIO7SLE_pinEb
                0x0800370a        0x6 C:\Users\techn\AppData\Local\arduino\sketches\CB9497E223C50ACF5AFA552E9B071602\sketch\IOArduino.cpp.o
                0x0800370a                CIO::SLE_pin(bool)
 .text._ZN3CIO8SLE2_pinEb
                0x08003710        0x6 C:\Users\techn\AppData\Local\arduino\sketches\CB9497E223C50ACF5AFA552E9B071602\sketch\IOArduino.cpp.o
                0x08003710                CIO::SLE2_pin(bool)
 .text._ZN3CIO8RXD2_pinEv
                0x08003716       0x10 C:\Users\techn\AppData\Local\arduino\sketches\CB9497E223C50ACF5AFA552E9B071602\sketch\IOArduino.cpp.o
                0x08003716                CIO::RXD2_pin()
 .text._ZN3CIO8CLK2_pinEv
                0x08003726       0x10 C:\Users\techn\AppData\Local\arduino\sketches\CB9497E223C50ACF5AFA552E9B071602\sketch\IOArduino.cpp.o
                0x08003726                CIO::CLK2_pin()
 .text._ZN3CIO6CE_pinEb
                0x08003736        0x6 C:\Users\techn\AppData\Local\arduino\sketches\CB9497E223C50ACF5AFA552E9B071602\sketch\IOArduino.cpp.o
                0x08003736                CIO::CE_pin(bool)
 .text._ZN3CIO7RXD_pinEv
                0x0800373c       0x10 C:\Users\techn\AppData\Local\arduino\sketches\CB9497E223C50ACF5AFA552E9B071602\sketch\IOArduino.cpp.o
                0x0800373c                CIO::RXD_pin()
 .text._ZN3CIO7CLK_pinEv
                0x0800374c       0x10 C:\Users\techn\AppData\Local\arduino\sketches\CB9497E223C50ACF5AFA552E9B071602\sketch\IOArduino.cpp.o
                0x0800374c                CIO::CLK_pin()
 .text._ZN3CIO13RXD_pin_writeEb
                0x0800375c        0x6 C:\Users\techn\AppData\Local\arduino\sketches\CB9497E223C50ACF5AFA552E9B071602\sketch\IOArduino.cpp.o
                0x0800375c                CIO::RXD_pin_write(bool)
 .text._ZN3CIO7LED_pinEb
                0x08003762        0x6 C:\Users\techn\AppData\Local\arduino\sketches\CB9497E223C50ACF5AFA552E9B071602\sketch\IOArduino.cpp.o
                0x08003762                CIO::LED_pin(bool)
 .text._ZN3CIO7DEB_pinEb
                0x08003768        0x6 C:\Users\techn\AppData\Local\arduino\sketches\CB9497E223C50ACF5AFA552E9B071602\sketch\IOArduino.cpp.o
                0x08003768                CIO::DEB_pin(bool)
 .text._ZN3CIO9DSTAR_pinEb
                0x0800376e        0x6 C:\Users\techn\AppData\Local\arduino\sketches\CB9497E223C50ACF5AFA552E9B071602\sketch\IOArduino.cpp.o
                0x0800376e                CIO::DSTAR_pin(bool)
 .text._ZN3CIO7DMR_pinEb
                0x08003774        0x6 C:\Users\techn\AppData\Local\arduino\sketches\CB9497E223C50ACF5AFA552E9B071602\sketch\IOArduino.cpp.o
                0x08003774                CIO::DMR_pin(bool)
 .text._ZN3CIO7YSF_pinEb
                0x0800377a        0x6 C:\Users\techn\AppData\Local\arduino\sketches\CB9497E223C50ACF5AFA552E9B071602\sketch\IOArduino.cpp.o
                0x0800377a                CIO::YSF_pin(bool)
 .text._ZN3CIO7P25_pinEb
                0x08003780        0x6 C:\Users\techn\AppData\Local\arduino\sketches\CB9497E223C50ACF5AFA552E9B071602\sketch\IOArduino.cpp.o
                0x08003780                CIO::P25_pin(bool)
 .text._ZN3CIO8NXDN_pinEb
                0x08003786        0x6 C:\Users\techn\AppData\Local\arduino\sketches\CB9497E223C50ACF5AFA552E9B071602\sketch\IOArduino.cpp.o
                0x08003786                CIO::NXDN_pin(bool)
 .text._ZN3CIO10POCSAG_pinEb
                0x0800378c        0x6 C:\Users\techn\AppData\Local\arduino\sketches\CB9497E223C50ACF5AFA552E9B071602\sketch\IOArduino.cpp.o
                0x0800378c                CIO::POCSAG_pin(bool)
 .text._ZN3CIO7PTT_pinEb
                0x08003792        0x6 C:\Users\techn\AppData\Local\arduino\sketches\CB9497E223C50ACF5AFA552E9B071602\sketch\IOArduino.cpp.o
                0x08003792                CIO::PTT_pin(bool)
 .text._ZN3CIO7COS_pinEb
                0x08003798        0x6 C:\Users\techn\AppData\Local\arduino\sketches\CB9497E223C50ACF5AFA552E9B071602\sketch\IOArduino.cpp.o
                0x08003798                CIO::COS_pin(bool)
 .text._ZN3CIO8delay_usEm
                0x0800379e        0x6 C:\Users\techn\AppData\Local\arduino\sketches\CB9497E223C50ACF5AFA552E9B071602\sketch\IOArduino.cpp.o
                0x0800379e                CIO::delay_us(unsigned long)
 .text._ZN3CIO6dlybitEv
                0x080037a4        0x8 C:\Users\techn\AppData\Local\arduino\sketches\CB9497E223C50ACF5AFA552E9B071602\sketch\IOArduino.cpp.o
                0x080037a4                CIO::dlybit()
 .text._ZN6CM17RXC2Ev
                0x080037ac       0x1c C:\Users\techn\AppData\Local\arduino\sketches\CB9497E223C50ACF5AFA552E9B071602\sketch\M17RX.cpp.o
                0x080037ac                CM17RX::CM17RX()
                0x080037ac                CM17RX::CM17RX()
 .text._ZN6CM17RX5resetEv
                0x080037c8        0xc C:\Users\techn\AppData\Local\arduino\sketches\CB9497E223C50ACF5AFA552E9B071602\sketch\M17RX.cpp.o
                0x080037c8                CM17RX::reset()
 .text._ZN6CM17RX11processNoneEb
                0x080037d4       0x94 C:\Users\techn\AppData\Local\arduino\sketches\CB9497E223C50ACF5AFA552E9B071602\sketch\M17RX.cpp.o
                0x080037d4                CM17RX::processNone(bool)
 .text._ZN6CM17RX18writeRSSILinkSetupEPh
                0x08003868        0xc C:\Users\techn\AppData\Local\arduino\sketches\CB9497E223C50ACF5AFA552E9B071602\sketch\M17RX.cpp.o
                0x08003868                CM17RX::writeRSSILinkSetup(unsigned char*)
 .text._ZN6CM17RX15writeRSSIStreamEPh
                0x08003874        0xc C:\Users\techn\AppData\Local\arduino\sketches\CB9497E223C50ACF5AFA552E9B071602\sketch\M17RX.cpp.o
                0x08003874                CM17RX::writeRSSIStream(unsigned char*)
 .text._ZN6CM17RX11processDataEb
                0x08003880      0x180 C:\Users\techn\AppData\Local\arduino\sketches\CB9497E223C50ACF5AFA552E9B071602\sketch\M17RX.cpp.o
                0x08003880                CM17RX::processData(bool)
 .text._ZN6CM17RX7databitEb
                0x08003a00       0x10 C:\Users\techn\AppData\Local\arduino\sketches\CB9497E223C50ACF5AFA552E9B071602\sketch\M17RX.cpp.o
                0x08003a00                CM17RX::databit(bool)
 .text._ZN6CM17TXC2Ev
                0x08003a10       0x34 C:\Users\techn\AppData\Local\arduino\sketches\CB9497E223C50ACF5AFA552E9B071602\sketch\M17TX.cpp.o
                0x08003a10                CM17TX::CM17TX()
                0x08003a10                CM17TX::CM17TX()
 .text._ZN6CM17TX9writeDataEPKhh
                0x08003a44       0x32 C:\Users\techn\AppData\Local\arduino\sketches\CB9497E223C50ACF5AFA552E9B071602\sketch\M17TX.cpp.o
                0x08003a44                CM17TX::writeData(unsigned char const*, unsigned char)
 *fill*         0x08003a76        0x2 
 .text._ZN6CM17TX9writeByteEh
                0x08003a78       0x34 C:\Users\techn\AppData\Local\arduino\sketches\CB9497E223C50ACF5AFA552E9B071602\sketch\M17TX.cpp.o
                0x08003a78                CM17TX::writeByte(unsigned char)
 .text._ZN6CM17TX7processEv
                0x08003aac       0xd8 C:\Users\techn\AppData\Local\arduino\sketches\CB9497E223C50ACF5AFA552E9B071602\sketch\M17TX.cpp.o
                0x08003aac                CM17TX::process()
 .text._ZN6CM17TX10setTXDelayEh
                0x08003b84       0x10 C:\Users\techn\AppData\Local\arduino\sketches\CB9497E223C50ACF5AFA552E9B071602\sketch\M17TX.cpp.o
                0x08003b84                CM17TX::setTXDelay(unsigned char)
 .text._ZNK6CM17TX8getSpaceEv
                0x08003b94       0x10 C:\Users\techn\AppData\Local\arduino\sketches\CB9497E223C50ACF5AFA552E9B071602\sketch\M17TX.cpp.o
                0x08003b94                CM17TX::getSpace() const
 .text._Z5setupv
                0x08003ba4        0xc C:\Users\techn\AppData\Local\arduino\sketches\CB9497E223C50ACF5AFA552E9B071602\sketch\MMDVM_DUAL_HT_MOD.ino.cpp.o
                0x08003ba4                setup()
 .text._Z4loopv
                0x08003bb0       0x9c C:\Users\techn\AppData\Local\arduino\sketches\CB9497E223C50ACF5AFA552E9B071602\sketch\MMDVM_DUAL_HT_MOD.ino.cpp.o
                0x08003bb0                loop()
 .text.startup._GLOBAL__sub_I_m_modemState
                0x08003c4c       0x74 C:\Users\techn\AppData\Local\arduino\sketches\CB9497E223C50ACF5AFA552E9B071602\sketch\MMDVM_DUAL_HT_MOD.ino.cpp.o
 .text._ZN6CRS1297gf6MultEhh
                0x08003cc0       0x28 C:\Users\techn\AppData\Local\arduino\sketches\CB9497E223C50ACF5AFA552E9B071602\sketch\RS129.cpp.o
                0x08003cc0                CRS129::gf6Mult(unsigned char, unsigned char)
 .text._ZN6CRS1295checkEPKh
                0x08003ce8       0x86 C:\Users\techn\AppData\Local\arduino\sketches\CB9497E223C50ACF5AFA552E9B071602\sketch\RS129.cpp.o
                0x08003ce8                CRS129::check(unsigned char const*)
 *fill*         0x08003d6e        0x2 
 .text._ZN11CSerialPort8beginIntEhi
                0x08003d70       0x14 C:\Users\techn\AppData\Local\arduino\sketches\CB9497E223C50ACF5AFA552E9B071602\sketch\SerialArduino.cpp.o
                0x08003d70                CSerialPort::beginInt(unsigned char, int)
 .text._ZN11CSerialPort8writeIntEhPKhtb
                0x08003d84       0x18 C:\Users\techn\AppData\Local\arduino\sketches\CB9497E223C50ACF5AFA552E9B071602\sketch\SerialArduino.cpp.o
                0x08003d84                CSerialPort::writeInt(unsigned char, unsigned char const*, unsigned short, bool)
 .text._ZN11CSerialPort12availableIntEh
                0x08003d9c       0x14 C:\Users\techn\AppData\Local\arduino\sketches\CB9497E223C50ACF5AFA552E9B071602\sketch\SerialArduino.cpp.o
                0x08003d9c                CSerialPort::availableInt(unsigned char)
 .text._ZN11CSerialPort7readIntEh
                0x08003db0       0x18 C:\Users\techn\AppData\Local\arduino\sketches\CB9497E223C50ACF5AFA552E9B071602\sketch\SerialArduino.cpp.o
                0x08003db0                CSerialPort::readInt(unsigned char)
 .text._ZN11CSerialPortC2Ev
                0x08003dc8       0x32 C:\Users\techn\AppData\Local\arduino\sketches\CB9497E223C50ACF5AFA552E9B071602\sketch\SerialPort.cpp.o
                0x08003dc8                CSerialPort::CSerialPort()
                0x08003dc8                CSerialPort::CSerialPort()
 .text._ZN11CSerialPort7sendACKEv
                0x08003dfa       0x2c C:\Users\techn\AppData\Local\arduino\sketches\CB9497E223C50ACF5AFA552E9B071602\sketch\SerialPort.cpp.o
                0x08003dfa                CSerialPort::sendACK()
 .text._ZN11CSerialPort7sendNAKEh
                0x08003e26       0x30 C:\Users\techn\AppData\Local\arduino\sketches\CB9497E223C50ACF5AFA552E9B071602\sketch\SerialPort.cpp.o
                0x08003e26                CSerialPort::sendNAK(unsigned char)
 *fill*         0x08003e56        0x2 
 .text._ZN11CSerialPort9getStatusEv
                0x08003e58      0x16c C:\Users\techn\AppData\Local\arduino\sketches\CB9497E223C50ACF5AFA552E9B071602\sketch\SerialPort.cpp.o
                0x08003e58                CSerialPort::getStatus()
 .text._ZN11CSerialPort10getVersionEv
                0x08003fc4       0x44 C:\Users\techn\AppData\Local\arduino\sketches\CB9497E223C50ACF5AFA552E9B071602\sketch\SerialPort.cpp.o
                0x08003fc4                CSerialPort::getVersion()
 .text._ZN11CSerialPort5startEv
                0x08004008        0xa C:\Users\techn\AppData\Local\arduino\sketches\CB9497E223C50ACF5AFA552E9B071602\sketch\SerialPort.cpp.o
                0x08004008                CSerialPort::start()
 *fill*         0x08004012        0x2 
 .text._ZN11CSerialPort12writeDMRLostEb
                0x08004014       0x44 C:\Users\techn\AppData\Local\arduino\sketches\CB9497E223C50ACF5AFA552E9B071602\sketch\SerialPort.cpp.o
                0x08004014                CSerialPort::writeDMRLost(bool)
 .text._ZN11CSerialPort17writeM17LinkSetupEPKhh
                0x08004058       0x5c C:\Users\techn\AppData\Local\arduino\sketches\CB9497E223C50ACF5AFA552E9B071602\sketch\SerialPort.cpp.o
                0x08004058                CSerialPort::writeM17LinkSetup(unsigned char const*, unsigned char)
 .text._ZN11CSerialPort14writeM17StreamEPKhh
                0x080040b4       0x5c C:\Users\techn\AppData\Local\arduino\sketches\CB9497E223C50ACF5AFA552E9B071602\sketch\SerialPort.cpp.o
                0x080040b4                CSerialPort::writeM17Stream(unsigned char const*, unsigned char)
 .text._ZN11CSerialPort11writeM17EOTEv
                0x08004110       0x40 C:\Users\techn\AppData\Local\arduino\sketches\CB9497E223C50ACF5AFA552E9B071602\sketch\SerialPort.cpp.o
                0x08004110                CSerialPort::writeM17EOT()
 .text._ZN11CSerialPort12writeM17LostEv
                0x08004150       0x40 C:\Users\techn\AppData\Local\arduino\sketches\CB9497E223C50ACF5AFA552E9B071602\sketch\SerialPort.cpp.o
                0x08004150                CSerialPort::writeM17Lost()
 .text._ZN11CSerialPort10writeDebugEPKc
                0x08004190       0x40 C:\Users\techn\AppData\Local\arduino\sketches\CB9497E223C50ACF5AFA552E9B071602\sketch\SerialPort.cpp.o
                0x08004190                CSerialPort::writeDebug(char const*)
 .text._ZN11CSerialPort7setModeE11MMDVM_STATE
                0x080041d0       0xec C:\Users\techn\AppData\Local\arduino\sketches\CB9497E223C50ACF5AFA552E9B071602\sketch\SerialPort.cpp.o
                0x080041d0                CSerialPort::setMode(MMDVM_STATE)
 .text._ZN11CSerialPort7setModeEPKhh
                0x080042bc       0xfc C:\Users\techn\AppData\Local\arduino\sketches\CB9497E223C50ACF5AFA552E9B071602\sketch\SerialPort.cpp.o
                0x080042bc                CSerialPort::setMode(unsigned char const*, unsigned char)
 .text._ZN11CSerialPort11writeDebugIEPKcl
                0x080043b8       0x62 C:\Users\techn\AppData\Local\arduino\sketches\CB9497E223C50ACF5AFA552E9B071602\sketch\SerialPort.cpp.o
                0x080043b8                CSerialPort::writeDebugI(char const*, long)
 *fill*         0x0800441a        0x2 
 .text._ZN11CSerialPort9setConfigEPKhh
                0x0800441c      0x3c8 C:\Users\techn\AppData\Local\arduino\sketches\CB9497E223C50ACF5AFA552E9B071602\sketch\SerialPort.cpp.o
                0x0800441c                CSerialPort::setConfig(unsigned char const*, unsigned char)
 .text._ZN11CSerialPort7setFreqEPKhh
                0x080047e4       0xd8 C:\Users\techn\AppData\Local\arduino\sketches\CB9497E223C50ACF5AFA552E9B071602\sketch\SerialPort.cpp.o
                0x080047e4                CSerialPort::setFreq(unsigned char const*, unsigned char)
 .text._ZN11CSerialPort12writeDMRDataEbPKhh
                0x080048bc      0x118 C:\Users\techn\AppData\Local\arduino\sketches\CB9497E223C50ACF5AFA552E9B071602\sketch\SerialPort.cpp.o
                0x080048bc                CSerialPort::writeDMRData(bool, unsigned char const*, unsigned char)
 .text._ZN11CSerialPort10writeDebugEPKcs
                0x080049d4       0x56 C:\Users\techn\AppData\Local\arduino\sketches\CB9497E223C50ACF5AFA552E9B071602\sketch\SerialPort.cpp.o
                0x080049d4                CSerialPort::writeDebug(char const*, short)
 *fill*         0x08004a2a        0x2 
 .text._ZN11CSerialPort7processEv
                0x08004a2c      0x390 C:\Users\techn\AppData\Local\arduino\sketches\CB9497E223C50ACF5AFA552E9B071602\sketch\SerialPort.cpp.o
                0x08004a2c                CSerialPort::process()
 .text._ZN11CSerialPort10writeDebugEPKcss
                0x08004dbc       0x70 C:\Users\techn\AppData\Local\arduino\sketches\CB9497E223C50ACF5AFA552E9B071602\sketch\SerialPort.cpp.o
                0x08004dbc                CSerialPort::writeDebug(char const*, short, short)
 .text._ZN9CSerialRBC2Et
                0x08004e2c       0x1c C:\Users\techn\AppData\Local\arduino\sketches\CB9497E223C50ACF5AFA552E9B071602\sketch\SerialRB.cpp.o
                0x08004e2c                CSerialRB::CSerialRB(unsigned short)
                0x08004e2c                CSerialRB::CSerialRB(unsigned short)
 .text._ZN9CSerialRB5resetEv
                0x08004e48        0xa C:\Users\techn\AppData\Local\arduino\sketches\CB9497E223C50ACF5AFA552E9B071602\sketch\SerialRB.cpp.o
                0x08004e48                CSerialRB::reset()
 .text._ZNK9CSerialRB8getSpaceEv
                0x08004e52       0x44 C:\Users\techn\AppData\Local\arduino\sketches\CB9497E223C50ACF5AFA552E9B071602\sketch\SerialRB.cpp.o
                0x08004e52                CSerialRB::getSpace() const
 .text._ZNK9CSerialRB7getDataEv
                0x08004e96       0x40 C:\Users\techn\AppData\Local\arduino\sketches\CB9497E223C50ACF5AFA552E9B071602\sketch\SerialRB.cpp.o
                0x08004e96                CSerialRB::getData() const
 .text._ZN9CSerialRB3putEh
                0x08004ed6       0x42 C:\Users\techn\AppData\Local\arduino\sketches\CB9497E223C50ACF5AFA552E9B071602\sketch\SerialRB.cpp.o
                0x08004ed6                CSerialRB::put(unsigned char)
 .text._ZN9CSerialRB3getEv
                0x08004f18       0x28 C:\Users\techn\AppData\Local\arduino\sketches\CB9497E223C50ACF5AFA552E9B071602\sketch\SerialRB.cpp.o
                0x08004f18                CSerialRB::get()
 .text._ZL12i2str_helperPhml
                0x08004f40       0x3a C:\Users\techn\AppData\Local\arduino\sketches\CB9497E223C50ACF5AFA552E9B071602\sketch\Utils.cpp.o
 *fill*         0x08004f7a        0x2 
 .text._Z11countBits16t
                0x08004f7c       0x18 C:\Users\techn\AppData\Local\arduino\sketches\CB9497E223C50ACF5AFA552E9B071602\sketch\Utils.cpp.o
                0x08004f7c                countBits16(unsigned short)
 .text._Z11countBits64y
                0x08004f94       0x4c C:\Users\techn\AppData\Local\arduino\sketches\CB9497E223C50ACF5AFA552E9B071602\sketch\Utils.cpp.o
                0x08004f94                countBits64(unsigned long long)
 .text._Z5i2strPhml
                0x08004fe0       0x1e C:\Users\techn\AppData\Local\arduino\sketches\CB9497E223C50ACF5AFA552E9B071602\sketch\Utils.cpp.o
                0x08004fe0                i2str(unsigned char*, unsigned long, long)
 .text._Z9boardInitv
                0x08004ffe        0x2 C:\Users\techn\AppData\Local\arduino\sketches\CB9497E223C50ACF5AFA552E9B071602\core\board.cpp.o
                0x08004ffe                boardInit()
 .text.startup._GLOBAL__sub_I__Z9boardInitv
                0x08005000       0x48 C:\Users\techn\AppData\Local\arduino\sketches\CB9497E223C50ACF5AFA552E9B071602\core\board.cpp.o
 .text._ZL18adc_default_configP7adc_dev
                0x08005048       0x1c C:\Users\techn\AppData\Local\arduino\sketches\CB9497E223C50ACF5AFA552E9B071602\core\wirish\boards.cpp.o
 .text._ZL20timer_default_configP9timer_dev
                0x08005064       0x9e C:\Users\techn\AppData\Local\arduino\sketches\CB9497E223C50ACF5AFA552E9B071602\core\wirish\boards.cpp.o
 *fill*         0x08005102        0x2 
 .text._Z4initv
                0x08005104       0xbc C:\Users\techn\AppData\Local\arduino\sketches\CB9497E223C50ACF5AFA552E9B071602\core\wirish\boards.cpp.o
                0x08005104                init()
 .text._ZN6wirish4priv15board_reset_pllEv
                0x080051c0        0x2 C:\Users\techn\AppData\Local\arduino\sketches\CB9497E223C50ACF5AFA552E9B071602\core\wirish\boards_setup.cpp.o
                0x080051c0                wirish::priv::board_reset_pll()
 .text._ZN6wirish4priv28board_setup_clock_prescalersEv
                0x080051c2       0x2e C:\Users\techn\AppData\Local\arduino\sketches\CB9497E223C50ACF5AFA552E9B071602\core\wirish\boards_setup.cpp.o
                0x080051c2                wirish::priv::board_setup_clock_prescalers()
 .text._ZN6wirish4priv16board_setup_gpioEv
                0x080051f0        0x4 C:\Users\techn\AppData\Local\arduino\sketches\CB9497E223C50ACF5AFA552E9B071602\core\wirish\boards_setup.cpp.o
                0x080051f0                wirish::priv::board_setup_gpio()
 .text._ZN6wirish4priv15board_setup_usbEv
                0x080051f4        0x2 C:\Users\techn\AppData\Local\arduino\sketches\CB9497E223C50ACF5AFA552E9B071602\core\wirish\boards_setup.cpp.o
                0x080051f4                wirish::priv::board_setup_usb()
 .text._ZN6wirish4priv11series_initEv
                0x080051f6        0x4 C:\Users\techn\AppData\Local\arduino\sketches\CB9497E223C50ACF5AFA552E9B071602\core\wirish\boards_setup.cpp.o
                0x080051f6                wirish::priv::series_init()
 *fill*         0x080051fa        0x2 
 .text          0x080051fc       0x10 C:\Users\techn\AppData\Local\arduino\sketches\CB9497E223C50ACF5AFA552E9B071602\core\wirish\start.S.o
                0x080051fc                __start__
 .text.start_c  0x0800520c       0x58 C:\Users\techn\AppData\Local\arduino\sketches\CB9497E223C50ACF5AFA552E9B071602\core\wirish\start_c.c.o
                0x0800520c                start_c
 .text._sbrk    0x08005264       0x44 C:\Users\techn\AppData\Local\arduino\sketches\CB9497E223C50ACF5AFA552E9B071602\core\wirish\syscalls.c.o
                0x08005264                _sbrk
 .text.rb_full_count
                0x080052a8       0x22 C:\Users\techn\AppData\Local\arduino\cores\d619366060da8adf808eb65ec74be382\core.a(HardwareSerial.cpp.o)
 .text._ZN14HardwareSerial4readEv
                0x080052ca       0x3a C:\Users\techn\AppData\Local\arduino\cores\d619366060da8adf808eb65ec74be382\core.a(HardwareSerial.cpp.o)
                0x080052ca                HardwareSerial::read()
 .text._ZN14HardwareSerial9availableEv
                0x08005304        0xc C:\Users\techn\AppData\Local\arduino\cores\d619366060da8adf808eb65ec74be382\core.a(HardwareSerial.cpp.o)
                0x08005304                HardwareSerial::available()
 .text._ZN14HardwareSerial4peekEv
                0x08005310       0x22 C:\Users\techn\AppData\Local\arduino\cores\d619366060da8adf808eb65ec74be382\core.a(HardwareSerial.cpp.o)
                0x08005310                HardwareSerial::peek()
 .text._ZN14HardwareSerial5flushEv
                0x08005332       0x1a C:\Users\techn\AppData\Local\arduino\cores\d619366060da8adf808eb65ec74be382\core.a(HardwareSerial.cpp.o)
                0x08005332                HardwareSerial::flush()
 .text._ZN14HardwareSerial5writeEh
                0x0800534c       0x1e C:\Users\techn\AppData\Local\arduino\cores\d619366060da8adf808eb65ec74be382\core.a(HardwareSerial.cpp.o)
                0x0800534c                HardwareSerial::write(unsigned char)
 *fill*         0x0800536a        0x2 
 .text._ZN14HardwareSerialC2EP9usart_devhh
                0x0800536c       0x1c C:\Users\techn\AppData\Local\arduino\cores\d619366060da8adf808eb65ec74be382\core.a(HardwareSerial.cpp.o)
                0x0800536c                HardwareSerial::HardwareSerial(usart_dev*, unsigned char, unsigned char)
                0x0800536c                HardwareSerial::HardwareSerial(usart_dev*, unsigned char, unsigned char)
 .text._ZN14HardwareSerial5beginEmh
                0x08005388       0x78 C:\Users\techn\AppData\Local\arduino\cores\d619366060da8adf808eb65ec74be382\core.a(HardwareSerial.cpp.o)
                0x08005388                HardwareSerial::begin(unsigned long, unsigned char)
 .text._ZN14HardwareSerial5beginEm
                0x08005400        0x6 C:\Users\techn\AppData\Local\arduino\cores\d619366060da8adf808eb65ec74be382\core.a(HardwareSerial.cpp.o)
                0x08005400                HardwareSerial::begin(unsigned long)
 .text._ZN5Print5writeEPKvm
                0x08005406       0x20 C:\Users\techn\AppData\Local\arduino\cores\d619366060da8adf808eb65ec74be382\core.a(Print.cpp.o)
                0x08005406                Print::write(void const*, unsigned long)
 .text._ZN5Print5writeEPKc
                0x08005426       0x1e C:\Users\techn\AppData\Local\arduino\cores\d619366060da8adf808eb65ec74be382\core.a(Print.cpp.o)
                0x08005426                Print::write(char const*)
 .text._Z15attachInterrupthPFvvE17ExtIntTriggerMode
                0x08005444       0x3c C:\Users\techn\AppData\Local\arduino\cores\d619366060da8adf808eb65ec74be382\core.a(ext_interrupts.cpp.o)
                0x08005444                attachInterrupt(unsigned char, void (*)(), ExtIntTriggerMode)
 .text.adc_init
                0x08005480       0x14 C:\Users\techn\AppData\Local\arduino\cores\d619366060da8adf808eb65ec74be382\core.a(adc.c.o)
                0x08005480                adc_init
 .text.adc_set_extsel
                0x08005494       0x12 C:\Users\techn\AppData\Local\arduino\cores\d619366060da8adf808eb65ec74be382\core.a(adc.c.o)
                0x08005494                adc_set_extsel
 .text.adc_set_sample_rate
                0x080054a6       0x30 C:\Users\techn\AppData\Local\arduino\cores\d619366060da8adf808eb65ec74be382\core.a(adc.c.o)
                0x080054a6                adc_set_sample_rate
 *fill*         0x080054d6        0x2 
 .text.__irq_adc
                0x080054d8       0x50 C:\Users\techn\AppData\Local\arduino\cores\d619366060da8adf808eb65ec74be382\core.a(adc_f1.c.o)
                0x080054d8                __irq_adc
 .text.adc_calibrate
                0x08005528       0x24 C:\Users\techn\AppData\Local\arduino\cores\d619366060da8adf808eb65ec74be382\core.a(adc_f1.c.o)
                0x08005528                adc_calibrate
 .text.adc_set_prescaler
                0x0800554c        0x8 C:\Users\techn\AppData\Local\arduino\cores\d619366060da8adf808eb65ec74be382\core.a(adc_f1.c.o)
                0x0800554c                adc_set_prescaler
 .text.adc_foreach
                0x08005554       0x1c C:\Users\techn\AppData\Local\arduino\cores\d619366060da8adf808eb65ec74be382\core.a(adc_f1.c.o)
                0x08005554                adc_foreach
 .text.adc_enable_single_swstart
                0x08005570       0x36 C:\Users\techn\AppData\Local\arduino\cores\d619366060da8adf808eb65ec74be382\core.a(adc_f1.c.o)
                0x08005570                adc_enable_single_swstart
 .text.dma_irq_handler
                0x080055a6       0x1c C:\Users\techn\AppData\Local\arduino\cores\d619366060da8adf808eb65ec74be382\core.a(dma_f1.c.o)
 *fill*         0x080055c2        0x2 
 .text.__irq_dma1_channel1
                0x080055c4       0x10 C:\Users\techn\AppData\Local\arduino\cores\d619366060da8adf808eb65ec74be382\core.a(dma_f1.c.o)
                0x080055c4                __irq_dma1_channel1
 .text.__irq_dma1_channel2
                0x080055d4       0x10 C:\Users\techn\AppData\Local\arduino\cores\d619366060da8adf808eb65ec74be382\core.a(dma_f1.c.o)
                0x080055d4                __irq_dma1_channel2
 .text.__irq_dma1_channel3
                0x080055e4       0x10 C:\Users\techn\AppData\Local\arduino\cores\d619366060da8adf808eb65ec74be382\core.a(dma_f1.c.o)
                0x080055e4                __irq_dma1_channel3
 .text.__irq_dma1_channel4
                0x080055f4       0x10 C:\Users\techn\AppData\Local\arduino\cores\d619366060da8adf808eb65ec74be382\core.a(dma_f1.c.o)
                0x080055f4                __irq_dma1_channel4
 .text.__irq_dma1_channel5
                0x08005604       0x10 C:\Users\techn\AppData\Local\arduino\cores\d619366060da8adf808eb65ec74be382\core.a(dma_f1.c.o)
                0x08005604                __irq_dma1_channel5
 .text.__irq_dma1_channel6
                0x08005614       0x10 C:\Users\techn\AppData\Local\arduino\cores\d619366060da8adf808eb65ec74be382\core.a(dma_f1.c.o)
                0x08005614                __irq_dma1_channel6
 .text.__irq_dma1_channel7
                0x08005624       0x10 C:\Users\techn\AppData\Local\arduino\cores\d619366060da8adf808eb65ec74be382\core.a(dma_f1.c.o)
                0x08005624                __irq_dma1_channel7
 *fill*         0x08005634        0xc 
 .text          0x08005640       0x60 C:\Users\techn\AppData\Local\arduino\cores\d619366060da8adf808eb65ec74be382\core.a(exc.S.o)
                0x08005640                __exc_nmi
                0x08005644                __exc_hardfault
                0x08005648                __exc_memmanage
                0x0800564c                __exc_busfault
                0x08005650                __exc_usagefault
 .text.exti_attach_callback
                0x080056a0       0xac C:\Users\techn\AppData\Local\arduino\cores\d619366060da8adf808eb65ec74be382\core.a(exti.c.o)
                0x080056a0                exti_attach_callback
 .text.exti_attach_interrupt
                0x0800574c       0x10 C:\Users\techn\AppData\Local\arduino\cores\d619366060da8adf808eb65ec74be382\core.a(exti.c.o)
                0x0800574c                exti_attach_interrupt
 .text.exti_do_select
                0x0800575c       0x1a C:\Users\techn\AppData\Local\arduino\cores\d619366060da8adf808eb65ec74be382\core.a(exti.c.o)
                0x0800575c                exti_do_select
 *fill*         0x08005776        0x2 
 .text.dispatch_single_exti
                0x08005778       0x2c C:\Users\techn\AppData\Local\arduino\cores\d619366060da8adf808eb65ec74be382\core.a(exti.c.o)
                0x08005778                dispatch_single_exti
 .text.dispatch_extis
                0x080057a4       0x4c C:\Users\techn\AppData\Local\arduino\cores\d619366060da8adf808eb65ec74be382\core.a(exti.c.o)
                0x080057a4                dispatch_extis
 .text.__irq_exti0
                0x080057f0        0x6 C:\Users\techn\AppData\Local\arduino\cores\d619366060da8adf808eb65ec74be382\core.a(exti.c.o)
                0x080057f0                __irq_exti0
 .text.__irq_exti1
                0x080057f6        0x6 C:\Users\techn\AppData\Local\arduino\cores\d619366060da8adf808eb65ec74be382\core.a(exti.c.o)
                0x080057f6                __irq_exti1
 .text.__irq_exti2
                0x080057fc        0x6 C:\Users\techn\AppData\Local\arduino\cores\d619366060da8adf808eb65ec74be382\core.a(exti.c.o)
                0x080057fc                __irq_exti2
 .text.__irq_exti3
                0x08005802        0x6 C:\Users\techn\AppData\Local\arduino\cores\d619366060da8adf808eb65ec74be382\core.a(exti.c.o)
                0x08005802                __irq_exti3
 .text.__irq_exti4
                0x08005808        0x6 C:\Users\techn\AppData\Local\arduino\cores\d619366060da8adf808eb65ec74be382\core.a(exti.c.o)
                0x08005808                __irq_exti4
 .text.__irq_exti9_5
                0x0800580e        0x8 C:\Users\techn\AppData\Local\arduino\cores\d619366060da8adf808eb65ec74be382\core.a(exti.c.o)
                0x0800580e                __irq_exti9_5
 .text.__irq_exti15_10
                0x08005816        0x8 C:\Users\techn\AppData\Local\arduino\cores\d619366060da8adf808eb65ec74be382\core.a(exti.c.o)
                0x08005816                __irq_exti15_10
 *fill*         0x0800581e        0x2 
 .text.exti_select
                0x08005820       0x18 C:\Users\techn\AppData\Local\arduino\cores\d619366060da8adf808eb65ec74be382\core.a(exti_f1.c.o)
                0x08005820                exti_select
 .text.flash_set_latency
                0x08005838       0x14 C:\Users\techn\AppData\Local\arduino\cores\d619366060da8adf808eb65ec74be382\core.a(flash.c.o)
                0x08005838                flash_set_latency
 .text.gpio_init_all
                0x0800584c       0x30 C:\Users\techn\AppData\Local\arduino\cores\d619366060da8adf808eb65ec74be382\core.a(gpio_f1.c.o)
                0x0800584c                gpio_init_all
 .text.gpio_set_mode
                0x0800587c       0x50 C:\Users\techn\AppData\Local\arduino\cores\d619366060da8adf808eb65ec74be382\core.a(gpio_f1.c.o)
                0x0800587c                gpio_set_mode
 .text.afio_init
                0x080058cc       0x12 C:\Users\techn\AppData\Local\arduino\cores\d619366060da8adf808eb65ec74be382\core.a(gpio_f1.c.o)
                0x080058cc                afio_init
 *fill*         0x080058de        0x2 
 .text.__irq_i2c1_ev
                0x080058e0        0xc C:\Users\techn\AppData\Local\arduino\cores\d619366060da8adf808eb65ec74be382\core.a(i2c_f1.c.o)
                0x080058e0                __irq_i2c1_ev
 .text.__irq_i2c2_ev
                0x080058ec        0xc C:\Users\techn\AppData\Local\arduino\cores\d619366060da8adf808eb65ec74be382\core.a(i2c_f1.c.o)
                0x080058ec                __irq_i2c2_ev
 .text.__irq_i2c1_er
                0x080058f8        0xc C:\Users\techn\AppData\Local\arduino\cores\d619366060da8adf808eb65ec74be382\core.a(i2c_f1.c.o)
                0x080058f8                __irq_i2c1_er
 .text.__irq_i2c2_er
                0x08005904        0xc C:\Users\techn\AppData\Local\arduino\cores\d619366060da8adf808eb65ec74be382\core.a(i2c_f1.c.o)
                0x08005904                __irq_i2c2_er
 .text.nvic_irq_set_priority
                0x08005910       0x28 C:\Users\techn\AppData\Local\arduino\cores\d619366060da8adf808eb65ec74be382\core.a(nvic.c.o)
                0x08005910                nvic_irq_set_priority
 .text.nvic_init
                0x08005938       0x30 C:\Users\techn\AppData\Local\arduino\cores\d619366060da8adf808eb65ec74be382\core.a(nvic.c.o)
                0x08005938                nvic_init
 .text.rcc_dev_clk
                0x08005968        0xc C:\Users\techn\AppData\Local\arduino\cores\d619366060da8adf808eb65ec74be382\core.a(rcc.c.o)
                0x08005968                rcc_dev_clk
 .text.rcc_switch_sysclk
                0x08005974       0x20 C:\Users\techn\AppData\Local\arduino\cores\d619366060da8adf808eb65ec74be382\core.a(rcc.c.o)
                0x08005974                rcc_switch_sysclk
 .text.rcc_turn_on_clk
                0x08005994       0x1a C:\Users\techn\AppData\Local\arduino\cores\d619366060da8adf808eb65ec74be382\core.a(rcc.c.o)
                0x08005994                rcc_turn_on_clk
 .text.rcc_turn_off_clk
                0x080059ae       0x1c C:\Users\techn\AppData\Local\arduino\cores\d619366060da8adf808eb65ec74be382\core.a(rcc.c.o)
                0x080059ae                rcc_turn_off_clk
 .text.rcc_is_clk_ready
                0x080059ca       0x18 C:\Users\techn\AppData\Local\arduino\cores\d619366060da8adf808eb65ec74be382\core.a(rcc.c.o)
                0x080059ca                rcc_is_clk_ready
 *fill*         0x080059e2        0x2 
 .text.rcc_configure_pll
                0x080059e4       0x18 C:\Users\techn\AppData\Local\arduino\cores\d619366060da8adf808eb65ec74be382\core.a(rcc_f1.c.o)
                0x080059e4                rcc_configure_pll
 .text.rcc_clk_enable
                0x080059fc       0x30 C:\Users\techn\AppData\Local\arduino\cores\d619366060da8adf808eb65ec74be382\core.a(rcc_f1.c.o)
                0x080059fc                rcc_clk_enable
 .text.rcc_reset_dev
                0x08005a2c       0x34 C:\Users\techn\AppData\Local\arduino\cores\d619366060da8adf808eb65ec74be382\core.a(rcc_f1.c.o)
                0x08005a2c                rcc_reset_dev
 .text.rcc_set_prescaler
                0x08005a60       0x20 C:\Users\techn\AppData\Local\arduino\cores\d619366060da8adf808eb65ec74be382\core.a(rcc_f1.c.o)
                0x08005a60                rcc_set_prescaler
 .text.rcc_clk_disable
                0x08005a80       0x30 C:\Users\techn\AppData\Local\arduino\cores\d619366060da8adf808eb65ec74be382\core.a(rcc_f1.c.o)
                0x08005a80                rcc_clk_disable
 .text          0x08005ab0        0x2 C:\Users\techn\AppData\Local\arduino\cores\d619366060da8adf808eb65ec74be382\core.a(isrs.S.o)
                0x08005ab0                __stm32reservedexception9
                0x08005ab0                __exc_debug_monitor
                0x08005ab0                __exc_svc
                0x08005ab0                __irq_can_rx1
                0x08005ab0                __irq_spi2
                0x08005ab0                __irq_can_sce
                0x08005ab0                __irq_pvd
                0x08005ab0                __irq_tamper
                0x08005ab0                __default_handler
                0x08005ab0                __irq_wwdg
                0x08005ab0                __stm32reservedexception10
                0x08005ab0                __irq_flash
                0x08005ab0                __stm32reservedexception13
                0x08005ab0                __irq_rtc
                0x08005ab0                __irq_spi1
                0x08005ab0                __stm32reservedexception7
                0x08005ab0                __irq_usb_hp_can_tx
                0x08005ab0                __irq_rtcalarm
                0x08005ab0                __stm32reservedexception8
                0x08005ab0                __exc_pendsv
                0x08005ab0                __irq_usbwakeup
                0x08005ab0                __irq_rcc
 *fill*         0x08005ab2        0x2 
 .text.systick_init
                0x08005ab4       0x10 C:\Users\techn\AppData\Local\arduino\cores\d619366060da8adf808eb65ec74be382\core.a(systick.c.o)
                0x08005ab4                systick_init
 .text.__exc_systick
                0x08005ac4       0x1c C:\Users\techn\AppData\Local\arduino\cores\d619366060da8adf808eb65ec74be382\core.a(systick.c.o)
                0x08005ac4                __exc_systick
 .text.timer_oc_set_mode
                0x08005ae0       0x3a C:\Users\techn\AppData\Local\arduino\cores\d619366060da8adf808eb65ec74be382\core.a(timer.c.o)
 .text.dispatch_general
                0x08005b1a       0x66 C:\Users\techn\AppData\Local\arduino\cores\d619366060da8adf808eb65ec74be382\core.a(timer.c.o)
 .text.timer_cc_enable
                0x08005b80       0x1c C:\Users\techn\AppData\Local\arduino\cores\d619366060da8adf808eb65ec74be382\core.a(timer.c.o)
 .text.timer_foreach
                0x08005b9c       0x28 C:\Users\techn\AppData\Local\arduino\cores\d619366060da8adf808eb65ec74be382\core.a(timer.c.o)
                0x08005b9c                timer_foreach
 .text.timer_init
                0x08005bc4       0x14 C:\Users\techn\AppData\Local\arduino\cores\d619366060da8adf808eb65ec74be382\core.a(timer.c.o)
                0x08005bc4                timer_init
 .text.timer_has_cc_channel
                0x08005bd8       0x30 C:\Users\techn\AppData\Local\arduino\cores\d619366060da8adf808eb65ec74be382\core.a(timer.c.o)
                0x08005bd8                timer_has_cc_channel
 .text.timer_detach_interrupt
                0x08005c08       0x1e C:\Users\techn\AppData\Local\arduino\cores\d619366060da8adf808eb65ec74be382\core.a(timer.c.o)
                0x08005c08                timer_detach_interrupt
 .text.input_capture_mode
                0x08005c26       0x1a C:\Users\techn\AppData\Local\arduino\cores\d619366060da8adf808eb65ec74be382\core.a(timer.c.o)
                0x08005c26                input_capture_mode
 .text.timer_set_mode
                0x08005c40       0x8c C:\Users\techn\AppData\Local\arduino\cores\d619366060da8adf808eb65ec74be382\core.a(timer.c.o)
                0x08005c40                timer_set_mode
 .text.__irq_tim1_brk
                0x08005ccc       0x24 C:\Users\techn\AppData\Local\arduino\cores\d619366060da8adf808eb65ec74be382\core.a(timer.c.o)
                0x08005ccc                __irq_tim1_brk
 .text.__irq_tim1_up
                0x08005cf0       0x24 C:\Users\techn\AppData\Local\arduino\cores\d619366060da8adf808eb65ec74be382\core.a(timer.c.o)
                0x08005cf0                __irq_tim1_up
 .text.__irq_tim1_trg_com
                0x08005d14       0x34 C:\Users\techn\AppData\Local\arduino\cores\d619366060da8adf808eb65ec74be382\core.a(timer.c.o)
                0x08005d14                __irq_tim1_trg_com
 .text.__irq_tim1_cc
                0x08005d48       0x50 C:\Users\techn\AppData\Local\arduino\cores\d619366060da8adf808eb65ec74be382\core.a(timer.c.o)
                0x08005d48                __irq_tim1_cc
 .text.__irq_tim2
                0x08005d98        0xc C:\Users\techn\AppData\Local\arduino\cores\d619366060da8adf808eb65ec74be382\core.a(timer.c.o)
                0x08005d98                __irq_tim2
 .text.__irq_tim3
                0x08005da4        0xc C:\Users\techn\AppData\Local\arduino\cores\d619366060da8adf808eb65ec74be382\core.a(timer.c.o)
                0x08005da4                __irq_tim3
 .text.__irq_tim4
                0x08005db0        0xc C:\Users\techn\AppData\Local\arduino\cores\d619366060da8adf808eb65ec74be382\core.a(timer.c.o)
                0x08005db0                __irq_tim4
 .text.usart_init
                0x08005dbc       0x4c C:\Users\techn\AppData\Local\arduino\cores\d619366060da8adf808eb65ec74be382\core.a(usart.c.o)
                0x08005dbc                usart_init
 .text.usart_enable
                0x08005e08       0x14 C:\Users\techn\AppData\Local\arduino\cores\d619366060da8adf808eb65ec74be382\core.a(usart.c.o)
                0x08005e08                usart_enable
 .text.usart_tx
                0x08005e1c       0x9c C:\Users\techn\AppData\Local\arduino\cores\d619366060da8adf808eb65ec74be382\core.a(usart.c.o)
                0x08005e1c                usart_tx
 .text.usart_irq
                0x08005eb8       0xc8 C:\Users\techn\AppData\Local\arduino\cores\d619366060da8adf808eb65ec74be382\core.a(usart_f1.c.o)
 .text.usart_config_gpios_async
                0x08005f80       0x4a C:\Users\techn\AppData\Local\arduino\cores\d619366060da8adf808eb65ec74be382\core.a(usart_f1.c.o)
                0x08005f80                usart_config_gpios_async
 .text.usart_set_baud_rate
                0x08005fca       0x3c C:\Users\techn\AppData\Local\arduino\cores\d619366060da8adf808eb65ec74be382\core.a(usart_f1.c.o)
                0x08005fca                usart_set_baud_rate
 *fill*         0x08006006        0x2 
 .text.__irq_usart1
                0x08006008       0x18 C:\Users\techn\AppData\Local\arduino\cores\d619366060da8adf808eb65ec74be382\core.a(usart_f1.c.o)
                0x08006008                __irq_usart1
 .text.__irq_usart2
                0x08006020       0x18 C:\Users\techn\AppData\Local\arduino\cores\d619366060da8adf808eb65ec74be382\core.a(usart_f1.c.o)
                0x08006020                __irq_usart2
 .text.__irq_usart3
                0x08006038       0x18 C:\Users\techn\AppData\Local\arduino\cores\d619366060da8adf808eb65ec74be382\core.a(usart_f1.c.o)
                0x08006038                __irq_usart3
 .text._usart_clock_freq
                0x08006050       0x24 C:\Users\techn\AppData\Local\arduino\cores\d619366060da8adf808eb65ec74be382\core.a(usart_private.c.o)
                0x08006050                _usart_clock_freq
 .text.usb_resume
                0x08006074       0xb4 C:\Users\techn\AppData\Local\arduino\cores\d619366060da8adf808eb65ec74be382\core.a(usb.c.o)
 .text.__irq_usb_lp_can_rx0
                0x08006128      0x1c8 C:\Users\techn\AppData\Local\arduino\cores\d619366060da8adf808eb65ec74be382\core.a(usb.c.o)
                0x08006128                __irq_usb_lp_can_rx0
 .text.usb_set_ep_rx_stat
                0x080062f0       0x22 C:\Users\techn\AppData\Local\arduino\cores\d619366060da8adf808eb65ec74be382\core.a(usb_cdcacm.c.o)
 *fill*         0x08006312        0x2 
 .text.vcomGetSetLineCoding
                0x08006314       0x18 C:\Users\techn\AppData\Local\arduino\cores\d619366060da8adf808eb65ec74be382\core.a(usb_cdcacm.c.o)
 .text.usbDataSetup
                0x0800632c       0x54 C:\Users\techn\AppData\Local\arduino\cores\d619366060da8adf808eb65ec74be382\core.a(usb_cdcacm.c.o)
 .text.usbNoDataSetup
                0x08006380       0x50 C:\Users\techn\AppData\Local\arduino\cores\d619366060da8adf808eb65ec74be382\core.a(usb_cdcacm.c.o)
 .text.usbGetInterfaceSetting
                0x080063d0       0x10 C:\Users\techn\AppData\Local\arduino\cores\d619366060da8adf808eb65ec74be382\core.a(usb_cdcacm.c.o)
 .text.usbGetStringDescriptor
                0x080063e0       0x20 C:\Users\techn\AppData\Local\arduino\cores\d619366060da8adf808eb65ec74be382\core.a(usb_cdcacm.c.o)
 .text.usbGetConfigDescriptor
                0x08006400        0xc C:\Users\techn\AppData\Local\arduino\cores\d619366060da8adf808eb65ec74be382\core.a(usb_cdcacm.c.o)
 .text.usbGetDeviceDescriptor
                0x0800640c        0xc C:\Users\techn\AppData\Local\arduino\cores\d619366060da8adf808eb65ec74be382\core.a(usb_cdcacm.c.o)
 .text.usbInit  0x08006418       0x44 C:\Users\techn\AppData\Local\arduino\cores\d619366060da8adf808eb65ec74be382\core.a(usb_cdcacm.c.o)
 .text.usbReset
                0x0800645c      0x160 C:\Users\techn\AppData\Local\arduino\cores\d619366060da8adf808eb65ec74be382\core.a(usb_cdcacm.c.o)
 .text.usb_set_ep_rx_count
                0x080065bc       0x4c C:\Users\techn\AppData\Local\arduino\cores\d619366060da8adf808eb65ec74be382\core.a(usb_reg_map.c.o)
                0x080065bc                usb_set_ep_rx_count
 .text.Standard_GetConfiguration
                0x08006608       0x24 C:\Users\techn\AppData\Local\arduino\cores\d619366060da8adf808eb65ec74be382\core.a(usb_core.c.o)
                0x08006608                Standard_GetConfiguration
 .text.Standard_GetInterface
                0x0800662c       0x24 C:\Users\techn\AppData\Local\arduino\cores\d619366060da8adf808eb65ec74be382\core.a(usb_core.c.o)
                0x0800662c                Standard_GetInterface
 .text.Standard_GetStatus
                0x08006650       0x90 C:\Users\techn\AppData\Local\arduino\cores\d619366060da8adf808eb65ec74be382\core.a(usb_core.c.o)
                0x08006650                Standard_GetStatus
 .text.DataStageIn
                0x080066e0       0xa8 C:\Users\techn\AppData\Local\arduino\cores\d619366060da8adf808eb65ec74be382\core.a(usb_core.c.o)
 .text.Standard_SetConfiguration
                0x08006788       0x38 C:\Users\techn\AppData\Local\arduino\cores\d619366060da8adf808eb65ec74be382\core.a(usb_core.c.o)
                0x08006788                Standard_SetConfiguration
 .text.Standard_SetInterface
                0x080067c0       0x48 C:\Users\techn\AppData\Local\arduino\cores\d619366060da8adf808eb65ec74be382\core.a(usb_core.c.o)
                0x080067c0                Standard_SetInterface
 .text.Standard_ClearFeature
                0x08006808       0xd0 C:\Users\techn\AppData\Local\arduino\cores\d619366060da8adf808eb65ec74be382\core.a(usb_core.c.o)
                0x08006808                Standard_ClearFeature
 .text.Standard_SetEndPointFeature
                0x080068d8       0x84 C:\Users\techn\AppData\Local\arduino\cores\d619366060da8adf808eb65ec74be382\core.a(usb_core.c.o)
                0x080068d8                Standard_SetEndPointFeature
 .text.Standard_SetDeviceFeature
                0x0800695c       0x24 C:\Users\techn\AppData\Local\arduino\cores\d619366060da8adf808eb65ec74be382\core.a(usb_core.c.o)
                0x0800695c                Standard_SetDeviceFeature
 .text.Standard_GetDescriptorData
                0x08006980       0x1c C:\Users\techn\AppData\Local\arduino\cores\d619366060da8adf808eb65ec74be382\core.a(usb_core.c.o)
                0x08006980                Standard_GetDescriptorData
 .text.Post0_Process
                0x0800699c       0x40 C:\Users\techn\AppData\Local\arduino\cores\d619366060da8adf808eb65ec74be382\core.a(usb_core.c.o)
                0x0800699c                Post0_Process
 .text.Setup0_Process
                0x080069dc      0x2d0 C:\Users\techn\AppData\Local\arduino\cores\d619366060da8adf808eb65ec74be382\core.a(usb_core.c.o)
                0x080069dc                Setup0_Process
 .text.Out0_Process
                0x08006cac       0xc8 C:\Users\techn\AppData\Local\arduino\cores\d619366060da8adf808eb65ec74be382\core.a(usb_core.c.o)
                0x08006cac                Out0_Process
 .text.SetDeviceAddress
                0x08006d74       0x38 C:\Users\techn\AppData\Local\arduino\cores\d619366060da8adf808eb65ec74be382\core.a(usb_core.c.o)
                0x08006d74                SetDeviceAddress
 .text.In0_Process
                0x08006dac       0x5c C:\Users\techn\AppData\Local\arduino\cores\d619366060da8adf808eb65ec74be382\core.a(usb_core.c.o)
                0x08006dac                In0_Process
 .text.NOP_Process
                0x08006e08        0x2 C:\Users\techn\AppData\Local\arduino\cores\d619366060da8adf808eb65ec74be382\core.a(usb_core.c.o)
                0x08006e08                NOP_Process
 .text.UserToPMABufferCopy
                0x08006e0a       0x30 C:\Users\techn\AppData\Local\arduino\cores\d619366060da8adf808eb65ec74be382\core.a(usb_mem.c.o)
                0x08006e0a                UserToPMABufferCopy
 .text.PMAToUserBufferCopy
                0x08006e3a       0x32 C:\Users\techn\AppData\Local\arduino\cores\d619366060da8adf808eb65ec74be382\core.a(usb_mem.c.o)
                0x08006e3a                PMAToUserBufferCopy
 .text.SetEPTxStatus
                0x08006e6c       0x2a C:\Users\techn\AppData\Local\arduino\cores\d619366060da8adf808eb65ec74be382\core.a(usb_regs.c.o)
                0x08006e6c                SetEPTxStatus
 .text.ClearDTOG_RX
                0x08006e96       0x20 C:\Users\techn\AppData\Local\arduino\cores\d619366060da8adf808eb65ec74be382\core.a(usb_regs.c.o)
                0x08006e96                ClearDTOG_RX
 .text.ClearDTOG_TX
                0x08006eb6       0x20 C:\Users\techn\AppData\Local\arduino\cores\d619366060da8adf808eb65ec74be382\core.a(usb_regs.c.o)
                0x08006eb6                ClearDTOG_TX
 *fill*         0x08006ed6        0x2 
 .text.GetEPTxAddr
                0x08006ed8       0x1c C:\Users\techn\AppData\Local\arduino\cores\d619366060da8adf808eb65ec74be382\core.a(usb_regs.c.o)
                0x08006ed8                GetEPTxAddr
 .text.GetEPRxAddr
                0x08006ef4       0x1c C:\Users\techn\AppData\Local\arduino\cores\d619366060da8adf808eb65ec74be382\core.a(usb_regs.c.o)
                0x08006ef4                GetEPRxAddr
 .text.SetEPTxCount
                0x08006f10       0x1c C:\Users\techn\AppData\Local\arduino\cores\d619366060da8adf808eb65ec74be382\core.a(usb_regs.c.o)
                0x08006f10                SetEPTxCount
 .text.SetEPRxCount
                0x08006f2c       0x40 C:\Users\techn\AppData\Local\arduino\cores\d619366060da8adf808eb65ec74be382\core.a(usb_regs.c.o)
                0x08006f2c                SetEPRxCount
 .text.throb    0x08006f6c       0x4c C:\Users\techn\AppData\Local\arduino\cores\d619366060da8adf808eb65ec74be382\core.a(util.c.o)
                0x08006f6c                throb
 .text.__error  0x08006fb8       0x14 C:\Users\techn\AppData\Local\arduino\cores\d619366060da8adf808eb65ec74be382\core.a(util.c.o)
                0x08006fb8                __error
 .text.startup._Z7premainv
                0x08006fcc        0x4 C:\Users\techn\AppData\Local\arduino\cores\d619366060da8adf808eb65ec74be382\core.a(main.cpp.o)
                0x08006fcc                premain()
 .text.startup.main
                0x08006fd0        0xc C:\Users\techn\AppData\Local\arduino\cores\d619366060da8adf808eb65ec74be382\core.a(main.cpp.o)
                0x08006fd0                main
 .text._Znaj    0x08006fdc        0x4 C:\Users\techn\AppData\Local\arduino\cores\d619366060da8adf808eb65ec74be382\core.a(new.cpp.o)
                0x08006fdc                operator new[](unsigned int)
 .text._Z7pinModeh13WiringPinMode
                0x08006fe0       0x84 C:\Users\techn\AppData\Local\arduino\cores\d619366060da8adf808eb65ec74be382\core.a(wirish_digital_f1.cpp.o)
                0x08006fe0                pinMode(unsigned char, WiringPinMode)
 .text._Z11digitalReadh
                0x08007064       0x2c C:\Users\techn\AppData\Local\arduino\cores\d619366060da8adf808eb65ec74be382\core.a(wirish_digital.cpp.o)
                0x08007064                digitalRead(unsigned char)
 .text._Z12digitalWritehh
                0x08007090       0x2c C:\Users\techn\AppData\Local\arduino\cores\d619366060da8adf808eb65ec74be382\core.a(wirish_digital.cpp.o)
                0x08007090                digitalWrite(unsigned char, unsigned char)
 .text._Z6randoml
                0x080070bc       0x16 C:\Users\techn\AppData\Local\arduino\cores\d619366060da8adf808eb65ec74be382\core.a(wirish_math.cpp.o)
                0x080070bc                random(long)
 .text._Z6randomll
                0x080070d2       0x14 C:\Users\techn\AppData\Local\arduino\cores\d619366060da8adf808eb65ec74be382\core.a(wirish_math.cpp.o)
                0x080070d2                random(long, long)
 .text.delayMicroseconds
                0x080070e6       0x10 C:\Users\techn\AppData\Local\arduino\cores\d619366060da8adf808eb65ec74be382\core.a(wirish_time.cpp.o)
                0x080070e6                delayMicroseconds
 .text.gpio_init
                0x080070f6       0x14 C:\Users\techn\AppData\Local\arduino\cores\d619366060da8adf808eb65ec74be382\core.a(gpio.c.o)
                0x080070f6                gpio_init
 .text.i2c_disable_irq
                0x0800710a        0xc C:\Users\techn\AppData\Local\arduino\cores\d619366060da8adf808eb65ec74be382\core.a(i2c.c.o)
 *fill*         0x08007116        0x2 
 .text._i2c_irq_handler
                0x08007118      0x3d8 C:\Users\techn\AppData\Local\arduino\cores\d619366060da8adf808eb65ec74be382\core.a(i2c.c.o)
                0x08007118                _i2c_irq_handler
 .text._i2c_irq_error_handler
                0x080074f0       0x74 C:\Users\techn\AppData\Local\arduino\cores\d619366060da8adf808eb65ec74be382\core.a(i2c.c.o)
                0x080074f0                _i2c_irq_error_handler
 *fill*         0x08007564        0x4 
 .text.floor    0x08007568      0x120 c:/users/techn/appdata/local/arduino15/packages/arduino/tools/arm-none-eabi-gcc/4.8.3-2014q1/bin/../lib/gcc/arm-none-eabi/4.8.3/../../../../arm-none-eabi/lib/armv7-m\libm.a(lib_a-s_floor.o)
                0x08007568                floor
 .text          0x08007688      0x370 c:/users/techn/appdata/local/arduino15/packages/arduino/tools/arm-none-eabi-gcc/4.8.3-2014q1/bin/../lib/gcc/arm-none-eabi/4.8.3/armv7-m\libgcc.a(_arm_addsubdf3.o)
                0x08007688                __aeabi_drsub
                0x08007690                __aeabi_dsub
                0x08007690                __subdf3
                0x08007694                __aeabi_dadd
                0x08007694                __adddf3
                0x0800790c                __floatunsidf
                0x0800790c                __aeabi_ui2d
                0x0800792c                __floatsidf
                0x0800792c                __aeabi_i2d
                0x08007950                __aeabi_f2d
                0x08007950                __extendsfdf2
                0x0800798c                __floatundidf
                0x0800798c                __aeabi_ul2d
                0x0800799c                __floatdidf
                0x0800799c                __aeabi_l2d
 .text          0x080079f8      0x424 c:/users/techn/appdata/local/arduino15/packages/arduino/tools/arm-none-eabi-gcc/4.8.3-2014q1/bin/../lib/gcc/arm-none-eabi/4.8.3/armv7-m\libgcc.a(_arm_muldivdf3.o)
                0x080079f8                __aeabi_dmul
                0x080079f8                __muldf3
                0x08007c4c                __divdf3
                0x08007c4c                __aeabi_ddiv
 .text          0x08007e1c      0x110 c:/users/techn/appdata/local/arduino15/packages/arduino/tools/arm-none-eabi-gcc/4.8.3-2014q1/bin/../lib/gcc/arm-none-eabi/4.8.3/armv7-m\libgcc.a(_arm_cmpdf2.o)
                0x08007e1c                __gtdf2
                0x08007e1c                __gedf2
                0x08007e24                __ltdf2
                0x08007e24                __ledf2
                0x08007e2c                __nedf2
                0x08007e2c                __eqdf2
                0x08007e2c                __cmpdf2
                0x08007ea8                __aeabi_cdrcmple
                0x08007eb8                __aeabi_cdcmpeq
                0x08007eb8                __aeabi_cdcmple
                0x08007ec8                __aeabi_dcmpeq
                0x08007edc                __aeabi_dcmplt
                0x08007ef0                __aeabi_dcmple
                0x08007f04                __aeabi_dcmpge
                0x08007f18                __aeabi_dcmpgt
 .text          0x08007f2c       0x40 c:/users/techn/appdata/local/arduino15/packages/arduino/tools/arm-none-eabi-gcc/4.8.3-2014q1/bin/../lib/gcc/arm-none-eabi/4.8.3/armv7-m\libgcc.a(_arm_fixunsdfsi.o)
                0x08007f2c                __aeabi_d2uiz
                0x08007f2c                __fixunsdfsi
 .text          0x08007f6c       0xa0 c:/users/techn/appdata/local/arduino15/packages/arduino/tools/arm-none-eabi-gcc/4.8.3-2014q1/bin/../lib/gcc/arm-none-eabi/4.8.3/armv7-m\libgcc.a(_arm_truncdfsf2.o)
                0x08007f6c                __truncdfsf2
                0x08007f6c                __aeabi_d2f
 .text          0x0800800c      0x21c c:/users/techn/appdata/local/arduino15/packages/arduino/tools/arm-none-eabi-gcc/4.8.3-2014q1/bin/../lib/gcc/arm-none-eabi/4.8.3/armv7-m\libgcc.a(_arm_addsubsf3.o)
                0x0800800c                __aeabi_frsub
                0x08008014                __subsf3