Archive member included because of file (symbol)

C:\Users\techn\AppData\Local\arduino\cores\d619366060da8adf808eb65ec74be382\core.a(HardwareSerial.cpp.o)
                              C:\Users\techn\AppData\Local\arduino\sketches\CB9497E223C50ACF5AFA552E9B071602\sketch\SerialArduino.cpp.o (HardwareSerial::read())
C:\Users\techn\AppData\Local\arduino\cores\d619366060da8adf808eb65ec74be382\core.a(Print.cpp.o)
                              C:\Users\techn\AppData\Local\arduino\cores\d619366060da8adf808eb65ec74be382\core.a(HardwareSerial.cpp.o) (Print::write(void const*, unsigned long))
C:\Users\techn\AppData\Local\arduino\cores\d619366060da8adf808eb65ec74be382\core.a(cxxabi-compat.cpp.o)
                              C:\Users\techn\AppData\Local\arduino\cores\d619366060da8adf808eb65ec74be382\core.a(HardwareSerial.cpp.o) (__cxa_pure_virtual)
C:\Users\techn\AppData\Local\arduino\cores\d619366060da8adf808eb65ec74be382\core.a(ext_interrupts.cpp.o)
                              C:\Users\techn\AppData\Local\arduino\sketches\CB9497E223C50ACF5AFA552E9B071602\sketch\IOArduino.cpp.o (attachInterrupt(unsigned char, void (*)(), ExtIntTriggerMode))
C:\Users\techn\AppData\Local\arduino\cores\d619366060da8adf808eb65ec74be382\core.a(adc.c.o)
                              C:\Users\techn\AppData\Local\arduino\sketches\CB9497E223C50ACF5AFA552E9B071602\core\wirish\boards.cpp.o (adc_set_sample_rate)
C:\Users\techn\AppData\Local\arduino\cores\d619366060da8adf808eb65ec74be382\core.a(adc_f1.c.o)
                              (__irq_adc)
C:\Users\techn\AppData\Local\arduino\cores\d619366060da8adf808eb65ec74be382\core.a(dma_f1.c.o)
                              (__irq_dma1_channel1)
C:\Users\techn\AppData\Local\arduino\cores\d619366060da8adf808eb65ec74be382\core.a(exc.S.o)
                              (__exc_nmi)
C:\Users\techn\AppData\Local\arduino\cores\d619366060da8adf808eb65ec74be382\core.a(exti.c.o)
                              C:\Users\techn\AppData\Local\arduino\cores\d619366060da8adf808eb65ec74be382\core.a(ext_interrupts.cpp.o) (exti_attach_callback)
C:\Users\techn\AppData\Local\arduino\cores\d619366060da8adf808eb65ec74be382\core.a(exti_f1.c.o)
                              C:\Users\techn\AppData\Local\arduino\cores\d619366060da8adf808eb65ec74be382\core.a(exti.c.o) (exti_select)
C:\Users\techn\AppData\Local\arduino\cores\d619366060da8adf808eb65ec74be382\core.a(flash.c.o)
                              C:\Users\techn\AppData\Local\arduino\sketches\CB9497E223C50ACF5AFA552E9B071602\core\wirish\boards.cpp.o (flash_set_latency)
C:\Users\techn\AppData\Local\arduino\cores\d619366060da8adf808eb65ec74be382\core.a(gpio_f1.c.o)
                              C:\Users\techn\AppData\Local\arduino\sketches\CB9497E223C50ACF5AFA552E9B071602\core\wirish\boards_setup.cpp.o (gpio_init_all)
C:\Users\techn\AppData\Local\arduino\cores\d619366060da8adf808eb65ec74be382\core.a(i2c_f1.c.o)
                              (__irq_i2c1_ev)
C:\Users\techn\AppData\Local\arduino\cores\d619366060da8adf808eb65ec74be382\core.a(nvic.c.o)
                              C:\Users\techn\AppData\Local\arduino\cores\d619366060da8adf808eb65ec74be382\core.a(i2c_f1.c.o) (nvic_irq_set_priority)
C:\Users\techn\AppData\Local\arduino\cores\d619366060da8adf808eb65ec74be382\core.a(rcc.c.o)
                              C:\Users\techn\AppData\Local\arduino\sketches\CB9497E223C50ACF5AFA552E9B071602\core\wirish\boards.cpp.o (rcc_switch_sysclk)
C:\Users\techn\AppData\Local\arduino\cores\d619366060da8adf808eb65ec74be382\core.a(rcc_f1.c.o)
                              C:\Users\techn\AppData\Local\arduino\sketches\CB9497E223C50ACF5AFA552E9B071602\core\wirish\boards.cpp.o (rcc_configure_pll)
C:\Users\techn\AppData\Local\arduino\cores\d619366060da8adf808eb65ec74be382\core.a(isrs.S.o)
                              (__stm32reservedexception7)
C:\Users\techn\AppData\Local\arduino\cores\d619366060da8adf808eb65ec74be382\core.a(vector_table.S.o)
                              (__stm32_vector_table)
C:\Users\techn\AppData\Local\arduino\cores\d619366060da8adf808eb65ec74be382\core.a(systick.c.o)
                              C:\Users\techn\AppData\Local\arduino\sketches\CB9497E223C50ACF5AFA552E9B071602\core\wirish\boards.cpp.o (systick_init)
C:\Users\techn\AppData\Local\arduino\cores\d619366060da8adf808eb65ec74be382\core.a(timer.c.o)
                              C:\Users\techn\AppData\Local\arduino\sketches\CB9497E223C50ACF5AFA552E9B071602\core\wirish\boards.cpp.o (timer_foreach)
C:\Users\techn\AppData\Local\arduino\cores\d619366060da8adf808eb65ec74be382\core.a(usart.c.o)
                              C:\Users\techn\AppData\Local\arduino\cores\d619366060da8adf808eb65ec74be382\core.a(HardwareSerial.cpp.o) (usart_init)
C:\Users\techn\AppData\Local\arduino\cores\d619366060da8adf808eb65ec74be382\core.a(usart_f1.c.o)
                              C:\Users\techn\AppData\Local\arduino\cores\d619366060da8adf808eb65ec74be382\core.a(HardwareSerial.cpp.o) (usart_config_gpios_async)
[...]
Memory Configuration

Name             Origin             Length             Attributes
ram              0x20000000         0x00005000         xrw
rom              0x08000000         0x00010000         xr
*default*        0x00000000         0xffffffff

Linker script and memory map

LOAD c:/users/techn/appdata/local/arduino15/packages/arduino/tools/arm-none-eabi-gcc/4.8.3-2014q1/bin/../lib/gcc/arm-none-eabi/4.8.3/armv7-m/crti.o
LOAD c:/users/techn/appdata/local/arduino15/packages/arduino/tools/arm-none-eabi-gcc/4.8.3-2014q1/bin/../lib/gcc/arm-none-eabi/4.8.3/armv7-m/crtbegin.o
LOAD c:/users/techn/appdata/local/arduino15/packages/arduino/tools/arm-none-eabi-gcc/4.8.3-2014q1/bin/../lib/gcc/arm-none-eabi/4.8.3/../../../../arm-none-eabi/lib/armv7-m/crt0.o
LOAD c:/users/techn/appdata/local/arduino15/packages/arduino/tools/arm-none-eabi-gcc/4.8.3-2014q1/bin/../lib/gcc/arm-none-eabi/4.8.3/armv7-m\libgcc.a
START GROUP
LOAD C:\Users\techn\AppData\Local\arduino\sketches\CB9497E223C50ACF5AFA552E9B071602\sketch\ADF7021.cpp.o
LOAD C:\Users\techn\AppData\Local\arduino\sketches\CB9497E223C50ACF5AFA552E9B071602\sketch\BPTC19696.cpp.o
LOAD C:\Users\techn\AppData\Local\arduino\sketches\CB9497E223C50ACF5AFA552E9B071602\sketch\BitRB.cpp.o
LOAD C:\Users\techn\AppData\Local\arduino\sketches\CB9497E223C50ACF5AFA552E9B071602\sketch\CWIdTX.cpp.o
LOAD C:\Users\techn\AppData\Local\arduino\sketches\CB9497E223C50ACF5AFA552E9B071602\sketch\CalDMR.cpp.o
LOAD C:\Users\techn\AppData\Local\arduino\sketches\CB9497E223C50ACF5AFA552E9B071602\sketch\CalRSSI.cpp.o
LOAD C:\Users\techn\AppData\Local\arduino\sketches\CB9497E223C50ACF5AFA552E9B071602\sketch\DMRDMORX.cpp.o
LOAD C:\Users\techn\AppData\Local\arduino\sketches\CB9497E223C50ACF5AFA552E9B071602\sketch\DMRDMOTX.cpp.o
LOAD C:\Users\techn\AppData\Local\arduino\sketches\CB9497E223C50ACF5AFA552E9B071602\sketch\DMRIdleRX.cpp.o
LOAD C:\Users\techn\AppData\Local\arduino\sketches\CB9497E223C50ACF5AFA552E9B071602\sketch\DMRLC.cpp.o
LOAD C:\Users\techn\AppData\Local\arduino\sketches\CB9497E223C50ACF5AFA552E9B071602\sketch\DMRRX.cpp.o
LOAD C:\Users\techn\AppData\Local\arduino\sketches\CB9497E223C50ACF5AFA552E9B071602\sketch\DMRSlotRX.cpp.o
LOAD C:\Users\techn\AppData\Local\arduino\sketches\CB9497E223C50ACF5AFA552E9B071602\sketch\DMRSlotType.cpp.o
LOAD C:\Users\techn\AppData\Local\arduino\sketches\CB9497E223C50ACF5AFA552E9B071602\sketch\DMRTX.cpp.o
LOAD C:\Users\techn\AppData\Local\arduino\sketches\CB9497E223C50ACF5AFA552E9B071602\sketch\I2CHost.cpp.o
LOAD C:\Users\techn\AppData\Local\arduino\sketches\CB9497E223C50ACF5AFA552E9B071602\sketch\IO.cpp.o
LOAD C:\Users\techn\AppData\Local\arduino\sketches\CB9497E223C50ACF5AFA552E9B071602\sketch\IOArduino.cpp.o
LOAD C:\Users\techn\AppData\Local\arduino\sketches\CB9497E223C50ACF5AFA552E9B071602\sketch\M17RX.cpp.o
LOAD C:\Users\techn\AppData\Local\arduino\sketches\CB9497E223C50ACF5AFA552E9B071602\sketch\M17TX.cpp.o
LOAD C:\Users\techn\AppData\Local\arduino\sketches\CB9497E223C50ACF5AFA552E9B071602\sketch\MMDVM_DUAL_HT_MOD.ino.cpp.o
LOAD C:\Users\techn\AppData\Local\arduino\sketches\CB9497E223C50ACF5AFA552E9B071602\sketch\MMDVM_HS.cpp.o
LOAD C:\Users\techn\AppData\Local\arduino\sketches\CB9497E223C50ACF5AFA552E9B071602\sketch\RS129.cpp.o
LOAD C:\Users\techn\AppData\Local\arduino\sketches\CB9497E223C50ACF5AFA552E9B071602\sketch\SerialArduino.cpp.o
LOAD C:\Users\techn\AppData\Local\arduino\sketches\CB9497E223C50ACF5AFA552E9B071602\sketch\SerialPort.cpp.o
LOAD C:\Users\techn\AppData\Local\arduino\sketches\CB9497E223C50ACF5AFA552E9B071602\sketch\SerialRB.cpp.o
LOAD C:\Users\techn\AppData\Local\arduino\sketches\CB9497E223C50ACF5AFA552E9B071602\sketch\Utils.cpp.o
LOAD C:\Users\techn\AppData\Local\arduino\sketches\CB9497E223C50ACF5AFA552E9B071602\core\board.cpp.o
LOAD C:\Users\techn\AppData\Local\arduino\sketches\CB9497E223C50ACF5AFA552E9B071602\core\wirish\boards.cpp.o
LOAD C:\Users\techn\AppData\Local\arduino\sketches\CB9497E223C50ACF5AFA552E9B071602\core\wirish\boards_setup.cpp.o
LOAD C:\Users\techn\AppData\Local\arduino\sketches\CB9497E223C50ACF5AFA552E9B071602\core\wirish\start.S.o
LOAD C:\Users\techn\AppData\Local\arduino\sketches\CB9497E223C50ACF5AFA552E9B071602\core\wirish\start_c.c.o
LOAD C:\Users\techn\AppData\Local\arduino\sketches\CB9497E223C50ACF5AFA552E9B071602\core\wirish\syscalls.c.o
LOAD C:\Users\techn\AppData\Local\arduino\cores\d619366060da8adf808eb65ec74be382\core.a
END GROUP
LOAD c:/users/techn/appdata/local/arduino15/packages/arduino/tools/arm-none-eabi-gcc/4.8.3-2014q1/bin/../lib/gcc/arm-none-eabi/4.8.3/../../../../arm-none-eabi/lib/armv7-m\libstdc++_s.a
LOAD c:/users/techn/appdata/local/arduino15/packages/arduino/tools/arm-none-eabi-gcc/4.8.3-2014q1/bin/../lib/gcc/arm-none-eabi/4.8.3/../../../../arm-none-eabi/lib/armv7-m\libm.a
START GROUP
LOAD c:/users/techn/appdata/local/arduino15/packages/arduino/tools/arm-none-eabi-gcc/4.8.3-2014q1/bin/../lib/gcc/arm-none-eabi/4.8.3/armv7-m\libgcc.a
LOAD c:/users/techn/appdata/local/arduino15/packages/arduino/tools/arm-none-eabi-gcc/4.8.3-2014q1/bin/../lib/gcc/arm-none-eabi/4.8.3/../../../../arm-none-eabi/lib/armv7-m\libc_s.a
END GROUP
START GROUP
LOAD c:/users/techn/appdata/local/arduino15/packages/arduino/tools/arm-none-eabi-gcc/4.8.3-2014q1/bin/../lib/gcc/arm-none-eabi/4.8.3/armv7-m\libgcc.a
LOAD c:/users/techn/appdata/local/arduino15/packages/arduino/tools/arm-none-eabi-gcc/4.8.3-2014q1/bin/../lib/gcc/arm-none-eabi/4.8.3/../../../../arm-none-eabi/lib/armv7-m\libc_s.a
END GROUP
LOAD c:/users/techn/appdata/local/arduino15/packages/arduino/tools/arm-none-eabi-gcc/4.8.3-2014q1/bin/../lib/gcc/arm-none-eabi/4.8.3/armv7-m/crtend.o
LOAD c:/users/techn/appdata/local/arduino15/packages/arduino/tools/arm-none-eabi-gcc/4.8.3-2014q1/bin/../lib/gcc/arm-none-eabi/4.8.3/armv7-m/crtn.o
START GROUP
LOAD c:/users/techn/appdata/local/arduino15/packages/arduino/tools/arm-none-eabi-gcc/4.8.3-2014q1/bin/../lib/gcc/arm-none-eabi/4.8.3/armv7-m\libgcc.a
LOAD c:/users/techn/appdata/local/arduino15/packages/arduino/tools/arm-none-eabi-gcc/4.8.3-2014q1/bin/../lib/gcc/arm-none-eabi/4.8.3/../../../../arm-none-eabi/lib/armv7-m\libc.a
LOAD c:/users/techn/appdata/local/arduino15/packages/arduino/tools/arm-none-eabi-gcc/4.8.3-2014q1/bin/../lib/gcc/arm-none-eabi/4.8.3/../../../../arm-none-eabi/lib/armv7-m\libm.a
END GROUP
START GROUP
LOAD c:/users/techn/appdata/local/arduino15/packages/arduino/tools/arm-none-eabi-gcc/4.8.3-2014q1/bin/../lib/gcc/arm-none-eabi/4.8.3/../../../../arm-none-eabi/lib/armv7-m\libnosys.a
END GROUP
                0x20005000                PROVIDE (__msp_init, (ORIGIN (ram) + 0x5000))
                0x08005080                PROVIDE (__exc_reset, __start__)

.text           0x08000000     0x8538
                0x08000000                __text_start__ = .
 *(.stm32.interrupt_vector)
 .stm32.interrupt_vector
                0x08000000       0xec C:\Users\techn\AppData\Local\arduino\cores\d619366060da8adf808eb65ec74be382\core.a(vector_table.S.o)
                0x08000000                __stm32_vector_table
 *(.text .text.* .gnu.linkonce.t.*)
 .text          0x080000ec       0x54 c:/users/techn/appdata/local/arduino15/packages/arduino/tools/arm-none-eabi-gcc/4.8.3-2014q1/bin/../lib/gcc/arm-none-eabi/4.8.3/armv7-m/crtbegin.o
 .text._ZL25Send_AD7021_control_shiftv
                0x08000140       0x50 C:\Users\techn\AppData\Local\arduino\sketches\CB9497E223C50ACF5AFA552E9B071602\sketch\ADF7021.cpp.o
 .text._ZL28Send_AD7021_control_slePulsev
                0x08000190       0x24 C:\Users\techn\AppData\Local\arduino\sketches\CB9497E223C50ACF5AFA552E9B071602\sketch\ADF7021.cpp.o
 .text._ZL29Send_AD7021_control_sle2Pulsev
                0x080001b4       0x24 C:\Users\techn\AppData\Local\arduino\sketches\CB9497E223C50ACF5AFA552E9B071602\sketch\ADF7021.cpp.o
 .text._Z19Send_AD7021_controlb
                0x080001d8       0x14 C:\Users\techn\AppData\Local\arduino\sketches\CB9497E223C50ACF5AFA552E9B071602\sketch\ADF7021.cpp.o
                0x080001d8                Send_AD7021_control(bool)
 .text._ZN3CIO7ifConf2E11MMDVM_STATE
                0x080001ec      0x254 C:\Users\techn\AppData\Local\arduino\sketches\CB9497E223C50ACF5AFA552E9B071602\sketch\ADF7021.cpp.o
                0x080001ec                CIO::ifConf2(MMDVM_STATE)
 .text._ZN3CIO9interruptEv
                0x08000440      0x160 C:\Users\techn\AppData\Local\arduino\sketches\CB9497E223C50ACF5AFA552E9B071602\sketch\ADF7021.cpp.o
                0x08000440                CIO::interrupt()
 .text._ZN3CIO10interrupt2Ev
                0x080005a0       0x48 C:\Users\techn\AppData\Local\arduino\sketches\CB9497E223C50ACF5AFA552E9B071602\sketch\ADF7021.cpp.o
                0x080005a0                CIO::interrupt2()
 .text._ZN3CIO5setTXEv
                0x080005e8       0x3c C:\Users\techn\AppData\Local\arduino\sketches\CB9497E223C50ACF5AFA552E9B071602\sketch\ADF7021.cpp.o
                0x080005e8                CIO::setTX()
 .text._ZN3CIO5setRXEb
                0x08000624       0x40 C:\Users\techn\AppData\Local\arduino\sketches\CB9497E223C50ACF5AFA552E9B071602\sketch\ADF7021.cpp.o
                0x08000624                CIO::setRX(bool)
 *fill*         0x08000664        0x4 
 .text._ZN3CIO6ifConfE11MMDVM_STATEb
                0x08000668      0x498 C:\Users\techn\AppData\Local\arduino\sketches\CB9497E223C50ACF5AFA552E9B071602\sketch\ADF7021.cpp.o
                0x08000668                CIO::ifConf(MMDVM_STATE, bool)
 .text._ZN3CIO8setPowerEh
                0x08000b00        0xc C:\Users\techn\AppData\Local\arduino\sketches\CB9497E223C50ACF5AFA552E9B071602\sketch\ADF7021.cpp.o
                0x08000b00                CIO::setPower(unsigned char)
 .text._ZN3CIO13setDeviationsEhhhhhhhb
                0x08000b0c       0x7c C:\Users\techn\AppData\Local\arduino\sketches\CB9497E223C50ACF5AFA552E9B071602\sketch\ADF7021.cpp.o
                0x08000b0c                CIO::setDeviations(unsigned char, unsigned char, unsigned char, unsigned char, unsigned char, unsigned char, unsigned char, bool)
 .text._ZN3CIO9updateCalEv
                0x08000b88      0x1a8 C:\Users\techn\AppData\Local\arduino\sketches\CB9497E223C50ACF5AFA552E9B071602\sketch\ADF7021.cpp.o
                0x08000b88                CIO::updateCal()
 .text._ZN3CIO6RXfreqEv
                0x08000d30       0x68 C:\Users\techn\AppData\Local\arduino\sketches\CB9497E223C50ACF5AFA552E9B071602\sketch\ADF7021.cpp.o
                0x08000d30                CIO::RXfreq()
 .text._ZN3CIO6TXfreqEv
                0x08000d98       0x68 C:\Users\techn\AppData\Local\arduino\sketches\CB9497E223C50ACF5AFA552E9B071602\sketch\ADF7021.cpp.o
                0x08000d98                CIO::TXfreq()
 .text._ZN3CIO8devDSTAREv
                0x08000e00       0x48 C:\Users\techn\AppData\Local\arduino\sketches\CB9497E223C50ACF5AFA552E9B071602\sketch\ADF7021.cpp.o
                0x08000e00                CIO::devDSTAR()
 .text._ZN3CIO6devDMREv
                0x08000e48       0x48 C:\Users\techn\AppData\Local\arduino\sketches\CB9497E223C50ACF5AFA552E9B071602\sketch\ADF7021.cpp.o
                0x08000e48                CIO::devDMR()
 .text._ZN3CIO6devYSFEv
                0x08000e90       0x48 C:\Users\techn\AppData\Local\arduino\sketches\CB9497E223C50ACF5AFA552E9B071602\sketch\ADF7021.cpp.o
                0x08000e90                CIO::devYSF()
 .text._ZN3CIO6devP25Ev
                0x08000ed8       0x48 C:\Users\techn\AppData\Local\arduino\sketches\CB9497E223C50ACF5AFA552E9B071602\sketch\ADF7021.cpp.o
                0x08000ed8                CIO::devP25()
 .text._ZN3CIO7devNXDNEv
                0x08000f20       0x48 C:\Users\techn\AppData\Local\arduino\sketches\CB9497E223C50ACF5AFA552E9B071602\sketch\ADF7021.cpp.o
                0x08000f20                CIO::devNXDN()
 .text._ZN3CIO6devM17Ev
                0x08000f68       0x48 C:\Users\techn\AppData\Local\arduino\sketches\CB9497E223C50ACF5AFA552E9B071602\sketch\ADF7021.cpp.o
                0x08000f68                CIO::devM17()
 .text._ZN3CIO9devPOCSAGEv
                0x08000fb0       0x48 C:\Users\techn\AppData\Local\arduino\sketches\CB9497E223C50ACF5AFA552E9B071602\sketch\ADF7021.cpp.o
                0x08000fb0                CIO::devPOCSAG()
 .text._ZN3CIO9printConfEv
                0x08000ff8       0xe4 C:\Users\techn\AppData\Local\arduino\sketches\CB9497E223C50ACF5AFA552E9B071602\sketch\ADF7021.cpp.o
                0x08000ff8                CIO::printConf()
 .text._ZN10CBPTC19696C2Ev
                0x080010dc        0x2 C:\Users\techn\AppData\Local\arduino\sketches\CB9497E223C50ACF5AFA552E9B071602\sketch\BPTC19696.cpp.o
                0x080010dc                CBPTC19696::CBPTC19696()
                0x080010dc                CBPTC19696::CBPTC19696()
 *fill*         0x080010de        0x2 
 .text._ZN10CBPTC1969612deInterleaveEv
                0x080010e0       0x1c C:\Users\techn\AppData\Local\arduino\sketches\CB9497E223C50ACF5AFA552E9B071602\sketch\BPTC19696.cpp.o
                0x080010e0                CBPTC19696::deInterleave()
 .text._ZNK10CBPTC1969611hamming1511EPb
                0x080010fc       0x78 C:\Users\techn\AppData\Local\arduino\sketches\CB9497E223C50ACF5AFA552E9B071602\sketch\BPTC19696.cpp.o
                0x080010fc                CBPTC19696::hamming1511(bool*) const
 .text._ZNK10CBPTC1969611hamming1503EPb
                0x08001174      0x142 C:\Users\techn\AppData\Local\arduino\sketches\CB9497E223C50ACF5AFA552E9B071602\sketch\BPTC19696.cpp.o
                0x08001174                CBPTC19696::hamming1503(bool*) const
 .text._ZN10CBPTC1969610errorCheckEv
                0x080012b6       0x78 C:\Users\techn\AppData\Local\arduino\sketches\CB9497E223C50ACF5AFA552E9B071602\sketch\BPTC19696.cpp.o
                0x080012b6                CBPTC19696::errorCheck()
 .text._ZNK10CBPTC1969611extractDataEPh
                0x0800132e       0x5c C:\Users\techn\AppData\Local\arduino\sketches\CB9497E223C50ACF5AFA552E9B071602\sketch\BPTC19696.cpp.o
                0x0800132e                CBPTC19696::extractData(unsigned char*) const
 .text._ZN10CBPTC196966decodeEPKhPh
                0x0800138a       0x3a C:\Users\techn\AppData\Local\arduino\sketches\CB9497E223C50ACF5AFA552E9B071602\sketch\BPTC19696.cpp.o
                0x0800138a                CBPTC19696::decode(unsigned char const*, unsigned char*)
 .text._ZN6CBitRBC2Et
                0x080013c4       0x2a C:\Users\techn\AppData\Local\arduino\sketches\CB9497E223C50ACF5AFA552E9B071602\sketch\BitRB.cpp.o
                0x080013c4                CBitRB::CBitRB(unsigned short)
                0x080013c4                CBitRB::CBitRB(unsigned short)
 .text._ZNK6CBitRB8getSpaceEv
                0x080013ee       0x44 C:\Users\techn\AppData\Local\arduino\sketches\CB9497E223C50ACF5AFA552E9B071602\sketch\BitRB.cpp.o
                0x080013ee                CBitRB::getSpace() const
 .text._ZNK6CBitRB7getDataEv
                0x08001432       0x40 C:\Users\techn\AppData\Local\arduino\sketches\CB9497E223C50ACF5AFA552E9B071602\sketch\BitRB.cpp.o
                0x08001432                CBitRB::getData() const
 *fill*         0x08001472        0x2 
 .text._ZN6CBitRB3putEhh
                0x08001474       0xa8 C:\Users\techn\AppData\Local\arduino\sketches\CB9497E223C50ACF5AFA552E9B071602\sketch\BitRB.cpp.o
                0x08001474                CBitRB::put(unsigned char, unsigned char)
 .text._ZN6CBitRB3getERhS0_
                0x0800151c       0x7c C:\Users\techn\AppData\Local\arduino\sketches\CB9497E223C50ACF5AFA552E9B071602\sketch\BitRB.cpp.o
                0x0800151c                CBitRB::get(unsigned char&, unsigned char&)
 .text._ZN6CBitRB13hasOverflowedEv
                0x08001598        0xa C:\Users\techn\AppData\Local\arduino\sketches\CB9497E223C50ACF5AFA552E9B071602\sketch\BitRB.cpp.o
                0x08001598                CBitRB::hasOverflowed()
 .text._ZN7CCWIdTXC2Ev
                0x080015a2       0x1c C:\Users\techn\AppData\Local\arduino\sketches\CB9497E223C50ACF5AFA552E9B071602\sketch\CWIdTX.cpp.o
                0x080015a2                CCWIdTX::CCWIdTX()
                0x080015a2                CCWIdTX::CCWIdTX()
 *fill*         0x080015be        0x2 
 .text._ZN7CCWIdTX7processEv
                0x080015c0       0x8c C:\Users\techn\AppData\Local\arduino\sketches\CB9497E223C50ACF5AFA552E9B071602\sketch\CWIdTX.cpp.o
                0x080015c0                CCWIdTX::process()
 .text._ZN7CCWIdTX5writeEPKhh
                0x0800164c       0xe4 C:\Users\techn\AppData\Local\arduino\sketches\CB9497E223C50ACF5AFA552E9B071602\sketch\CWIdTX.cpp.o
                0x0800164c                CCWIdTX::write(unsigned char const*, unsigned char)
 .text._ZN7CCWIdTX5resetEv
                0x08001730       0x10 C:\Users\techn\AppData\Local\arduino\sketches\CB9497E223C50ACF5AFA552E9B071602\sketch\CWIdTX.cpp.o
                0x08001730                CCWIdTX::reset()
 .text._ZN7CCalDMRC2Ev
                0x08001740       0x38 C:\Users\techn\AppData\Local\arduino\sketches\CB9497E223C50ACF5AFA552E9B071602\sketch\CalDMR.cpp.o
                0x08001740                CCalDMR::CCalDMR()
                0x08001740                CCalDMR::CCalDMR()
 .text._ZN7CCalDMR15createDataDMO1kEh
                0x08001778       0x44 C:\Users\techn\AppData\Local\arduino\sketches\CB9497E223C50ACF5AFA552E9B071602\sketch\CalDMR.cpp.o
                0x08001778                CCalDMR::createDataDMO1k(unsigned char)
 .text._ZN7CCalDMR8dmrdmo1kEv
                0x080017bc       0x84 C:\Users\techn\AppData\Local\arduino\sketches\CB9497E223C50ACF5AFA552E9B071602\sketch\CalDMR.cpp.o
                0x080017bc                CCalDMR::dmrdmo1k()
 .text._ZN7CCalDMR7processEv
                0x08001840       0x80 C:\Users\techn\AppData\Local\arduino\sketches\CB9497E223C50ACF5AFA552E9B071602\sketch\CalDMR.cpp.o
                0x08001840                CCalDMR::process()
 .text._ZN7CCalDMR5writeEPKhh
                0x080018c0       0x3c C:\Users\techn\AppData\Local\arduino\sketches\CB9497E223C50ACF5AFA552E9B071602\sketch\CalDMR.cpp.o
                0x080018c0                CCalDMR::write(unsigned char const*, unsigned char)
 .text._ZN9CDMRDMORXC2Ev
                0x080018fc       0x44 C:\Users\techn\AppData\Local\arduino\sketches\CB9497E223C50ACF5AFA552E9B071602\sketch\DMRDMORX.cpp.o
                0x080018fc                CDMRDMORX::CDMRDMORX()
                0x080018fc                CDMRDMORX::CDMRDMORX()
 .text._ZN9CDMRDMORX5resetEv
                0x08001940       0x20 C:\Users\techn\AppData\Local\arduino\sketches\CB9497E223C50ACF5AFA552E9B071602\sketch\DMRDMORX.cpp.o
                0x08001940                CDMRDMORX::reset()
 .text._ZN9CDMRDMORX13correlateSyncEv
                0x08001960      0x110 C:\Users\techn\AppData\Local\arduino\sketches\CB9497E223C50ACF5AFA552E9B071602\sketch\DMRDMORX.cpp.o
                0x08001960                CDMRDMORX::correlateSync()
 .text._ZN9CDMRDMORX11bitsToBytesEthPh
                0x08001a70      0x1d8 C:\Users\techn\AppData\Local\arduino\sketches\CB9497E223C50ACF5AFA552E9B071602\sketch\DMRDMORX.cpp.o
                0x08001a70                CDMRDMORX::bitsToBytes(unsigned short, unsigned char, unsigned char*)
 .text._ZN9CDMRDMORX12setColorCodeEh
                0x08001c48        0x6 C:\Users\techn\AppData\Local\arduino\sketches\CB9497E223C50ACF5AFA552E9B071602\sketch\DMRDMORX.cpp.o
                0x08001c48                CDMRDMORX::setColorCode(unsigned char)
 *fill*         0x08001c4e        0x2 
 .text._ZN9CDMRDMORX13writeRSSIDataEPh
                0x08001c50       0x10 C:\Users\techn\AppData\Local\arduino\sketches\CB9497E223C50ACF5AFA552E9B071602\sketch\DMRDMORX.cpp.o
                0x08001c50                CDMRDMORX::writeRSSIData(unsigned char*)
 .text._ZN9CDMRDMORX7databitEb
                0x08001c60      0x2a4 C:\Users\techn\AppData\Local\arduino\sketches\CB9497E223C50ACF5AFA552E9B071602\sketch\DMRDMORX.cpp.o
                0x08001c60                CDMRDMORX::databit(bool)
 .text._ZN9CDMRDMOTXC2Ev
                0x08001f04       0x36 C:\Users\techn\AppData\Local\arduino\sketches\CB9497E223C50ACF5AFA552E9B071602\sketch\DMRDMOTX.cpp.o
                0x08001f04                CDMRDMOTX::CDMRDMOTX()
                0x08001f04                CDMRDMOTX::CDMRDMOTX()
 .text._ZN9CDMRDMOTX9writeDataEPKhh
                0x08001f3a       0x32 C:\Users\techn\AppData\Local\arduino\sketches\CB9497E223C50ACF5AFA552E9B071602\sketch\DMRDMOTX.cpp.o
                0x08001f3a                CDMRDMOTX::writeData(unsigned char const*, unsigned char)
 .text._ZN9CDMRDMOTX9writeByteEh
                0x08001f6c       0x34 C:\Users\techn\AppData\Local\arduino\sketches\CB9497E223C50ACF5AFA552E9B071602\sketch\DMRDMOTX.cpp.o
                0x08001f6c                CDMRDMOTX::writeByte(unsigned char)
 .text._ZN9CDMRDMOTX6setCalEb
                0x08001fa0        0x6 C:\Users\techn\AppData\Local\arduino\sketches\CB9497E223C50ACF5AFA552E9B071602\sketch\DMRDMOTX.cpp.o
                0x08001fa0                CDMRDMOTX::setCal(bool)
 *fill*         0x08001fa6        0x2 
 .text._ZN9CDMRDMOTX9createCalEv
                0x08001fa8       0x28 C:\Users\techn\AppData\Local\arduino\sketches\CB9497E223C50ACF5AFA552E9B071602\sketch\DMRDMOTX.cpp.o
                0x08001fa8                CDMRDMOTX::createCal()
 .text._ZN9CDMRDMOTX7processEv
                0x08001fd0       0xd8 C:\Users\techn\AppData\Local\arduino\sketches\CB9497E223C50ACF5AFA552E9B071602\sketch\DMRDMOTX.cpp.o
                0x08001fd0                CDMRDMOTX::process()
 .text._ZNK9CDMRDMOTX8getSpaceEv
                0x080020a8       0x10 C:\Users\techn\AppData\Local\arduino\sketches\CB9497E223C50ACF5AFA552E9B071602\sketch\DMRDMOTX.cpp.o
                0x080020a8                CDMRDMOTX::getSpace() const
 .text._ZN9CDMRDMOTX10setTXDelayEh
                0x080020b8       0x10 C:\Users\techn\AppData\Local\arduino\sketches\CB9497E223C50ACF5AFA552E9B071602\sketch\DMRDMOTX.cpp.o
                0x080020b8                CDMRDMOTX::setTXDelay(unsigned char)
 .text._ZN10CDMRIdleRXC2Ev
                0x080020c8       0x24 C:\Users\techn\AppData\Local\arduino\sketches\CB9497E223C50ACF5AFA552E9B071602\sketch\DMRIdleRX.cpp.o
                0x080020c8                CDMRIdleRX::CDMRIdleRX()
                0x080020c8                CDMRIdleRX::CDMRIdleRX()
 .text._ZN10CDMRIdleRX5resetEv
                0x080020ec        0xc C:\Users\techn\AppData\Local\arduino\sketches\CB9497E223C50ACF5AFA552E9B071602\sketch\DMRIdleRX.cpp.o
                0x080020ec                CDMRIdleRX::reset()
 .text._ZN10CDMRIdleRX12setColorCodeEh
                0x080020f8        0x6 C:\Users\techn\AppData\Local\arduino\sketches\CB9497E223C50ACF5AFA552E9B071602\sketch\DMRIdleRX.cpp.o
                0x080020f8                CDMRIdleRX::setColorCode(unsigned char)
 .text._ZN6CDMRLC11extractDataEPKhPh
                0x080020fe       0x78 C:\Users\techn\AppData\Local\arduino\sketches\CB9497E223C50ACF5AFA552E9B071602\sketch\DMRLC.cpp.o
                0x080020fe                CDMRLC::extractData(unsigned char const*, unsigned char*)
 .text._ZN6CDMRLC9applyMaskEPhh
                0x08002176       0x3c C:\Users\techn\AppData\Local\arduino\sketches\CB9497E223C50ACF5AFA552E9B071602\sketch\DMRLC.cpp.o
                0x08002176                CDMRLC::applyMask(unsigned char*, unsigned char)
 .text._ZN6CDMRLC6decodeEPKhhP7DMRLC_T
                0x080021b2       0x70 C:\Users\techn\AppData\Local\arduino\sketches\CB9497E223C50ACF5AFA552E9B071602\sketch\DMRLC.cpp.o
                0x080021b2                CDMRLC::decode(unsigned char const*, unsigned char, DMRLC_T*)
 .text._ZN6CDMRRXC2Ev
                0x08002222       0x12 C:\Users\techn\AppData\Local\arduino\sketches\CB9497E223C50ACF5AFA552E9B071602\sketch\DMRRX.cpp.o
                0x08002222                CDMRRX::CDMRRX()
                0x08002222                CDMRRX::CDMRRX()
 .text._ZN6CDMRRX7databitEbh
                0x08002234       0x88 C:\Users\techn\AppData\Local\arduino\sketches\CB9497E223C50ACF5AFA552E9B071602\sketch\DMRRX.cpp.o
                0x08002234                CDMRRX::databit(bool, unsigned char)
 .text._ZN6CDMRRX12setColorCodeEh
                0x080022bc        0x4 C:\Users\techn\AppData\Local\arduino\sketches\CB9497E223C50ACF5AFA552E9B071602\sketch\DMRRX.cpp.o
                0x080022bc                CDMRRX::setColorCode(unsigned char)
 .text._ZN6CDMRRX8setDelayEh
                0x080022c0        0x4 C:\Users\techn\AppData\Local\arduino\sketches\CB9497E223C50ACF5AFA552E9B071602\sketch\DMRRX.cpp.o
                0x080022c0                CDMRRX::setDelay(unsigned char)
 .text._ZN6CDMRRX5resetEv
                0x080022c4        0x4 C:\Users\techn\AppData\Local\arduino\sketches\CB9497E223C50ACF5AFA552E9B071602\sketch\DMRRX.cpp.o
                0x080022c4                CDMRRX::reset()
 .text._ZN10CDMRSlotRXC2Ev
                0x080022c8       0x54 C:\Users\techn\AppData\Local\arduino\sketches\CB9497E223C50ACF5AFA552E9B071602\sketch\DMRSlotRX.cpp.o
                0x080022c8                CDMRSlotRX::CDMRSlotRX()
                0x080022c8                CDMRSlotRX::CDMRSlotRX()
 .text._ZN10CDMRSlotRX5resetEv
                0x0800231c       0x38 C:\Users\techn\AppData\Local\arduino\sketches\CB9497E223C50ACF5AFA552E9B071602\sketch\DMRSlotRX.cpp.o
                0x0800231c                CDMRSlotRX::reset()
 *fill*         0x08002354        0x4 
 .text._ZN10CDMRSlotRX13correlateSyncEv
                0x08002358      0x190 C:\Users\techn\AppData\Local\arduino\sketches\CB9497E223C50ACF5AFA552E9B071602\sketch\DMRSlotRX.cpp.o
                0x08002358                CDMRSlotRX::correlateSync()
 .text._ZN10CDMRSlotRX11bitsToBytesEthPh
                0x080024e8      0x1d8 C:\Users\techn\AppData\Local\arduino\sketches\CB9497E223C50ACF5AFA552E9B071602\sketch\DMRSlotRX.cpp.o
                0x080024e8                CDMRSlotRX::bitsToBytes(unsigned short, unsigned char, unsigned char*)
 .text._ZN10CDMRSlotRX12setColorCodeEh
                0x080026c0        0x6 C:\Users\techn\AppData\Local\arduino\sketches\CB9497E223C50ACF5AFA552E9B071602\sketch\DMRSlotRX.cpp.o
                0x080026c0                CDMRSlotRX::setColorCode(unsigned char)
 .text._ZN10CDMRSlotRX8setDelayEh
                0x080026c6        0xc C:\Users\techn\AppData\Local\arduino\sketches\CB9497E223C50ACF5AFA552E9B071602\sketch\DMRSlotRX.cpp.o
                0x080026c6                CDMRSlotRX::setDelay(unsigned char)
 *fill*         0x080026d2        0x2 
 .text._ZN10CDMRSlotRX13writeRSSIDataEv
                0x080026d4       0x14 C:\Users\techn\AppData\Local\arduino\sketches\CB9497E223C50ACF5AFA552E9B071602\sketch\DMRSlotRX.cpp.o
                0x080026d4                CDMRSlotRX::writeRSSIData()
 .text._ZN10CDMRSlotRX9procSlot2Ev
                0x080026e8      0x2f0 C:\Users\techn\AppData\Local\arduino\sketches\CB9497E223C50ACF5AFA552E9B071602\sketch\DMRSlotRX.cpp.o
                0x080026e8                CDMRSlotRX::procSlot2()
 .text._ZN10CDMRSlotRX7databitEb
                0x080029d8       0xcc C:\Users\techn\AppData\Local\arduino\sketches\CB9497E223C50ACF5AFA552E9B071602\sketch\DMRSlotRX.cpp.o
                0x080029d8                CDMRSlotRX::databit(bool)
 .text._ZN12CDMRSlotTypeC2Ev
                0x08002aa4        0x2 C:\Users\techn\AppData\Local\arduino\sketches\CB9497E223C50ACF5AFA552E9B071602\sketch\DMRSlotType.cpp.o
                0x08002aa4                CDMRSlotType::CDMRSlotType()
                0x08002aa4                CDMRSlotType::CDMRSlotType()
 .text._ZNK12CDMRSlotType15getSyndrome1987Em
                0x08002aa6       0x2c C:\Users\techn\AppData\Local\arduino\sketches\CB9497E223C50ACF5AFA552E9B071602\sketch\DMRSlotType.cpp.o
                0x08002aa6                CDMRSlotType::getSyndrome1987(unsigned long) const
 *fill*         0x08002ad2        0x2 
 .text._ZNK12CDMRSlotType10decode2087EPKh
                0x08002ad4       0x2c C:\Users\techn\AppData\Local\arduino\sketches\CB9497E223C50ACF5AFA552E9B071602\sketch\DMRSlotType.cpp.o
                0x08002ad4                CDMRSlotType::decode2087(unsigned char const*) const
 .text._ZNK12CDMRSlotType6decodeEPKhRhS2_
                0x08002b00       0x4c C:\Users\techn\AppData\Local\arduino\sketches\CB9497E223C50ACF5AFA552E9B071602\sketch\DMRSlotType.cpp.o
                0x08002b00                CDMRSlotType::decode(unsigned char const*, unsigned char&, unsigned char&) const
 .text._ZN6CDMRTXC2Ev
                0x08002b4c       0x6e C:\Users\techn\AppData\Local\arduino\sketches\CB9497E223C50ACF5AFA552E9B071602\sketch\DMRTX.cpp.o
                0x08002b4c                CDMRTX::CDMRTX()
                0x08002b4c                CDMRTX::CDMRTX()
 .text._ZN6CDMRTX10writeData1EPKhh
                0x08002bba        0x4 C:\Users\techn\AppData\Local\arduino\sketches\CB9497E223C50ACF5AFA552E9B071602\sketch\DMRTX.cpp.o
                0x08002bba                CDMRTX::writeData1(unsigned char const*, unsigned char)
 .text._ZN6CDMRTX10writeData2EPKhh
                0x08002bbe       0x3e C:\Users\techn\AppData\Local\arduino\sketches\CB9497E223C50ACF5AFA552E9B071602\sketch\DMRTX.cpp.o
                0x08002bbe                CDMRTX::writeData2(unsigned char const*, unsigned char)
 .text._ZN6CDMRTX12writeShortLCEPKhh
                0x08002bfc        0x4 C:\Users\techn\AppData\Local\arduino\sketches\CB9497E223C50ACF5AFA552E9B071602\sketch\DMRTX.cpp.o
                0x08002bfc                CDMRTX::writeShortLC(unsigned char const*, unsigned char)
 .text._ZN6CDMRTX10writeAbortEPKhh
                0x08002c00       0x1c C:\Users\techn\AppData\Local\arduino\sketches\CB9497E223C50ACF5AFA552E9B071602\sketch\DMRTX.cpp.o
                0x08002c00                CDMRTX::writeAbort(unsigned char const*, unsigned char)
 .text._ZN6CDMRTX5resetEv
                0x08002c1c       0x2c C:\Users\techn\AppData\Local\arduino\sketches\CB9497E223C50ACF5AFA552E9B071602\sketch\DMRTX.cpp.o
                0x08002c1c                CDMRTX::reset()
 .text._ZNK6CDMRTX9getSpace1Ev
                0x08002c48        0x4 C:\Users\techn\AppData\Local\arduino\sketches\CB9497E223C50ACF5AFA552E9B071602\sketch\DMRTX.cpp.o
                0x08002c48                CDMRTX::getSpace1() const
 .text._ZNK6CDMRTX9getSpace2Ev
                0x08002c4c       0x12 C:\Users\techn\AppData\Local\arduino\sketches\CB9497E223C50ACF5AFA552E9B071602\sketch\DMRTX.cpp.o
                0x08002c4c                CDMRTX::getSpace2() const
 .text._ZN6CDMRTX12setColorCodeEh
                0x08002c5e        0x2 C:\Users\techn\AppData\Local\arduino\sketches\CB9497E223C50ACF5AFA552E9B071602\sketch\DMRTX.cpp.o
                0x08002c5e                CDMRTX::setColorCode(unsigned char)
 .text._ZN6CDMRTX13confirmBSSyncEv
                0x08002c60        0x8 C:\Users\techn\AppData\Local\arduino\sketches\CB9497E223C50ACF5AFA552E9B071602\sketch\DMRTX.cpp.o
                0x08002c60                CDMRTX::confirmBSSync()
 .text._ZNK6CDMRTX18isWaitingForBSSyncEv
                0x08002c68        0xc C:\Users\techn\AppData\Local\arduino\sketches\CB9497E223C50ACF5AFA552E9B071602\sketch\DMRTX.cpp.o
                0x08002c68                CDMRTX::isWaitingForBSSync() const
 .text._ZN6CDMRTX10createDataEhb
                0x08002c74       0xdc C:\Users\techn\AppData\Local\arduino\sketches\CB9497E223C50ACF5AFA552E9B071602\sketch\DMRTX.cpp.o
                0x08002c74                CDMRTX::createData(unsigned char, bool)
 .text._ZN6CDMRTX10createCACHEhh
                0x08002d50       0x1a C:\Users\techn\AppData\Local\arduino\sketches\CB9497E223C50ACF5AFA552E9B071602\sketch\DMRTX.cpp.o
                0x08002d50                CDMRTX::createCACH(unsigned char, unsigned char)
 *fill*         0x08002d6a        0x2 
 .text._ZN6CDMRTX9writeByteEhh
                0x08002d6c       0x2c C:\Users\techn\AppData\Local\arduino\sketches\CB9497E223C50ACF5AFA552E9B071602\sketch\DMRTX.cpp.o
                0x08002d6c                CDMRTX::writeByte(unsigned char, unsigned char)
 .text._ZN6CDMRTX7processEv
                0x08002d98      0x19c C:\Users\techn\AppData\Local\arduino\sketches\CB9497E223C50ACF5AFA552E9B071602\sketch\DMRTX.cpp.o
                0x08002d98                CDMRTX::process()
 .text._ZN3CIO8selfTestEv
                0x08002f34       0x6e C:\Users\techn\AppData\Local\arduino\sketches\CB9497E223C50ACF5AFA552E9B071602\sketch\IO.cpp.o
                0x08002f34                CIO::selfTest()
 *fill*         0x08002fa2        0x2 
 .text._ZN3CIOC2Ev
                0x08002fa4       0xcc C:\Users\techn\AppData\Local\arduino\sketches\CB9497E223C50ACF5AFA552E9B071602\sketch\IO.cpp.o
                0x08002fa4                CIO::CIO()
                0x08002fa4                CIO::CIO()
 .text._ZN3CIO5writeEPhtPKh
                0x08003070       0x48 C:\Users\techn\AppData\Local\arduino\sketches\CB9497E223C50ACF5AFA552E9B071602\sketch\IO.cpp.o
                0x08003070                CIO::write(unsigned char*, unsigned short, unsigned char const*)
 .text._ZNK3CIO8getSpaceEv
                0x080030b8        0x6 C:\Users\techn\AppData\Local\arduino\sketches\CB9497E223C50ACF5AFA552E9B071602\sketch\IO.cpp.o
                0x080030b8                CIO::getSpace() const
 .text._ZN3CIO13hasTXOverflowEv
                0x080030be        0x6 C:\Users\techn\AppData\Local\arduino\sketches\CB9497E223C50ACF5AFA552E9B071602\sketch\IO.cpp.o
                0x080030be                CIO::hasTXOverflow()
 .text._ZN3CIO13hasRXOverflowEv
                0x080030c4        0x6 C:\Users\techn\AppData\Local\arduino\sketches\CB9497E223C50ACF5AFA552E9B071602\sketch\IO.cpp.o
                0x080030c4                CIO::hasRXOverflow()
 *fill*         0x080030ca        0x2 
 .text._ZN3CIO7setFreqEmmhm
                0x080030cc      0x108 C:\Users\techn\AppData\Local\arduino\sketches\CB9497E223C50ACF5AFA552E9B071602\sketch\IO.cpp.o
                0x080030cc                CIO::setFreq(unsigned long, unsigned long, unsigned char, unsigned long)
 .text._ZN3CIO7setModeE11MMDVM_STATE
                0x080031d4       0x6a C:\Users\techn\AppData\Local\arduino\sketches\CB9497E223C50ACF5AFA552E9B071602\sketch\IO.cpp.o
                0x080031d4                CIO::setMode(MMDVM_STATE)
 *fill*         0x0800323e        0x2 
 .text._ZN3CIO7processEv
                0x08003240      0x198 C:\Users\techn\AppData\Local\arduino\sketches\CB9497E223C50ACF5AFA552E9B071602\sketch\IO.cpp.o
                0x08003240                CIO::process()
 .text._ZN3CIO5startEv
                0x080033d8       0xd0 C:\Users\techn\AppData\Local\arduino\sketches\CB9497E223C50ACF5AFA552E9B071602\sketch\IO.cpp.o
                0x080033d8                CIO::start()
 .text._ZN3CIO9setDecodeEb
                0x080034a8       0x20 C:\Users\techn\AppData\Local\arduino\sketches\CB9497E223C50ACF5AFA552E9B071602\sketch\IO.cpp.o
                0x080034a8                CIO::setDecode(bool)
 .text._ZN3CIO11setLoDevYSFEb
                0x080034c8        0x6 C:\Users\techn\AppData\Local\arduino\sketches\CB9497E223C50ACF5AFA552E9B071602\sketch\IO.cpp.o
                0x080034c8                CIO::setLoDevYSF(bool)
 .text._ZN3CIO13resetWatchdogEv
                0x080034ce        0x6 C:\Users\techn\AppData\Local\arduino\sketches\CB9497E223C50ACF5AFA552E9B071602\sketch\IO.cpp.o
                0x080034ce                CIO::resetWatchdog()
 .text._ZN3CIO11getWatchdogEv
                0x080034d4        0x4 C:\Users\techn\AppData\Local\arduino\sketches\CB9497E223C50ACF5AFA552E9B071602\sketch\IO.cpp.o
                0x080034d4                CIO::getWatchdog()
 .text._ZN3CIO13getIntCounterERtS0_
                0x080034d8       0x18 C:\Users\techn\AppData\Local\arduino\sketches\CB9497E223C50ACF5AFA552E9B071602\sketch\IO.cpp.o
                0x080034d8                CIO::getIntCounter(unsigned short&, unsigned short&)
 .text.EXT_IRQHandler
                0x080034f0        0xc C:\Users\techn\AppData\Local\arduino\sketches\CB9497E223C50ACF5AFA552E9B071602\sketch\IOArduino.cpp.o
                0x080034f0                EXT_IRQHandler
 .text.EXT_IRQHandler2
                0x080034fc        0xc C:\Users\techn\AppData\Local\arduino\sketches\CB9497E223C50ACF5AFA552E9B071602\sketch\IOArduino.cpp.o
                0x080034fc                EXT_IRQHandler2
 .text._ZN3CIO11delay_IFcalEv
                0x08003508        0x8 C:\Users\techn\AppData\Local\arduino\sketches\CB9497E223C50ACF5AFA552E9B071602\sketch\IOArduino.cpp.o
                0x08003508                CIO::delay_IFcal()
 .text._ZN3CIO11delay_resetEv
                0x08003510        0x8 C:\Users\techn\AppData\Local\arduino\sketches\CB9497E223C50ACF5AFA552E9B071602\sketch\IOArduino.cpp.o
                0x08003510                CIO::delay_reset()
 .text._ZN3CIO4InitEv
                0x08003518       0xc0 C:\Users\techn\AppData\Local\arduino\sketches\CB9497E223C50ACF5AFA552E9B071602\sketch\IOArduino.cpp.o
                0x08003518                CIO::Init()
 .text._ZN3CIO8startIntEv
                0x080035d8       0x24 C:\Users\techn\AppData\Local\arduino\sketches\CB9497E223C50ACF5AFA552E9B071602\sketch\IOArduino.cpp.o
                0x080035d8                CIO::startInt()
 .text._ZN3CIO12Data_dir_outEb
                0x080035fc        0xe C:\Users\techn\AppData\Local\arduino\sketches\CB9497E223C50ACF5AFA552E9B071602\sketch\IOArduino.cpp.o
                0x080035fc                CIO::Data_dir_out(bool)
 .text._ZN3CIO8SCLK_pinEb
                0x0800360a        0x6 C:\Users\techn\AppData\Local\arduino\sketches\CB9497E223C50ACF5AFA552E9B071602\sketch\IOArduino.cpp.o
                0x0800360a                CIO::SCLK_pin(bool)
 .text._ZN3CIO9SDATA_pinEb
                0x08003610        0x6 C:\Users\techn\AppData\Local\arduino\sketches\CB9497E223C50ACF5AFA552E9B071602\sketch\IOArduino.cpp.o
                0x08003610                CIO::SDATA_pin(bool)
 .text._ZN3CIO7SLE_pinEb
                0x08003616        0x6 C:\Users\techn\AppData\Local\arduino\sketches\CB9497E223C50ACF5AFA552E9B071602\sketch\IOArduino.cpp.o
                0x08003616                CIO::SLE_pin(bool)
 .text._ZN3CIO8SLE2_pinEb
                0x0800361c        0x6 C:\Users\techn\AppData\Local\arduino\sketches\CB9497E223C50ACF5AFA552E9B071602\sketch\IOArduino.cpp.o
                0x0800361c                CIO::SLE2_pin(bool)
 .text._ZN3CIO8RXD2_pinEv
                0x08003622       0x10 C:\Users\techn\AppData\Local\arduino\sketches\CB9497E223C50ACF5AFA552E9B071602\sketch\IOArduino.cpp.o
                0x08003622                CIO::RXD2_pin()
 .text._ZN3CIO8CLK2_pinEv
                0x08003632       0x10 C:\Users\techn\AppData\Local\arduino\sketches\CB9497E223C50ACF5AFA552E9B071602\sketch\IOArduino.cpp.o
                0x08003632                CIO::CLK2_pin()
 .text._ZN3CIO6CE_pinEb
                0x08003642        0x6 C:\Users\techn\AppData\Local\arduino\sketches\CB9497E223C50ACF5AFA552E9B071602\sketch\IOArduino.cpp.o
                0x08003642                CIO::CE_pin(bool)
 .text._ZN3CIO7RXD_pinEv
                0x08003648       0x10 C:\Users\techn\AppData\Local\arduino\sketches\CB9497E223C50ACF5AFA552E9B071602\sketch\IOArduino.cpp.o
                0x08003648                CIO::RXD_pin()
 .text._ZN3CIO7CLK_pinEv
                0x08003658       0x10 C:\Users\techn\AppData\Local\arduino\sketches\CB9497E223C50ACF5AFA552E9B071602\sketch\IOArduino.cpp.o
                0x08003658                CIO::CLK_pin()
 .text._ZN3CIO13RXD_pin_writeEb
                0x08003668        0x6 C:\Users\techn\AppData\Local\arduino\sketches\CB9497E223C50ACF5AFA552E9B071602\sketch\IOArduino.cpp.o
                0x08003668                CIO::RXD_pin_write(bool)
 .text._ZN3CIO7LED_pinEb
                0x0800366e        0x6 C:\Users\techn\AppData\Local\arduino\sketches\CB9497E223C50ACF5AFA552E9B071602\sketch\IOArduino.cpp.o
                0x0800366e                CIO::LED_pin(bool)
 .text._ZN3CIO7DEB_pinEb
                0x08003674        0x6 C:\Users\techn\AppData\Local\arduino\sketches\CB9497E223C50ACF5AFA552E9B071602\sketch\IOArduino.cpp.o
                0x08003674                CIO::DEB_pin(bool)
 .text._ZN3CIO9DSTAR_pinEb
                0x0800367a        0x6 C:\Users\techn\AppData\Local\arduino\sketches\CB9497E223C50ACF5AFA552E9B071602\sketch\IOArduino.cpp.o
                0x0800367a                CIO::DSTAR_pin(bool)
 .text._ZN3CIO7DMR_pinEb
                0x08003680        0x6 C:\Users\techn\AppData\Local\arduino\sketches\CB9497E223C50ACF5AFA552E9B071602\sketch\IOArduino.cpp.o
                0x08003680                CIO::DMR_pin(bool)
 .text._ZN3CIO7YSF_pinEb
                0x08003686        0x6 C:\Users\techn\AppData\Local\arduino\sketches\CB9497E223C50ACF5AFA552E9B071602\sketch\IOArduino.cpp.o
                0x08003686                CIO::YSF_pin(bool)
 .text._ZN3CIO7P25_pinEb
                0x0800368c        0x6 C:\Users\techn\AppData\Local\arduino\sketches\CB9497E223C50ACF5AFA552E9B071602\sketch\IOArduino.cpp.o
                0x0800368c                CIO::P25_pin(bool)
 .text._ZN3CIO8NXDN_pinEb
                0x08003692        0x6 C:\Users\techn\AppData\Local\arduino\sketches\CB9497E223C50ACF5AFA552E9B071602\sketch\IOArduino.cpp.o
                0x08003692                CIO::NXDN_pin(bool)
 .text._ZN3CIO10POCSAG_pinEb
                0x08003698        0x6 C:\Users\techn\AppData\Local\arduino\sketches\CB9497E223C50ACF5AFA552E9B071602\sketch\IOArduino.cpp.o
                0x08003698                CIO::POCSAG_pin(bool)
 .text._ZN3CIO7PTT_pinEb
                0x0800369e        0x6 C:\Users\techn\AppData\Local\arduino\sketches\CB9497E223C50ACF5AFA552E9B071602\sketch\IOArduino.cpp.o
                0x0800369e                CIO::PTT_pin(bool)
 .text._ZN3CIO7COS_pinEb
                0x080036a4        0x6 C:\Users\techn\AppData\Local\arduino\sketches\CB9497E223C50ACF5AFA552E9B071602\sketch\IOArduino.cpp.o
                0x080036a4                CIO::COS_pin(bool)
 .text._ZN3CIO8delay_usEm
                0x080036aa        0x6 C:\Users\techn\AppData\Local\arduino\sketches\CB9497E223C50ACF5AFA552E9B071602\sketch\IOArduino.cpp.o
                0x080036aa                CIO::delay_us(unsigned long)
 .text._ZN3CIO6dlybitEv
                0x080036b0        0x8 C:\Users\techn\AppData\Local\arduino\sketches\CB9497E223C50ACF5AFA552E9B071602\sketch\IOArduino.cpp.o
                0x080036b0                CIO::dlybit()
 .text._ZN6CM17RXC2Ev
                0x080036b8       0x1c C:\Users\techn\AppData\Local\arduino\sketches\CB9497E223C50ACF5AFA552E9B071602\sketch\M17RX.cpp.o
                0x080036b8                CM17RX::CM17RX()
                0x080036b8                CM17RX::CM17RX()
 .text._ZN6CM17RX5resetEv
                0x080036d4        0xc C:\Users\techn\AppData\Local\arduino\sketches\CB9497E223C50ACF5AFA552E9B071602\sketch\M17RX.cpp.o
                0x080036d4                CM17RX::reset()
 .text._ZN6CM17RX11processNoneEb
                0x080036e0       0x94 C:\Users\techn\AppData\Local\arduino\sketches\CB9497E223C50ACF5AFA552E9B071602\sketch\M17RX.cpp.o
                0x080036e0                CM17RX::processNone(bool)
 .text._ZN6CM17RX18writeRSSILinkSetupEPh
                0x08003774        0xc C:\Users\techn\AppData\Local\arduino\sketches\CB9497E223C50ACF5AFA552E9B071602\sketch\M17RX.cpp.o
                0x08003774                CM17RX::writeRSSILinkSetup(unsigned char*)
 .text._ZN6CM17RX15writeRSSIStreamEPh
                0x08003780        0xc C:\Users\techn\AppData\Local\arduino\sketches\CB9497E223C50ACF5AFA552E9B071602\sketch\M17RX.cpp.o
                0x08003780                CM17RX::writeRSSIStream(unsigned char*)
 .text._ZN6CM17RX11processDataEb
                0x0800378c      0x180 C:\Users\techn\AppData\Local\arduino\sketches\CB9497E223C50ACF5AFA552E9B071602\sketch\M17RX.cpp.o
                0x0800378c                CM17RX::processData(bool)
 .text._ZN6CM17RX7databitEb
                0x0800390c       0x10 C:\Users\techn\AppData\Local\arduino\sketches\CB9497E223C50ACF5AFA552E9B071602\sketch\M17RX.cpp.o
                0x0800390c                CM17RX::databit(bool)
 .text._ZN6CM17TXC2Ev
                0x0800391c       0x34 C:\Users\techn\AppData\Local\arduino\sketches\CB9497E223C50ACF5AFA552E9B071602\sketch\M17TX.cpp.o
                0x0800391c                CM17TX::CM17TX()
                0x0800391c                CM17TX::CM17TX()
 .text._ZN6CM17TX9writeDataEPKhh
                0x08003950       0x32 C:\Users\techn\AppData\Local\arduino\sketches\CB9497E223C50ACF5AFA552E9B071602\sketch\M17TX.cpp.o
                0x08003950                CM17TX::writeData(unsigned char const*, unsigned char)
 *fill*         0x08003982        0x2 
 .text._ZN6CM17TX9writeByteEh
                0x08003984       0x34 C:\Users\techn\AppData\Local\arduino\sketches\CB9497E223C50ACF5AFA552E9B071602\sketch\M17TX.cpp.o
                0x08003984                CM17TX::writeByte(unsigned char)
 .text._ZN6CM17TX7processEv
                0x080039b8       0xd8 C:\Users\techn\AppData\Local\arduino\sketches\CB9497E223C50ACF5AFA552E9B071602\sketch\M17TX.cpp.o
                0x080039b8                CM17TX::process()
 .text._ZN6CM17TX10setTXDelayEh
                0x08003a90       0x10 C:\Users\techn\AppData\Local\arduino\sketches\CB9497E223C50ACF5AFA552E9B071602\sketch\M17TX.cpp.o
                0x08003a90                CM17TX::setTXDelay(unsigned char)
 .text._ZNK6CM17TX8getSpaceEv
                0x08003aa0       0x10 C:\Users\techn\AppData\Local\arduino\sketches\CB9497E223C50ACF5AFA552E9B071602\sketch\M17TX.cpp.o
                0x08003aa0                CM17TX::getSpace() const
 .text._Z5setupv
                0x08003ab0        0xc C:\Users\techn\AppData\Local\arduino\sketches\CB9497E223C50ACF5AFA552E9B071602\sketch\MMDVM_DUAL_HT_MOD.ino.cpp.o
                0x08003ab0                setup()
 .text._Z4loopv
                0x08003abc       0x9c C:\Users\techn\AppData\Local\arduino\sketches\CB9497E223C50ACF5AFA552E9B071602\sketch\MMDVM_DUAL_HT_MOD.ino.cpp.o
                0x08003abc                loop()
 .text.startup._GLOBAL__sub_I_m_modemState
                0x08003b58       0x74 C:\Users\techn\AppData\Local\arduino\sketches\CB9497E223C50ACF5AFA552E9B071602\sketch\MMDVM_DUAL_HT_MOD.ino.cpp.o
 .text._ZN6CRS1297gf6MultEhh
                0x08003bcc       0x28 C:\Users\techn\AppData\Local\arduino\sketches\CB9497E223C50ACF5AFA552E9B071602\sketch\RS129.cpp.o
                0x08003bcc                CRS129::gf6Mult(unsigned char, unsigned char)
 .text._ZN6CRS1295checkEPKh
                0x08003bf4       0x86 C:\Users\techn\AppData\Local\arduino\sketches\CB9497E223C50ACF5AFA552E9B071602\sketch\RS129.cpp.o
                0x08003bf4                CRS129::check(unsigned char const*)
 *fill*         0x08003c7a        0x2 
 .text._ZN11CSerialPort8beginIntEhi
                0x08003c7c       0x14 C:\Users\techn\AppData\Local\arduino\sketches\CB9497E223C50ACF5AFA552E9B071602\sketch\SerialArduino.cpp.o
                0x08003c7c                CSerialPort::beginInt(unsigned char, int)
 .text._ZN11CSerialPort8writeIntEhPKhtb
                0x08003c90       0x18 C:\Users\techn\AppData\Local\arduino\sketches\CB9497E223C50ACF5AFA552E9B071602\sketch\SerialArduino.cpp.o
                0x08003c90                CSerialPort::writeInt(unsigned char, unsigned char const*, unsigned short, bool)
 .text._ZN11CSerialPort12availableIntEh
                0x08003ca8       0x14 C:\Users\techn\AppData\Local\arduino\sketches\CB9497E223C50ACF5AFA552E9B071602\sketch\SerialArduino.cpp.o
                0x08003ca8                CSerialPort::availableInt(unsigned char)
 .text._ZN11CSerialPort7readIntEh
                0x08003cbc       0x18 C:\Users\techn\AppData\Local\arduino\sketches\CB9497E223C50ACF5AFA552E9B071602\sketch\SerialArduino.cpp.o
                0x08003cbc                CSerialPort::readInt(unsigned char)
 .text._ZN11CSerialPortC2Ev
                0x08003cd4       0x32 C:\Users\techn\AppData\Local\arduino\sketches\CB9497E223C50ACF5AFA552E9B071602\sketch\SerialPort.cpp.o
                0x08003cd4                CSerialPort::CSerialPort()
                0x08003cd4                CSerialPort::CSerialPort()
 .text._ZN11CSerialPort7sendACKEv
                0x08003d06       0x2c C:\Users\techn\AppData\Local\arduino\sketches\CB9497E223C50ACF5AFA552E9B071602\sketch\SerialPort.cpp.o
                0x08003d06                CSerialPort::sendACK()
 .text._ZN11CSerialPort7sendNAKEh
                0x08003d32       0x30 C:\Users\techn\AppData\Local\arduino\sketches\CB9497E223C50ACF5AFA552E9B071602\sketch\SerialPort.cpp.o
                0x08003d32                CSerialPort::sendNAK(unsigned char)
 *fill*         0x08003d62        0x2 
 .text._ZN11CSerialPort9getStatusEv
                0x08003d64      0x16c C:\Users\techn\AppData\Local\arduino\sketches\CB9497E223C50ACF5AFA552E9B071602\sketch\SerialPort.cpp.o
                0x08003d64                CSerialPort::getStatus()
 .text._ZN11CSerialPort10getVersionEv
                0x08003ed0       0x44 C:\Users\techn\AppData\Local\arduino\sketches\CB9497E223C50ACF5AFA552E9B071602\sketch\SerialPort.cpp.o
                0x08003ed0                CSerialPort::getVersion()
 .text._ZN11CSerialPort7setFreqEPKhh
                0x08003f14       0x70 C:\Users\techn\AppData\Local\arduino\sketches\CB9497E223C50ACF5AFA552E9B071602\sketch\SerialPort.cpp.o
                0x08003f14                CSerialPort::setFreq(unsigned char const*, unsigned char)
 .text._ZN11CSerialPort5startEv
                0x08003f84        0xa C:\Users\techn\AppData\Local\arduino\sketches\CB9497E223C50ACF5AFA552E9B071602\sketch\SerialPort.cpp.o
                0x08003f84                CSerialPort::start()
 *fill*         0x08003f8e        0x2 
 .text._ZN11CSerialPort12writeDMRLostEb
                0x08003f90       0x44 C:\Users\techn\AppData\Local\arduino\sketches\CB9497E223C50ACF5AFA552E9B071602\sketch\SerialPort.cpp.o
                0x08003f90                CSerialPort::writeDMRLost(bool)
 .text._ZN11CSerialPort17writeM17LinkSetupEPKhh
                0x08003fd4       0x5c C:\Users\techn\AppData\Local\arduino\sketches\CB9497E223C50ACF5AFA552E9B071602\sketch\SerialPort.cpp.o
                0x08003fd4                CSerialPort::writeM17LinkSetup(unsigned char const*, unsigned char)
 .text._ZN11CSerialPort14writeM17StreamEPKhh
                0x08004030       0x5c C:\Users\techn\AppData\Local\arduino\sketches\CB9497E223C50ACF5AFA552E9B071602\sketch\SerialPort.cpp.o
                0x08004030                CSerialPort::writeM17Stream(unsigned char const*, unsigned char)
 .text._ZN11CSerialPort11writeM17EOTEv
                0x0800408c       0x40 C:\Users\techn\AppData\Local\arduino\sketches\CB9497E223C50ACF5AFA552E9B071602\sketch\SerialPort.cpp.o
                0x0800408c                CSerialPort::writeM17EOT()
 .text._ZN11CSerialPort12writeM17LostEv
                0x080040cc       0x40 C:\Users\techn\AppData\Local\arduino\sketches\CB9497E223C50ACF5AFA552E9B071602\sketch\SerialPort.cpp.o
                0x080040cc                CSerialPort::writeM17Lost()
 .text._ZN11CSerialPort10writeDebugEPKc
                0x0800410c       0x40 C:\Users\techn\AppData\Local\arduino\sketches\CB9497E223C50ACF5AFA552E9B071602\sketch\SerialPort.cpp.o
                0x0800410c                CSerialPort::writeDebug(char const*)
 .text._ZN11CSerialPort9setConfigEPKhh
                0x0800414c      0x304 C:\Users\techn\AppData\Local\arduino\sketches\CB9497E223C50ACF5AFA552E9B071602\sketch\SerialPort.cpp.o
                0x0800414c                CSerialPort::setConfig(unsigned char const*, unsigned char)
 .text._ZN11CSerialPort7setModeE11MMDVM_STATE
                0x08004450       0xec C:\Users\techn\AppData\Local\arduino\sketches\CB9497E223C50ACF5AFA552E9B071602\sketch\SerialPort.cpp.o
                0x08004450                CSerialPort::setMode(MMDVM_STATE)
 .text._ZN11CSerialPort7setModeEPKhh
                0x0800453c       0xfc C:\Users\techn\AppData\Local\arduino\sketches\CB9497E223C50ACF5AFA552E9B071602\sketch\SerialPort.cpp.o
                0x0800453c                CSerialPort::setMode(unsigned char const*, unsigned char)
 .text._ZN11CSerialPort11writeDebugIEPKcl
                0x08004638       0x62 C:\Users\techn\AppData\Local\arduino\sketches\CB9497E223C50ACF5AFA552E9B071602\sketch\SerialPort.cpp.o
                0x08004638                CSerialPort::writeDebugI(char const*, long)
 *fill*         0x0800469a        0x2 
 .text._ZN11CSerialPort12writeDMRDataEbPKhh
                0x0800469c      0x118 C:\Users\techn\AppData\Local\arduino\sketches\CB9497E223C50ACF5AFA552E9B071602\sketch\SerialPort.cpp.o
                0x0800469c                CSerialPort::writeDMRData(bool, unsigned char const*, unsigned char)
 .text._ZN11CSerialPort13writeDMRStartEbhmm
                0x080047b4       0xa4 C:\Users\techn\AppData\Local\arduino\sketches\CB9497E223C50ACF5AFA552E9B071602\sketch\SerialPort.cpp.o
                0x080047b4                CSerialPort::writeDMRStart(bool, unsigned char, unsigned long, unsigned long)
 .text._ZN11CSerialPort10writeDebugEPKcs
                0x08004858       0x56 C:\Users\techn\AppData\Local\arduino\sketches\CB9497E223C50ACF5AFA552E9B071602\sketch\SerialPort.cpp.o
                0x08004858                CSerialPort::writeDebug(char const*, short)
 *fill*         0x080048ae        0x2 
 .text._ZN11CSerialPort7processEv
                0x080048b0      0x390 C:\Users\techn\AppData\Local\arduino\sketches\CB9497E223C50ACF5AFA552E9B071602\sketch\SerialPort.cpp.o
                0x080048b0                CSerialPort::process()
 .text._ZN11CSerialPort10writeDebugEPKcss
                0x08004c40       0x70 C:\Users\techn\AppData\Local\arduino\sketches\CB9497E223C50ACF5AFA552E9B071602\sketch\SerialPort.cpp.o
                0x08004c40                CSerialPort::writeDebug(char const*, short, short)
 .text._ZN9CSerialRBC2Et
                0x08004cb0       0x1c C:\Users\techn\AppData\Local\arduino\sketches\CB9497E223C50ACF5AFA552E9B071602\sketch\SerialRB.cpp.o
                0x08004cb0                CSerialRB::CSerialRB(unsigned short)
                0x08004cb0                CSerialRB::CSerialRB(unsigned short)
 .text._ZN9CSerialRB5resetEv
                0x08004ccc        0xa C:\Users\techn\AppData\Local\arduino\sketches\CB9497E223C50ACF5AFA552E9B071602\sketch\SerialRB.cpp.o
                0x08004ccc                CSerialRB::reset()
 .text._ZNK9CSerialRB8getSpaceEv
                0x08004cd6       0x44 C:\Users\techn\AppData\Local\arduino\sketches\CB9497E223C50ACF5AFA552E9B071602\sketch\SerialRB.cpp.o
                0x08004cd6                CSerialRB::getSpace() const
 .text._ZNK9CSerialRB7getDataEv
                0x08004d1a       0x40 C:\Users\techn\AppData\Local\arduino\sketches\CB9497E223C50ACF5AFA552E9B071602\sketch\SerialRB.cpp.o
                0x08004d1a                CSerialRB::getData() const
 .text._ZN9CSerialRB3putEh
                0x08004d5a       0x42 C:\Users\techn\AppData\Local\arduino\sketches\CB9497E223C50ACF5AFA552E9B071602\sketch\SerialRB.cpp.o
                0x08004d5a                CSerialRB::put(unsigned char)
 .text._ZN9CSerialRB3getEv
                0x08004d9c       0x28 C:\Users\techn\AppData\Local\arduino\sketches\CB9497E223C50ACF5AFA552E9B071602\sketch\SerialRB.cpp.o
                0x08004d9c                CSerialRB::get()
 .text._ZL12i2str_helperPhml
                0x08004dc4       0x3a C:\Users\techn\AppData\Local\arduino\sketches\CB9497E223C50ACF5AFA552E9B071602\sketch\Utils.cpp.o
 *fill*         0x08004dfe        0x2 
 .text._Z11countBits16t
                0x08004e00       0x18 C:\Users\techn\AppData\Local\arduino\sketches\CB9497E223C50ACF5AFA552E9B071602\sketch\Utils.cpp.o
                0x08004e00                countBits16(unsigned short)
 .text._Z11countBits64y
                0x08004e18       0x4c C:\Users\techn\AppData\Local\arduino\sketches\CB9497E223C50ACF5AFA552E9B071602\sketch\Utils.cpp.o
                0x08004e18                countBits64(unsigned long long)
 .text._Z5i2strPhml
                0x08004e64       0x1e C:\Users\techn\AppData\Local\arduino\sketches\CB9497E223C50ACF5AFA552E9B071602\sketch\Utils.cpp.o
                0x08004e64                i2str(unsigned char*, unsigned long, long)
 .text._Z9boardInitv
                0x08004e82        0x2 C:\Users\techn\AppData\Local\arduino\sketches\CB9497E223C50ACF5AFA552E9B071602\core\board.cpp.o
                0x08004e82                boardInit()
 .text.startup._GLOBAL__sub_I__Z9boardInitv
                0x08004e84       0x48 C:\Users\techn\AppData\Local\arduino\sketches\CB9497E223C50ACF5AFA552E9B071602\core\board.cpp.o
 .text._ZL18adc_default_configP7adc_dev
                0x08004ecc       0x1c C:\Users\techn\AppData\Local\arduino\sketches\CB9497E223C50ACF5AFA552E9B071602\core\wirish\boards.cpp.o
 .text._ZL20timer_default_configP9timer_dev
                0x08004ee8       0x9e C:\Users\techn\AppData\Local\arduino\sketches\CB9497E223C50ACF5AFA552E9B071602\core\wirish\boards.cpp.o
 *fill*         0x08004f86        0x2 
 .text._Z4initv
                0x08004f88       0xbc C:\Users\techn\AppData\Local\arduino\sketches\CB9497E223C50ACF5AFA552E9B071602\core\wirish\boards.cpp.o
                0x08004f88                init()
 .text._ZN6wirish4priv15board_reset_pllEv
                0x08005044        0x2 C:\Users\techn\AppData\Local\arduino\sketches\CB9497E223C50ACF5AFA552E9B071602\core\wirish\boards_setup.cpp.o
                0x08005044                wirish::priv::board_reset_pll()
 .text._ZN6wirish4priv28board_setup_clock_prescalersEv
                0x08005046       0x2e C:\Users\techn\AppData\Local\arduino\sketches\CB9497E223C50ACF5AFA552E9B071602\core\wirish\boards_setup.cpp.o
                0x08005046                wirish::priv::board_setup_clock_prescalers()
 .text._ZN6wirish4priv16board_setup_gpioEv
                0x08005074        0x4 C:\Users\techn\AppData\Local\arduino\sketches\CB9497E223C50ACF5AFA552E9B071602\core\wirish\boards_setup.cpp.o
                0x08005074                wirish::priv::board_setup_gpio()
 .text._ZN6wirish4priv15board_setup_usbEv
                0x08005078        0x2 C:\Users\techn\AppData\Local\arduino\sketches\CB9497E223C50ACF5AFA552E9B071602\core\wirish\boards_setup.cpp.o
                0x08005078                wirish::priv::board_setup_usb()
 .text._ZN6wirish4priv11series_initEv
                0x0800507a        0x4 C:\Users\techn\AppData\Local\arduino\sketches\CB9497E223C50ACF5AFA552E9B071602\core\wirish\boards_setup.cpp.o
                0x0800507a                wirish::priv::series_init()
 *fill*         0x0800507e        0x2 
 .text          0x08005080       0x10 C:\Users\techn\AppData\Local\arduino\sketches\CB9497E223C50ACF5AFA552E9B071602\core\wirish\start.S.o
                0x08005080                __start__
 .text.start_c  0x08005090       0x58 C:\Users\techn\AppData\Local\arduino\sketches\CB9497E223C50ACF5AFA552E9B071602\core\wirish\start_c.c.o
                0x08005090                start_c
 .text._sbrk    0x080050e8       0x44 C:\Users\techn\AppData\Local\arduino\sketches\CB9497E223C50ACF5AFA552E9B071602\core\wirish\syscalls.c.o
                0x080050e8                _sbrk
 .text.rb_full_count
                0x0800512c       0x22 C:\Users\techn\AppData\Local\arduino\cores\d619366060da8adf808eb65ec74be382\core.a(HardwareSerial.cpp.o)
 .text._ZN14HardwareSerial4readEv
                0x0800514e       0x3a C:\Users\techn\AppData\Local\arduino\cores\d619366060da8adf808eb65ec74be382\core.a(HardwareSerial.cpp.o)
                0x0800514e                HardwareSerial::read()
 .text._ZN14HardwareSerial9availableEv
                0x08005188        0xc C:\Users\techn\AppData\Local\arduino\cores\d619366060da8adf808eb65ec74be382\core.a(HardwareSerial.cpp.o)
                0x08005188                HardwareSerial::available()
 .text._ZN14HardwareSerial4peekEv
                0x08005194       0x22 C:\Users\techn\AppData\Local\arduino\cores\d619366060da8adf808eb65ec74be382\core.a(HardwareSerial.cpp.o)
                0x08005194                HardwareSerial::peek()
 .text._ZN14HardwareSerial5flushEv
                0x080051b6       0x1a C:\Users\techn\AppData\Local\arduino\cores\d619366060da8adf808eb65ec74be382\core.a(HardwareSerial.cpp.o)
                0x080051b6                HardwareSerial::flush()
 .text._ZN14HardwareSerial5writeEh
                0x080051d0       0x1e C:\Users\techn\AppData\Local\arduino\cores\d619366060da8adf808eb65ec74be382\core.a(HardwareSerial.cpp.o)
                0x080051d0                HardwareSerial::write(unsigned char)
 *fill*         0x080051ee        0x2 
 .text._ZN14HardwareSerialC2EP9usart_devhh
                0x080051f0       0x1c C:\Users\techn\AppData\Local\arduino\cores\d619366060da8adf808eb65ec74be382\core.a(HardwareSerial.cpp.o)
                0x080051f0                HardwareSerial::HardwareSerial(usart_dev*, unsigned char, unsigned char)
                0x080051f0                HardwareSerial::HardwareSerial(usart_dev*, unsigned char, unsigned char)
 .text._ZN14HardwareSerial5beginEmh
                0x0800520c       0x78 C:\Users\techn\AppData\Local\arduino\cores\d619366060da8adf808eb65ec74be382\core.a(HardwareSerial.cpp.o)
                0x0800520c                HardwareSerial::begin(unsigned long, unsigned char)
 .text._ZN14HardwareSerial5beginEm
                0x08005284        0x6 C:\Users\techn\AppData\Local\arduino\cores\d619366060da8adf808eb65ec74be382\core.a(HardwareSerial.cpp.o)
                0x08005284                HardwareSerial::begin(unsigned long)
 .text._ZN5Print5writeEPKvm
                0x0800528a       0x20 C:\Users\techn\AppData\Local\arduino\cores\d619366060da8adf808eb65ec74be382\core.a(Print.cpp.o)
                0x0800528a                Print::write(void const*, unsigned long)
 .text._ZN5Print5writeEPKc
                0x080052aa       0x1e C:\Users\techn\AppData\Local\arduino\cores\d619366060da8adf808eb65ec74be382\core.a(Print.cpp.o)
                0x080052aa                Print::write(char const*)
 .text._Z15attachInterrupthPFvvE17ExtIntTriggerMode
                0x080052c8       0x3c C:\Users\techn\AppData\Local\arduino\cores\d619366060da8adf808eb65ec74be382\core.a(ext_interrupts.cpp.o)
                0x080052c8                attachInterrupt(unsigned char, void (*)(), ExtIntTriggerMode)
 .text.adc_init
                0x08005304       0x14 C:\Users\techn\AppData\Local\arduino\cores\d619366060da8adf808eb65ec74be382\core.a(adc.c.o)
                0x08005304                adc_init
 .text.adc_set_extsel
                0x08005318       0x12 C:\Users\techn\AppData\Local\arduino\cores\d619366060da8adf808eb65ec74be382\core.a(adc.c.o)
                0x08005318                adc_set_extsel
 .text.adc_set_sample_rate
                0x0800532a       0x30 C:\Users\techn\AppData\Local\arduino\cores\d619366060da8adf808eb65ec74be382\core.a(adc.c.o)
                0x0800532a                adc_set_sample_rate
 *fill*         0x0800535a        0x2 
 .text.__irq_adc
                0x0800535c       0x50 C:\Users\techn\AppData\Local\arduino\cores\d619366060da8adf808eb65ec74be382\core.a(adc_f1.c.o)
                0x0800535c                __irq_adc
 .text.adc_calibrate
                0x080053ac       0x24 C:\Users\techn\AppData\Local\arduino\cores\d619366060da8adf808eb65ec74be382\core.a(adc_f1.c.o)
                0x080053ac                adc_calibrate
 .text.adc_set_prescaler
                0x080053d0        0x8 C:\Users\techn\AppData\Local\arduino\cores\d619366060da8adf808eb65ec74be382\core.a(adc_f1.c.o)
                0x080053d0                adc_set_prescaler
 .text.adc_foreach
                0x080053d8       0x1c C:\Users\techn\AppData\Local\arduino\cores\d619366060da8adf808eb65ec74be382\core.a(adc_f1.c.o)
                0x080053d8                adc_foreach
 .text.adc_enable_single_swstart
                0x080053f4       0x36 C:\Users\techn\AppData\Local\arduino\cores\d619366060da8adf808eb65ec74be382\core.a(adc_f1.c.o)
                0x080053f4                adc_enable_single_swstart
 .text.dma_irq_handler
                0x0800542a       0x1c C:\Users\techn\AppData\Local\arduino\cores\d619366060da8adf808eb65ec74be382\core.a(dma_f1.c.o)
 *fill*         0x08005446        0x2 
 .text.__irq_dma1_channel1
                0x08005448       0x10 C:\Users\techn\AppData\Local\arduino\cores\d619366060da8adf808eb65ec74be382\core.a(dma_f1.c.o)
                0x08005448                __irq_dma1_channel1
 .text.__irq_dma1_channel2
                0x08005458       0x10 C:\Users\techn\AppData\Local\arduino\cores\d619366060da8adf808eb65ec74be382\core.a(dma_f1.c.o)
                0x08005458                __irq_dma1_channel2
 .text.__irq_dma1_channel3
                0x08005468       0x10 C:\Users\techn\AppData\Local\arduino\cores\d619366060da8adf808eb65ec74be382\core.a(dma_f1.c.o)
                0x08005468                __irq_dma1_channel3
 .text.__irq_dma1_channel4
                0x08005478       0x10 C:\Users\techn\AppData\Local\arduino\cores\d619366060da8adf808eb65ec74be382\core.a(dma_f1.c.o)
                0x08005478                __irq_dma1_channel4
 .text.__irq_dma1_channel5
                0x08005488       0x10 C:\Users\techn\AppData\Local\arduino\cores\d619366060da8adf808eb65ec74be382\core.a(dma_f1.c.o)
                0x08005488                __irq_dma1_channel5
 .text.__irq_dma1_channel6
                0x08005498       0x10 C:\Users\techn\AppData\Local\arduino\cores\d619366060da8adf808eb65ec74be382\core.a(dma_f1.c.o)
                0x08005498                __irq_dma1_channel6
 .text.__irq_dma1_channel7
                0x080054a8       0x10 C:\Users\techn\AppData\Local\arduino\cores\d619366060da8adf808eb65ec74be382\core.a(dma_f1.c.o)
                0x080054a8                __irq_dma1_channel7
 *fill*         0x080054b8        0x8 
 .text          0x080054c0       0x60 C:\Users\techn\AppData\Local\arduino\cores\d619366060da8adf808eb65ec74be382\core.a(exc.S.o)
                0x080054c0                __exc_nmi
                0x080054c4                __exc_hardfault
                0x080054c8                __exc_memmanage
                0x080054cc                __exc_busfault
                0x080054d0                __exc_usagefault
 .text.exti_attach_callback
                0x08005520       0xac C:\Users\techn\AppData\Local\arduino\cores\d619366060da8adf808eb65ec74be382\core.a(exti.c.o)
                0x08005520                exti_attach_callback
 .text.exti_attach_interrupt
                0x080055cc       0x10 C:\Users\techn\AppData\Local\arduino\cores\d619366060da8adf808eb65ec74be382\core.a(exti.c.o)
                0x080055cc                exti_attach_interrupt
 .text.exti_do_select
                0x080055dc       0x1a C:\Users\techn\AppData\Local\arduino\cores\d619366060da8adf808eb65ec74be382\core.a(exti.c.o)
                0x080055dc                exti_do_select
 *fill*         0x080055f6        0x2 
 .text.dispatch_single_exti
                0x080055f8       0x2c C:\Users\techn\AppData\Local\arduino\cores\d619366060da8adf808eb65ec74be382\core.a(exti.c.o)
                0x080055f8                dispatch_single_exti
 .text.dispatch_extis
                0x08005624       0x4c C:\Users\techn\AppData\Local\arduino\cores\d619366060da8adf808eb65ec74be382\core.a(exti.c.o)
                0x08005624                dispatch_extis
 .text.__irq_exti0
                0x08005670        0x6 C:\Users\techn\AppData\Local\arduino\cores\d619366060da8adf808eb65ec74be382\core.a(exti.c.o)
                0x08005670                __irq_exti0
 .text.__irq_exti1
                0x08005676        0x6 C:\Users\techn\AppData\Local\arduino\cores\d619366060da8adf808eb65ec74be382\core.a(exti.c.o)
                0x08005676                __irq_exti1
 .text.__irq_exti2
                0x0800567c        0x6 C:\Users\techn\AppData\Local\arduino\cores\d619366060da8adf808eb65ec74be382\core.a(exti.c.o)
                0x0800567c                __irq_exti2
 .text.__irq_exti3
                0x08005682        0x6 C:\Users\techn\AppData\Local\arduino\cores\d619366060da8adf808eb65ec74be382\core.a(exti.c.o)
                0x08005682                __irq_exti3
 .text.__irq_exti4
                0x08005688        0x6 C:\Users\techn\AppData\Local\arduino\cores\d619366060da8adf808eb65ec74be382\core.a(exti.c.o)
                0x08005688                __irq_exti4
 .text.__irq_exti9_5
                0x0800568e        0x8 C:\Users\techn\AppData\Local\arduino\cores\d619366060da8adf808eb65ec74be382\core.a(exti.c.o)
                0x0800568e                __irq_exti9_5
 .text.__irq_exti15_10
                0x08005696        0x8 C:\Users\techn\AppData\Local\arduino\cores\d619366060da8adf808eb65ec74be382\core.a(exti.c.o)
                0x08005696                __irq_exti15_10
 *fill*         0x0800569e        0x2 
 .text.exti_select
                0x080056a0       0x18 C:\Users\techn\AppData\Local\arduino\cores\d619366060da8adf808eb65ec74be382\core.a(exti_f1.c.o)
                0x080056a0                exti_select
 .text.flash_set_latency
                0x080056b8       0x14 C:\Users\techn\AppData\Local\arduino\cores\d619366060da8adf808eb65ec74be382\core.a(flash.c.o)
                0x080056b8                flash_set_latency
 .text.gpio_init_all
                0x080056cc       0x30 C:\Users\techn\AppData\Local\arduino\cores\d619366060da8adf808eb65ec74be382\core.a(gpio_f1.c.o)
                0x080056cc                gpio_init_all
 .text.gpio_set_mode
                0x080056fc       0x50 C:\Users\techn\AppData\Local\arduino\cores\d619366060da8adf808eb65ec74be382\core.a(gpio_f1.c.o)
                0x080056fc                gpio_set_mode
 .text.afio_init
                0x0800574c       0x12 C:\Users\techn\AppData\Local\arduino\cores\d619366060da8adf808eb65ec74be382\core.a(gpio_f1.c.o)
                0x0800574c                afio_init
 *fill*         0x0800575e        0x2 
 .text.__irq_i2c1_ev
                0x08005760        0xc C:\Users\techn\AppData\Local\arduino\cores\d619366060da8adf808eb65ec74be382\core.a(i2c_f1.c.o)
                0x08005760                __irq_i2c1_ev
 .text.__irq_i2c2_ev
                0x0800576c        0xc C:\Users\techn\AppData\Local\arduino\cores\d619366060da8adf808eb65ec74be382\core.a(i2c_f1.c.o)
                0x0800576c                __irq_i2c2_ev
 .text.__irq_i2c1_er
                0x08005778        0xc C:\Users\techn\AppData\Local\arduino\cores\d619366060da8adf808eb65ec74be382\core.a(i2c_f1.c.o)
                0x08005778                __irq_i2c1_er
 .text.__irq_i2c2_er
                0x08005784        0xc C:\Users\techn\AppData\Local\arduino\cores\d619366060da8adf808eb65ec74be382\core.a(i2c_f1.c.o)
                0x08005784                __irq_i2c2_er
 .text.nvic_irq_set_priority
                0x08005790       0x28 C:\Users\techn\AppData\Local\arduino\cores\d619366060da8adf808eb65ec74be382\core.a(nvic.c.o)
                0x08005790                nvic_irq_set_priority
 .text.nvic_init
                0x080057b8       0x30 C:\Users\techn\AppData\Local\arduino\cores\d619366060da8adf808eb65ec74be382\core.a(nvic.c.o)
                0x080057b8                nvic_init
 .text.rcc_dev_clk
                0x080057e8        0xc C:\Users\techn\AppData\Local\arduino\cores\d619366060da8adf808eb65ec74be382\core.a(rcc.c.o)
                0x080057e8                rcc_dev_clk
 .text.rcc_switch_sysclk
                0x080057f4       0x20 C:\Users\techn\AppData\Local\arduino\cores\d619366060da8adf808eb65ec74be382\core.a(rcc.c.o)
                0x080057f4                rcc_switch_sysclk
 .text.rcc_turn_on_clk
                0x08005814       0x1a C:\Users\techn\AppData\Local\arduino\cores\d619366060da8adf808eb65ec74be382\core.a(rcc.c.o)
                0x08005814                rcc_turn_on_clk
 .text.rcc_turn_off_clk
                0x0800582e       0x1c C:\Users\techn\AppData\Local\arduino\cores\d619366060da8adf808eb65ec74be382\core.a(rcc.c.o)
                0x0800582e                rcc_turn_off_clk
 .text.rcc_is_clk_ready
                0x0800584a       0x18 C:\Users\techn\AppData\Local\arduino\cores\d619366060da8adf808eb65ec74be382\core.a(rcc.c.o)
                0x0800584a                rcc_is_clk_ready
 *fill*         0x08005862        0x2 
 .text.rcc_configure_pll
                0x08005864       0x18 C:\Users\techn\AppData\Local\arduino\cores\d619366060da8adf808eb65ec74be382\core.a(rcc_f1.c.o)
                0x08005864                rcc_configure_pll
 .text.rcc_clk_enable
                0x0800587c       0x30 C:\Users\techn\AppData\Local\arduino\cores\d619366060da8adf808eb65ec74be382\core.a(rcc_f1.c.o)
                0x0800587c                rcc_clk_enable
 .text.rcc_reset_dev
                0x080058ac       0x34 C:\Users\techn\AppData\Local\arduino\cores\d619366060da8adf808eb65ec74be382\core.a(rcc_f1.c.o)
                0x080058ac                rcc_reset_dev
 .text.rcc_set_prescaler
                0x080058e0       0x20 C:\Users\techn\AppData\Local\arduino\cores\d619366060da8adf808eb65ec74be382\core.a(rcc_f1.c.o)
                0x080058e0                rcc_set_prescaler
 .text.rcc_clk_disable
                0x08005900       0x30 C:\Users\techn\AppData\Local\arduino\cores\d619366060da8adf808eb65ec74be382\core.a(rcc_f1.c.o)
                0x08005900                rcc_clk_disable
 .text          0x08005930        0x2 C:\Users\techn\AppData\Local\arduino\cores\d619366060da8adf808eb65ec74be382\core.a(isrs.S.o)
                0x08005930                __stm32reservedexception9
                0x08005930                __exc_debug_monitor
                0x08005930                __exc_svc
                0x08005930                __irq_can_rx1
                0x08005930                __irq_spi2
                0x08005930                __irq_can_sce
                0x08005930                __irq_pvd
                0x08005930                __irq_tamper
                0x08005930                __default_handler
                0x08005930                __irq_wwdg
                0x08005930                __stm32reservedexception10
                0x08005930                __irq_flash
                0x08005930                __stm32reservedexception13
                0x08005930                __irq_rtc
                0x08005930                __irq_spi1
                0x08005930                __stm32reservedexception7
                0x08005930                __irq_usb_hp_can_tx
                0x08005930                __irq_rtcalarm
                0x08005930                __stm32reservedexception8
                0x08005930                __exc_pendsv
                0x08005930                __irq_usbwakeup
                0x08005930                __irq_rcc
 *fill*         0x08005932        0x2 
 .text.systick_init
                0x08005934       0x10 C:\Users\techn\AppData\Local\arduino\cores\d619366060da8adf808eb65ec74be382\core.a(systick.c.o)
                0x08005934                systick_init
 .text.__exc_systick
                0x08005944       0x1c C:\Users\techn\AppData\Local\arduino\cores\d619366060da8adf808eb65ec74be382\core.a(systick.c.o)
                0x08005944                __exc_systick
 .text.timer_oc_set_mode
                0x08005960       0x3a C:\Users\techn\AppData\Local\arduino\cores\d619366060da8adf808eb65ec74be382\core.a(timer.c.o)
 .text.dispatch_general
                0x0800599a       0x66 C:\Users\techn\AppData\Local\arduino\cores\d619366060da8adf808eb65ec74be382\core.a(timer.c.o)
 .text.timer_cc_enable
                0x08005a00       0x1c C:\Users\techn\AppData\Local\arduino\cores\d619366060da8adf808eb65ec74be382\core.a(timer.c.o)
 .text.timer_foreach
                0x08005a1c       0x28 C:\Users\techn\AppData\Local\arduino\cores\d619366060da8adf808eb65ec74be382\core.a(timer.c.o)
                0x08005a1c                timer_foreach
 .text.timer_init
                0x08005a44       0x14 C:\Users\techn\AppData\Local\arduino\cores\d619366060da8adf808eb65ec74be382\core.a(timer.c.o)
                0x08005a44                timer_init
 .text.timer_has_cc_channel
                0x08005a58       0x30 C:\Users\techn\AppData\Local\arduino\cores\d619366060da8adf808eb65ec74be382\core.a(timer.c.o)
                0x08005a58                timer_has_cc_channel
 .text.timer_detach_interrupt
                0x08005a88       0x1e C:\Users\techn\AppData\Local\arduino\cores\d619366060da8adf808eb65ec74be382\core.a(timer.c.o)
                0x08005a88                timer_detach_interrupt
 .text.input_capture_mode
                0x08005aa6       0x1a C:\Users\techn\AppData\Local\arduino\cores\d619366060da8adf808eb65ec74be382\core.a(timer.c.o)
                0x08005aa6                input_capture_mode
 .text.timer_set_mode
                0x08005ac0       0x8c C:\Users\techn\AppData\Local\arduino\cores\d619366060da8adf808eb65ec74be382\core.a(timer.c.o)
                0x08005ac0                timer_set_mode
 .text.__irq_tim1_brk
                0x08005b4c       0x24 C:\Users\techn\AppData\Local\arduino\cores\d619366060da8adf808eb65ec74be382\core.a(timer.c.o)
                0x08005b4c                __irq_tim1_brk
 .text.__irq_tim1_up
                0x08005b70       0x24 C:\Users\techn\AppData\Local\arduino\cores\d619366060da8adf808eb65ec74be382\core.a(timer.c.o)
                0x08005b70                __irq_tim1_up
 .text.__irq_tim1_trg_com
                0x08005b94       0x34 C:\Users\techn\AppData\Local\arduino\cores\d619366060da8adf808eb65ec74be382\core.a(timer.c.o)
                0x08005b94                __irq_tim1_trg_com
 .text.__irq_tim1_cc
                0x08005bc8       0x50 C:\Users\techn\AppData\Local\arduino\cores\d619366060da8adf808eb65ec74be382\core.a(timer.c.o)
                0x08005bc8                __irq_tim1_cc
 .text.__irq_tim2
                0x08005c18        0xc C:\Users\techn\AppData\Local\arduino\cores\d619366060da8adf808eb65ec74be382\core.a(timer.c.o)
                0x08005c18                __irq_tim2
 .text.__irq_tim3
                0x08005c24        0xc C:\Users\techn\AppData\Local\arduino\cores\d619366060da8adf808eb65ec74be382\core.a(timer.c.o)
                0x08005c24                __irq_tim3
 .text.__irq_tim4
                0x08005c30        0xc C:\Users\techn\AppData\Local\arduino\cores\d619366060da8adf808eb65ec74be382\core.a(timer.c.o)
                0x08005c30                __irq_tim4
 .text.usart_init
                0x08005c3c       0x4c C:\Users\techn\AppData\Local\arduino\cores\d619366060da8adf808eb65ec74be382\core.a(usart.c.o)
                0x08005c3c                usart_init
 .text.usart_enable
                0x08005c88       0x14 C:\Users\techn\AppData\Local\arduino\cores\d619366060da8adf808eb65ec74be382\core.a(usart.c.o)
                0x08005c88                usart_enable
 .text.usart_tx
                0x08005c9c       0x9c C:\Users\techn\AppData\Local\arduino\cores\d619366060da8adf808eb65ec74be382\core.a(usart.c.o)
                0x08005c9c                usart_tx
 .text.usart_irq
                0x08005d38       0xc8 C:\Users\techn\AppData\Local\arduino\cores\d619366060da8adf808eb65ec74be382\core.a(usart_f1.c.o)
 .text.usart_config_gpios_async
                0x08005e00       0x4a C:\Users\techn\AppData\Local\arduino\cores\d619366060da8adf808eb65ec74be382\core.a(usart_f1.c.o)
                0x08005e00                usart_config_gpios_async
 .text.usart_set_baud_rate
                0x08005e4a       0x3c C:\Users\techn\AppData\Local\arduino\cores\d619366060da8adf808eb65ec74be382\core.a(usart_f1.c.o)
                0x08005e4a                usart_set_baud_rate
 *fill*         0x08005e86        0x2 
 .text.__irq_usart1
                0x08005e88       0x18 C:\Users\techn\AppData\Local\arduino\cores\d619366060da8adf808eb65ec74be382\core.a(usart_f1.c.o)
                0x08005e88                __irq_usart1
 .text.__irq_usart2
                0x08005ea0       0x18 C:\Users\techn\AppData\Local\arduino\cores\d619366060da8adf808eb65ec74be382\core.a(usart_f1.c.o)
                0x08005ea0                __irq_usart2
 .text.__irq_usart3
                0x08005eb8       0x18 C:\Users\techn\AppData\Local\arduino\cores\d619366060da8adf808eb65ec74be382\core.a(usart_f1.c.o)
                0x08005eb8                __irq_usart3
 .text._usart_clock_freq
                0x08005ed0       0x24 C:\Users\techn\AppData\Local\arduino\cores\d619366060da8adf808eb65ec74be382\core.a(usart_private.c.o)
                0x08005ed0                _usart_clock_freq
 .text.usb_resume
                0x08005ef4       0xb4 C:\Users\techn\AppData\Local\arduino\cores\d619366060da8adf808eb65ec74be382\core.a(usb.c.o)
 .text.__irq_usb_lp_can_rx0
                0x08005fa8      0x1c8 C:\Users\techn\AppData\Local\arduino\cores\d619366060da8adf808eb65ec74be382\core.a(usb.c.o)
                0x08005fa8                __irq_usb_lp_can_rx0
 .text.usb_set_ep_rx_stat
                0x08006170       0x22 C:\Users\techn\AppData\Local\arduino\cores\d619366060da8adf808eb65ec74be382\core.a(usb_cdcacm.c.o)
 *fill*         0x08006192        0x2 
 .text.vcomGetSetLineCoding
                0x08006194       0x18 C:\Users\techn\AppData\Local\arduino\cores\d619366060da8adf808eb65ec74be382\core.a(usb_cdcacm.c.o)
 .text.usbDataSetup
                0x080061ac       0x54 C:\Users\techn\AppData\Local\arduino\cores\d619366060da8adf808eb65ec74be382\core.a(usb_cdcacm.c.o)
 .text.usbNoDataSetup
                0x08006200       0x50 C:\Users\techn\AppData\Local\arduino\cores\d619366060da8adf808eb65ec74be382\core.a(usb_cdcacm.c.o)
 .text.usbGetInterfaceSetting
                0x08006250       0x10 C:\Users\techn\AppData\Local\arduino\cores\d619366060da8adf808eb65ec74be382\core.a(usb_cdcacm.c.o)
 .text.usbGetStringDescriptor
                0x08006260       0x20 C:\Users\techn\AppData\Local\arduino\cores\d619366060da8adf808eb65ec74be382\core.a(usb_cdcacm.c.o)
 .text.usbGetConfigDescriptor
                0x08006280        0xc C:\Users\techn\AppData\Local\arduino\cores\d619366060da8adf808eb65ec74be382\core.a(usb_cdcacm.c.o)
 .text.usbGetDeviceDescriptor
                0x0800628c        0xc C:\Users\techn\AppData\Local\arduino\cores\d619366060da8adf808eb65ec74be382\core.a(usb_cdcacm.c.o)
 .text.usbInit  0x08006298       0x44 C:\Users\techn\AppData\Local\arduino\cores\d619366060da8adf808eb65ec74be382\core.a(usb_cdcacm.c.o)
 .text.usbReset
                0x080062dc      0x160 C:\Users\techn\AppData\Local\arduino\cores\d619366060da8adf808eb65ec74be382\core.a(usb_cdcacm.c.o)
 .text.usb_set_ep_rx_count
                0x0800643c       0x4c C:\Users\techn\AppData\Local\arduino\cores\d619366060da8adf808eb65ec74be382\core.a(usb_reg_map.c.o)
                0x0800643c                usb_set_ep_rx_count
 .text.Standard_GetConfiguration
                0x08006488       0x24 C:\Users\techn\AppData\Local\arduino\cores\d619366060da8adf808eb65ec74be382\core.a(usb_core.c.o)
                0x08006488                Standard_GetConfiguration
 .text.Standard_GetInterface
                0x080064ac       0x24 C:\Users\techn\AppData\Local\arduino\cores\d619366060da8adf808eb65ec74be382\core.a(usb_core.c.o)
                0x080064ac                Standard_GetInterface
 .text.Standard_GetStatus
                0x080064d0       0x90 C:\Users\techn\AppData\Local\arduino\cores\d619366060da8adf808eb65ec74be382\core.a(usb_core.c.o)
                0x080064d0                Standard_GetStatus
 .text.DataStageIn
                0x08006560       0xa8 C:\Users\techn\AppData\Local\arduino\cores\d619366060da8adf808eb65ec74be382\core.a(usb_core.c.o)
 .text.Standard_SetConfiguration
                0x08006608       0x38 C:\Users\techn\AppData\Local\arduino\cores\d619366060da8adf808eb65ec74be382\core.a(usb_core.c.o)
                0x08006608                Standard_SetConfiguration
 .text.Standard_SetInterface
                0x08006640       0x48 C:\Users\techn\AppData\Local\arduino\cores\d619366060da8adf808eb65ec74be382\core.a(usb_core.c.o)
                0x08006640                Standard_SetInterface
 .text.Standard_ClearFeature
                0x08006688       0xd0 C:\Users\techn\AppData\Local\arduino\cores\d619366060da8adf808eb65ec74be382\core.a(usb_core.c.o)
                0x08006688                Standard_ClearFeature
 .text.Standard_SetEndPointFeature
                0x08006758       0x84 C:\Users\techn\AppData\Local\arduino\cores\d619366060da8adf808eb65ec74be382\core.a(usb_core.c.o)
                0x08006758                Standard_SetEndPointFeature
 .text.Standard_SetDeviceFeature
                0x080067dc       0x24 C:\Users\techn\AppData\Local\arduino\cores\d619366060da8adf808eb65ec74be382\core.a(usb_core.c.o)
                0x080067dc                Standard_SetDeviceFeature
 .text.Standard_GetDescriptorData
                0x08006800       0x1c C:\Users\techn\AppData\Local\arduino\cores\d619366060da8adf808eb65ec74be382\core.a(usb_core.c.o)
                0x08006800                Standard_GetDescriptorData
 .text.Post0_Process
                0x0800681c       0x40 C:\Users\techn\AppData\Local\arduino\cores\d619366060da8adf808eb65ec74be382\core.a(usb_core.c.o)
                0x0800681c                Post0_Process
 .text.Setup0_Process
                0x0800685c      0x2d0 C:\Users\techn\AppData\Local\arduino\cores\d619366060da8adf808eb65ec74be382\core.a(usb_core.c.o)
                0x0800685c                Setup0_Process
 .text.Out0_Process
                0x08006b2c       0xc8 C:\Users\techn\AppData\Local\arduino\cores\d619366060da8adf808eb65ec74be382\core.a(usb_core.c.o)
                0x08006b2c                Out0_Process
 .text.SetDeviceAddress
                0x08006bf4       0x38 C:\Users\techn\AppData\Local\arduino\cores\d619366060da8adf808eb65ec74be382\core.a(usb_core.c.o)
                0x08006bf4                SetDeviceAddress
 .text.In0_Process
                0x08006c2c       0x5c C:\Users\techn\AppData\Local\arduino\cores\d619366060da8adf808eb65ec74be382\core.a(usb_core.c.o)
                0x08006c2c                In0_Process
 .text.NOP_Process
                0x08006c88        0x2 C:\Users\techn\AppData\Local\arduino\cores\d619366060da8adf808eb65ec74be382\core.a(usb_core.c.o)
                0x08006c88                NOP_Process
 .text.UserToPMABufferCopy
                0x08006c8a       0x30 C:\Users\techn\AppData\Local\arduino\cores\d619366060da8adf808eb65ec74be382\core.a(usb_mem.c.o)
                0x08006c8a                UserToPMABufferCopy
 .text.PMAToUserBufferCopy
                0x08006cba       0x32 C:\Users\techn\AppData\Local\arduino\cores\d619366060da8adf808eb65ec74be382\core.a(usb_mem.c.o)
                0x08006cba                PMAToUserBufferCopy
 .text.SetEPTxStatus
                0x08006cec       0x2a C:\Users\techn\AppData\Local\arduino\cores\d619366060da8adf808eb65ec74be382\core.a(usb_regs.c.o)
                0x08006cec                SetEPTxStatus
 .text.ClearDTOG_RX
                0x08006d16       0x20 C:\Users\techn\AppData\Local\arduino\cores\d619366060da8adf808eb65ec74be382\core.a(usb_regs.c.o)
                0x08006d16                ClearDTOG_RX
 .text.ClearDTOG_TX
                0x08006d36       0x20 C:\Users\techn\AppData\Local\arduino\cores\d619366060da8adf808eb65ec74be382\core.a(usb_regs.c.o)
                0x08006d36                ClearDTOG_TX
 *fill*         0x08006d56        0x2 
 .text.GetEPTxAddr
                0x08006d58       0x1c C:\Users\techn\AppData\Local\arduino\cores\d619366060da8adf808eb65ec74be382\core.a(usb_regs.c.o)
                0x08006d58                GetEPTxAddr
 .text.GetEPRxAddr
                0x08006d74       0x1c C:\Users\techn\AppData\Local\arduino\cores\d619366060da8adf808eb65ec74be382\core.a(usb_regs.c.o)
                0x08006d74                GetEPRxAddr
 .text.SetEPTxCount
                0x08006d90       0x1c C:\Users\techn\AppData\Local\arduino\cores\d619366060da8adf808eb65ec74be382\core.a(usb_regs.c.o)
                0x08006d90                SetEPTxCount
 .text.SetEPRxCount
                0x08006dac       0x40 C:\Users\techn\AppData\Local\arduino\cores\d619366060da8adf808eb65ec74be382\core.a(usb_regs.c.o)
                0x08006dac                SetEPRxCount
 .text.throb    0x08006dec       0x4c C:\Users\techn\AppData\Local\arduino\cores\d619366060da8adf808eb65ec74be382\core.a(util.c.o)
                0x08006dec                throb
 .text.__error  0x08006e38       0x14 C:\Users\techn\AppData\Local\arduino\cores\d619366060da8adf808eb65ec74be382\core.a(util.c.o)
                0x08006e38                __error
 .text.startup._Z7premainv
                0x08006e4c        0x4 C:\Users\techn\AppData\Local\arduino\cores\d619366060da8adf808eb65ec74be382\core.a(main.cpp.o)
                0x08006e4c                premain()
 .text.startup.main
                0x08006e50        0xc C:\Users\techn\AppData\Local\arduino\cores\d619366060da8adf808eb65ec74be382\core.a(main.cpp.o)
                0x08006e50                main
 .text._Znaj    0x08006e5c        0x4 C:\Users\techn\AppData\Local\arduino\cores\d619366060da8adf808eb65ec74be382\core.a(new.cpp.o)
                0x08006e5c                operator new[](unsigned int)
 .text._Z7pinModeh13WiringPinMode
                0x08006e60       0x84 C:\Users\techn\AppData\Local\arduino\cores\d619366060da8adf808eb65ec74be382\core.a(wirish_digital_f1.cpp.o)
                0x08006e60                pinMode(unsigned char, WiringPinMode)
 .text._Z11digitalReadh
                0x08006ee4       0x2c C:\Users\techn\AppData\Local\arduino\cores\d619366060da8adf808eb65ec74be382\core.a(wirish_digital.cpp.o)
                0x08006ee4                digitalRead(unsigned char)
 .text._Z12digitalWritehh
                0x08006f10       0x2c C:\Users\techn\AppData\Local\arduino\cores\d619366060da8adf808eb65ec74be382\core.a(wirish_digital.cpp.o)
                0x08006f10                digitalWrite(unsigned char, unsigned char)
 .text._Z6randoml
                0x08006f3c       0x16 C:\Users\techn\AppData\Local\arduino\cores\d619366060da8adf808eb65ec74be382\core.a(wirish_math.cpp.o)
                0x08006f3c                random(long)
 .text._Z6randomll
                0x08006f52       0x14 C:\Users\techn\AppData\Local\arduino\cores\d619366060da8adf808eb65ec74be382\core.a(wirish_math.cpp.o)
                0x08006f52                random(long, long)
 .text.delayMicroseconds
                0x08006f66       0x10 C:\Users\techn\AppData\Local\arduino\cores\d619366060da8adf808eb65ec74be382\core.a(wirish_time.cpp.o)
                0x08006f66                delayMicroseconds
 .text.gpio_init
                0x08006f76       0x14 C:\Users\techn\AppData\Local\arduino\cores\d619366060da8adf808eb65ec74be382\core.a(gpio.c.o)
                0x08006f76                gpio_init
 .text.i2c_disable_irq
                0x08006f8a        0xc C:\Users\techn\AppData\Local\arduino\cores\d619366060da8adf808eb65ec74be382\core.a(i2c.c.o)
 *fill*         0x08006f96        0x2 
 .text._i2c_irq_handler
                0x08006f98      0x3d8 C:\Users\techn\AppData\Local\arduino\cores\d619366060da8adf808eb65ec74be382\core.a(i2c.c.o)
                0x08006f98                _i2c_irq_handler
 .text._i2c_irq_error_handler
                0x08007370       0x74 C:\Users\techn\AppData\Local\arduino\cores\d619366060da8adf808eb65ec74be382\core.a(i2c.c.o)
                0x08007370                _i2c_irq_error_handler
 *fill*         0x080073e4        0x4 
 .text.floor    0x080073e8      0x120 c:/users/techn/appdata/local/arduino15/packages/arduino/tools/arm-none-eabi-gcc/4.8.3-2014q1/bin/../lib/gcc/arm-none-eabi/4.8.3/../../../../arm-none-eabi/lib/armv7-m\libm.a(lib_a-s_floor.o)
                0x080073e8                floor
 .text          0x08007508      0x370 c:/users/techn/appdata/local/arduino15/packages/arduino/tools/arm-none-eabi-gcc/4.8.3-2014q1/bin/../lib/gcc/arm-none-eabi/4.8.3/armv7-m\libgcc.a(_arm_addsubdf3.o)
                0x08007508                __aeabi_drsub
                0x08007510                __aeabi_dsub
                0x08007510                __subdf3
                0x08007514                __aeabi_dadd
                0x08007514                __adddf3
                0x0800778c                __floatunsidf
                0x0800778c                __aeabi_ui2d
                0x080077ac                __floatsidf
                0x080077ac                __aeabi_i2d
                0x080077d0                __aeabi_f2d
                0x080077d0                __extendsfdf2
                0x0800780c                __floatundidf
                0x0800780c                __aeabi_ul2d
                0x0800781c                __floatdidf
                0x0800781c                __aeabi_l2d
 .text          0x08007878      0x424 c:/users/techn/appdata/local/arduino15/packages/arduino/tools/arm-none-eabi-gcc/4.8.3-2014q1/bin/../lib/gcc/arm-none-eabi/4.8.3/armv7-m\libgcc.a(_arm_muldivdf3.o)
                0x08007878                __aeabi_dmul
                0x08007878                __muldf3
                0x08007acc                __divdf3
                0x08007acc                __aeabi_ddiv
 .text          0x08007c9c      0x110 c:/users/techn/appdata/local/arduino15/packages/arduino/tools/arm-none-eabi-gcc/4.8.3-2014q1/bin/../lib/gcc/arm-none-eabi/4.8.3/armv7-m\libgcc.a(_arm_cmpdf2.o)
                0x08007c9c                __gtdf2
                0x08007c9c                __gedf2
                0x08007ca4                __ltdf2
                0x08007ca4                __ledf2
                0x08007cac                __nedf2
                0x08007cac                __eqdf2
                0x08007cac                __cmpdf2
                0x08007d28                __aeabi_cdrcmple
                0x08007d38                __aeabi_cdcmpeq
                0x08007d38                __aeabi_cdcmple
                0x08007d48                __aeabi_dcmpeq
                0x08007d5c                __aeabi_dcmplt
                0x08007d70                __aeabi_dcmple
                0x08007d84                __aeabi_dcmpge
                0x08007d98                __aeabi_dcmpgt
 .text          0x08007dac       0x40 c:/users/techn/appdata/local/arduino15/packages/arduino/tools/arm-none-eabi-gcc/4.8.3-2014q1/bin/../lib/gcc/arm-none-eabi/4.8.3/armv7-m\libgcc.a(_arm_fixunsdfsi.o)
                0x08007dac                __aeabi_d2uiz
                0x08007dac                __fixunsdfsi